Archive member included to satisfy reference by file (symbol)

d:/software/cubeide/stm32cubeide_1.8.0/stm32cubeide/plugins/com.st.stm32cube.ide.mcu.externaltools.gnu-tools-for-stm32.10.3-2021.10.win32_1.0.0.202111181127/tools/bin/../lib/gcc/arm-none-eabi/10.3.1/../../../../arm-none-eabi/lib/thumb/v7-m/nofp\libc_nano.a(lib_a-errno.o)
                              ./Core/Src/syscalls.o (__errno)
d:/software/cubeide/stm32cubeide_1.8.0/stm32cubeide/plugins/com.st.stm32cube.ide.mcu.externaltools.gnu-tools-for-stm32.10.3-2021.10.win32_1.0.0.202111181127/tools/bin/../lib/gcc/arm-none-eabi/10.3.1/../../../../arm-none-eabi/lib/thumb/v7-m/nofp\libc_nano.a(lib_a-exit.o)
                              d:/software/cubeide/stm32cubeide_1.8.0/stm32cubeide/plugins/com.st.stm32cube.ide.mcu.externaltools.gnu-tools-for-stm32.10.3-2021.10.win32_1.0.0.202111181127/tools/bin/../lib/gcc/arm-none-eabi/10.3.1/../../../../arm-none-eabi/lib/thumb/v7-m/nofp/crt0.o (exit)
d:/software/cubeide/stm32cubeide_1.8.0/stm32cubeide/plugins/com.st.stm32cube.ide.mcu.externaltools.gnu-tools-for-stm32.10.3-2021.10.win32_1.0.0.202111181127/tools/bin/../lib/gcc/arm-none-eabi/10.3.1/../../../../arm-none-eabi/lib/thumb/v7-m/nofp\libc_nano.a(lib_a-impure.o)
                              d:/software/cubeide/stm32cubeide_1.8.0/stm32cubeide/plugins/com.st.stm32cube.ide.mcu.externaltools.gnu-tools-for-stm32.10.3-2021.10.win32_1.0.0.202111181127/tools/bin/../lib/gcc/arm-none-eabi/10.3.1/../../../../arm-none-eabi/lib/thumb/v7-m/nofp\libc_nano.a(lib_a-exit.o) (_global_impure_ptr)
d:/software/cubeide/stm32cubeide_1.8.0/stm32cubeide/plugins/com.st.stm32cube.ide.mcu.externaltools.gnu-tools-for-stm32.10.3-2021.10.win32_1.0.0.202111181127/tools/bin/../lib/gcc/arm-none-eabi/10.3.1/../../../../arm-none-eabi/lib/thumb/v7-m/nofp\libc_nano.a(lib_a-init.o)
                              d:/software/cubeide/stm32cubeide_1.8.0/stm32cubeide/plugins/com.st.stm32cube.ide.mcu.externaltools.gnu-tools-for-stm32.10.3-2021.10.win32_1.0.0.202111181127/tools/bin/../lib/gcc/arm-none-eabi/10.3.1/../../../../arm-none-eabi/lib/thumb/v7-m/nofp/crt0.o (__libc_init_array)
d:/software/cubeide/stm32cubeide_1.8.0/stm32cubeide/plugins/com.st.stm32cube.ide.mcu.externaltools.gnu-tools-for-stm32.10.3-2021.10.win32_1.0.0.202111181127/tools/bin/../lib/gcc/arm-none-eabi/10.3.1/../../../../arm-none-eabi/lib/thumb/v7-m/nofp\libc_nano.a(lib_a-memset.o)
                              d:/software/cubeide/stm32cubeide_1.8.0/stm32cubeide/plugins/com.st.stm32cube.ide.mcu.externaltools.gnu-tools-for-stm32.10.3-2021.10.win32_1.0.0.202111181127/tools/bin/../lib/gcc/arm-none-eabi/10.3.1/../../../../arm-none-eabi/lib/thumb/v7-m/nofp/crt0.o (memset)
d:/software/cubeide/stm32cubeide_1.8.0/stm32cubeide/plugins/com.st.stm32cube.ide.mcu.externaltools.gnu-tools-for-stm32.10.3-2021.10.win32_1.0.0.202111181127/tools/bin/../lib/gcc/arm-none-eabi/10.3.1/../../../../arm-none-eabi/lib/thumb/v7-m/nofp\libc_nano.a(lib_a-nano-vfprintf_float.o)
                              (_printf_float)
d:/software/cubeide/stm32cubeide_1.8.0/stm32cubeide/plugins/com.st.stm32cube.ide.mcu.externaltools.gnu-tools-for-stm32.10.3-2021.10.win32_1.0.0.202111181127/tools/bin/../lib/gcc/arm-none-eabi/10.3.1/../../../../arm-none-eabi/lib/thumb/v7-m/nofp\libc_nano.a(lib_a-nano-vfprintf_i.o)
                              d:/software/cubeide/stm32cubeide_1.8.0/stm32cubeide/plugins/com.st.stm32cube.ide.mcu.externaltools.gnu-tools-for-stm32.10.3-2021.10.win32_1.0.0.202111181127/tools/bin/../lib/gcc/arm-none-eabi/10.3.1/../../../../arm-none-eabi/lib/thumb/v7-m/nofp\libc_nano.a(lib_a-nano-vfprintf_float.o) (_printf_common)
d:/software/cubeide/stm32cubeide_1.8.0/stm32cubeide/plugins/com.st.stm32cube.ide.mcu.externaltools.gnu-tools-for-stm32.10.3-2021.10.win32_1.0.0.202111181127/tools/bin/../lib/gcc/arm-none-eabi/10.3.1/../../../../arm-none-eabi/lib/thumb/v7-m/nofp\libc_nano.a(lib_a-snprintf.o)
                              ./Lib/Debug/debug.o (snprintf)
d:/software/cubeide/stm32cubeide_1.8.0/stm32cubeide/plugins/com.st.stm32cube.ide.mcu.externaltools.gnu-tools-for-stm32.10.3-2021.10.win32_1.0.0.202111181127/tools/bin/../lib/gcc/arm-none-eabi/10.3.1/../../../../arm-none-eabi/lib/thumb/v7-m/nofp\libc_nano.a(lib_a-sprintf.o)
                              ./Core/Src/main.o (sprintf)
d:/software/cubeide/stm32cubeide_1.8.0/stm32cubeide/plugins/com.st.stm32cube.ide.mcu.externaltools.gnu-tools-for-stm32.10.3-2021.10.win32_1.0.0.202111181127/tools/bin/../lib/gcc/arm-none-eabi/10.3.1/../../../../arm-none-eabi/lib/thumb/v7-m/nofp\libc_nano.a(lib_a-strcat.o)
                              ./Core/Src/main.o (strcat)
d:/software/cubeide/stm32cubeide_1.8.0/stm32cubeide/plugins/com.st.stm32cube.ide.mcu.externaltools.gnu-tools-for-stm32.10.3-2021.10.win32_1.0.0.202111181127/tools/bin/../lib/gcc/arm-none-eabi/10.3.1/../../../../arm-none-eabi/lib/thumb/v7-m/nofp\libc_nano.a(lib_a-strlen.o)
                              ./Lib/Debug/debug.o (strlen)
[...]
Memory Configuration

Name             Origin             Length             Attributes
RAM              0x0000000020000000 0x0000000000005000 xrw
FLASH            0x0000000008000000 0x0000000000010000 xr
*default*        0x0000000000000000 0xffffffffffffffff

Linker script and memory map

LOAD d:/software/cubeide/stm32cubeide_1.8.0/stm32cubeide/plugins/com.st.stm32cube.ide.mcu.externaltools.gnu-tools-for-stm32.10.3-2021.10.win32_1.0.0.202111181127/tools/bin/../lib/gcc/arm-none-eabi/10.3.1/thumb/v7-m/nofp/crti.o
LOAD d:/software/cubeide/stm32cubeide_1.8.0/stm32cubeide/plugins/com.st.stm32cube.ide.mcu.externaltools.gnu-tools-for-stm32.10.3-2021.10.win32_1.0.0.202111181127/tools/bin/../lib/gcc/arm-none-eabi/10.3.1/thumb/v7-m/nofp/crtbegin.o
LOAD d:/software/cubeide/stm32cubeide_1.8.0/stm32cubeide/plugins/com.st.stm32cube.ide.mcu.externaltools.gnu-tools-for-stm32.10.3-2021.10.win32_1.0.0.202111181127/tools/bin/../lib/gcc/arm-none-eabi/10.3.1/../../../../arm-none-eabi/lib/thumb/v7-m/nofp/crt0.o
LOAD ./Core/Src/main.o
LOAD ./Core/Src/stm32f1xx_hal_msp.o
LOAD ./Core/Src/stm32f1xx_it.o
LOAD ./Core/Src/syscalls.o
LOAD ./Core/Src/sysmem.o
LOAD ./Core/Src/system_stm32f1xx.o
LOAD ./Core/Startup/startup_stm32f103c8tx.o
LOAD ./Drivers/SPIRIT1/SPIRIT1_Library/Src/SPIRIT_Aes.o
LOAD ./Drivers/SPIRIT1/SPIRIT1_Library/Src/SPIRIT_Calibration.o
LOAD ./Drivers/SPIRIT1/SPIRIT1_Library/Src/SPIRIT_Commands.o
LOAD ./Drivers/SPIRIT1/SPIRIT1_Library/Src/SPIRIT_Csma.o
LOAD ./Drivers/SPIRIT1/SPIRIT1_Library/Src/SPIRIT_DirectRF.o
LOAD ./Drivers/SPIRIT1/SPIRIT1_Library/Src/SPIRIT_General.o
LOAD ./Drivers/SPIRIT1/SPIRIT1_Library/Src/SPIRIT_Gpio.o
LOAD ./Drivers/SPIRIT1/SPIRIT1_Library/Src/SPIRIT_Irq.o
LOAD ./Drivers/SPIRIT1/SPIRIT1_Library/Src/SPIRIT_LinearFifo.o
LOAD ./Drivers/SPIRIT1/SPIRIT1_Library/Src/SPIRIT_Management.o
LOAD ./Drivers/SPIRIT1/SPIRIT1_Library/Src/SPIRIT_PktBasic.o
LOAD ./Drivers/SPIRIT1/SPIRIT1_Library/Src/SPIRIT_PktCommon.o
LOAD ./Drivers/SPIRIT1/SPIRIT1_Library/Src/SPIRIT_PktMbus.o
LOAD ./Drivers/SPIRIT1/SPIRIT1_Library/Src/SPIRIT_PktStack.o
LOAD ./Drivers/SPIRIT1/SPIRIT1_Library/Src/SPIRIT_Qi.o
LOAD ./Drivers/SPIRIT1/SPIRIT1_Library/Src/SPIRIT_Radio.o
LOAD ./Drivers/SPIRIT1/SPIRIT1_Library/Src/SPIRIT_Timer.o
LOAD ./Drivers/SPIRIT1/SPIRIT1_Library/Src/SPIRIT_Types.o
LOAD ./Drivers/SPIRIT1/SPIRIT1_Library/radio_target.o
LOAD ./Drivers/STM32F1xx_HAL_Driver/Src/stm32f1xx_hal.o
LOAD ./Drivers/STM32F1xx_HAL_Driver/Src/stm32f1xx_hal_cortex.o
LOAD ./Drivers/STM32F1xx_HAL_Driver/Src/stm32f1xx_hal_dma.o
LOAD ./Drivers/STM32F1xx_HAL_Driver/Src/stm32f1xx_hal_exti.o
LOAD ./Drivers/STM32F1xx_HAL_Driver/Src/stm32f1xx_hal_flash.o
LOAD ./Drivers/STM32F1xx_HAL_Driver/Src/stm32f1xx_hal_flash_ex.o
LOAD ./Drivers/STM32F1xx_HAL_Driver/Src/stm32f1xx_hal_gpio.o
LOAD ./Drivers/STM32F1xx_HAL_Driver/Src/stm32f1xx_hal_gpio_ex.o
LOAD ./Drivers/STM32F1xx_HAL_Driver/Src/stm32f1xx_hal_pwr.o
LOAD ./Drivers/STM32F1xx_HAL_Driver/Src/stm32f1xx_hal_rcc.o
LOAD ./Drivers/STM32F1xx_HAL_Driver/Src/stm32f1xx_hal_rcc_ex.o
LOAD ./Drivers/STM32F1xx_HAL_Driver/Src/stm32f1xx_hal_spi.o
LOAD ./Drivers/STM32F1xx_HAL_Driver/Src/stm32f1xx_hal_tim.o
LOAD ./Drivers/STM32F1xx_HAL_Driver/Src/stm32f1xx_hal_tim_ex.o
LOAD ./Drivers/STM32F1xx_HAL_Driver/Src/stm32f1xx_hal_uart.o
LOAD ./Lib/Cbm/config.o
LOAD ./Lib/Comm/comm.o
LOAD ./Lib/Debug/debug.o
LOAD ./Lib/SPSGRF/SPSGRF.o
START GROUP
LOAD d:/software/cubeide/stm32cubeide_1.8.0/stm32cubeide/plugins/com.st.stm32cube.ide.mcu.externaltools.gnu-tools-for-stm32.10.3-2021.10.win32_1.0.0.202111181127/tools/bin/../lib/gcc/arm-none-eabi/10.3.1/../../../../arm-none-eabi/lib/thumb/v7-m/nofp\libc_nano.a
LOAD d:/software/cubeide/stm32cubeide_1.8.0/stm32cubeide/plugins/com.st.stm32cube.ide.mcu.externaltools.gnu-tools-for-stm32.10.3-2021.10.win32_1.0.0.202111181127/tools/bin/../lib/gcc/arm-none-eabi/10.3.1/../../../../arm-none-eabi/lib/thumb/v7-m/nofp\libm.a
END GROUP
START GROUP
LOAD d:/software/cubeide/stm32cubeide_1.8.0/stm32cubeide/plugins/com.st.stm32cube.ide.mcu.externaltools.gnu-tools-for-stm32.10.3-2021.10.win32_1.0.0.202111181127/tools/bin/../lib/gcc/arm-none-eabi/10.3.1/thumb/v7-m/nofp\libgcc.a
LOAD d:/software/cubeide/stm32cubeide_1.8.0/stm32cubeide/plugins/com.st.stm32cube.ide.mcu.externaltools.gnu-tools-for-stm32.10.3-2021.10.win32_1.0.0.202111181127/tools/bin/../lib/gcc/arm-none-eabi/10.3.1/../../../../arm-none-eabi/lib/thumb/v7-m/nofp\libc_nano.a
END GROUP
START GROUP
LOAD d:/software/cubeide/stm32cubeide_1.8.0/stm32cubeide/plugins/com.st.stm32cube.ide.mcu.externaltools.gnu-tools-for-stm32.10.3-2021.10.win32_1.0.0.202111181127/tools/bin/../lib/gcc/arm-none-eabi/10.3.1/thumb/v7-m/nofp\libgcc.a
LOAD d:/software/cubeide/stm32cubeide_1.8.0/stm32cubeide/plugins/com.st.stm32cube.ide.mcu.externaltools.gnu-tools-for-stm32.10.3-2021.10.win32_1.0.0.202111181127/tools/bin/../lib/gcc/arm-none-eabi/10.3.1/../../../../arm-none-eabi/lib/thumb/v7-m/nofp\libc_nano.a
LOAD d:/software/cubeide/stm32cubeide_1.8.0/stm32cubeide/plugins/com.st.stm32cube.ide.mcu.externaltools.gnu-tools-for-stm32.10.3-2021.10.win32_1.0.0.202111181127/tools/bin/../lib/gcc/arm-none-eabi/10.3.1/../../../../arm-none-eabi/lib/thumb/v7-m/nofp\libnosys.a
END GROUP
START GROUP
LOAD d:/software/cubeide/stm32cubeide_1.8.0/stm32cubeide/plugins/com.st.stm32cube.ide.mcu.externaltools.gnu-tools-for-stm32.10.3-2021.10.win32_1.0.0.202111181127/tools/bin/../lib/gcc/arm-none-eabi/10.3.1/thumb/v7-m/nofp\libgcc.a
LOAD d:/software/cubeide/stm32cubeide_1.8.0/stm32cubeide/plugins/com.st.stm32cube.ide.mcu.externaltools.gnu-tools-for-stm32.10.3-2021.10.win32_1.0.0.202111181127/tools/bin/../lib/gcc/arm-none-eabi/10.3.1/../../../../arm-none-eabi/lib/thumb/v7-m/nofp\libc_nano.a
LOAD d:/software/cubeide/stm32cubeide_1.8.0/stm32cubeide/plugins/com.st.stm32cube.ide.mcu.externaltools.gnu-tools-for-stm32.10.3-2021.10.win32_1.0.0.202111181127/tools/bin/../lib/gcc/arm-none-eabi/10.3.1/../../../../arm-none-eabi/lib/thumb/v7-m/nofp\libnosys.a
END GROUP
LOAD d:/software/cubeide/stm32cubeide_1.8.0/stm32cubeide/plugins/com.st.stm32cube.ide.mcu.externaltools.gnu-tools-for-stm32.10.3-2021.10.win32_1.0.0.202111181127/tools/bin/../lib/gcc/arm-none-eabi/10.3.1/thumb/v7-m/nofp/crtend.o
LOAD d:/software/cubeide/stm32cubeide_1.8.0/stm32cubeide/plugins/com.st.stm32cube.ide.mcu.externaltools.gnu-tools-for-stm32.10.3-2021.10.win32_1.0.0.202111181127/tools/bin/../lib/gcc/arm-none-eabi/10.3.1/thumb/v7-m/nofp/crtn.o
                0x0000000020005000                _estack = (ORIGIN (RAM) + LENGTH (RAM))
                0x0000000000000200                _Min_Heap_Size = 0x200
                0x0000000000000400                _Min_Stack_Size = 0x400

.isr_vector     0x0000000008000000      0x10c
                0x0000000008000000                . = ALIGN (0x4)
 *(.isr_vector)
 .isr_vector    0x0000000008000000      0x10c ./Core/Startup/startup_stm32f103c8tx.o
                0x0000000008000000                g_pfnVectors
                0x000000000800010c                . = ALIGN (0x4)

.text           0x0000000008000110     0x9d08
                0x0000000008000110                . = ALIGN (0x4)
 *(.text)
 .text          0x0000000008000110       0x40 d:/software/cubeide/stm32cubeide_1.8.0/stm32cubeide/plugins/com.st.stm32cube.ide.mcu.externaltools.gnu-tools-for-stm32.10.3-2021.10.win32_1.0.0.202111181127/tools/bin/../lib/gcc/arm-none-eabi/10.3.1/thumb/v7-m/nofp/crtbegin.o
 .text          0x0000000008000150       0x10 d:/software/cubeide/stm32cubeide_1.8.0/stm32cubeide/plugins/com.st.stm32cube.ide.mcu.externaltools.gnu-tools-for-stm32.10.3-2021.10.win32_1.0.0.202111181127/tools/bin/../lib/gcc/arm-none-eabi/10.3.1/../../../../arm-none-eabi/lib/thumb/v7-m/nofp\libc_nano.a(lib_a-strlen.o)
                0x0000000008000150                strlen
 .text          0x0000000008000160      0x378 d:/software/cubeide/stm32cubeide_1.8.0/stm32cubeide/plugins/com.st.stm32cube.ide.mcu.externaltools.gnu-tools-for-stm32.10.3-2021.10.win32_1.0.0.202111181127/tools/bin/../lib/gcc/arm-none-eabi/10.3.1/thumb/v7-m/nofp\libgcc.a(_arm_addsubdf3.o)
                0x0000000008000160                __aeabi_drsub
                0x0000000008000168                __aeabi_dsub
                0x0000000008000168                __subdf3
                0x000000000800016c                __aeabi_dadd
                0x000000000800016c                __adddf3
                0x00000000080003e4                __floatunsidf
                0x00000000080003e4                __aeabi_ui2d
                0x0000000008000404                __floatsidf
                0x0000000008000404                __aeabi_i2d
                0x0000000008000428                __aeabi_f2d
                0x0000000008000428                __extendsfdf2
                0x000000000800046c                __floatundidf
                0x000000000800046c                __aeabi_ul2d
                0x000000000800047c                __floatdidf
                0x000000000800047c                __aeabi_l2d
 .text          0x00000000080004d8      0x424 d:/software/cubeide/stm32cubeide_1.8.0/stm32cubeide/plugins/com.st.stm32cube.ide.mcu.externaltools.gnu-tools-for-stm32.10.3-2021.10.win32_1.0.0.202111181127/tools/bin/../lib/gcc/arm-none-eabi/10.3.1/thumb/v7-m/nofp\libgcc.a(_arm_muldivdf3.o)
                0x00000000080004d8                __aeabi_dmul
                0x00000000080004d8                __muldf3
                0x000000000800072c                __divdf3
                0x000000000800072c                __aeabi_ddiv
 .text          0x00000000080008fc      0x110 d:/software/cubeide/stm32cubeide_1.8.0/stm32cubeide/plugins/com.st.stm32cube.ide.mcu.externaltools.gnu-tools-for-stm32.10.3-2021.10.win32_1.0.0.202111181127/tools/bin/../lib/gcc/arm-none-eabi/10.3.1/thumb/v7-m/nofp\libgcc.a(_arm_cmpdf2.o)
                0x00000000080008fc                __gtdf2
                0x00000000080008fc                __gedf2
                0x0000000008000904                __ltdf2
                0x0000000008000904                __ledf2
                0x000000000800090c                __nedf2
                0x000000000800090c                __eqdf2
                0x000000000800090c                __cmpdf2
                0x0000000008000988                __aeabi_cdrcmple
                0x0000000008000998                __aeabi_cdcmpeq
                0x0000000008000998                __aeabi_cdcmple
                0x00000000080009a8                __aeabi_dcmpeq
                0x00000000080009bc                __aeabi_dcmplt
                0x00000000080009d0                __aeabi_dcmple
                0x00000000080009e4                __aeabi_dcmpge
                0x00000000080009f8                __aeabi_dcmpgt
 .text          0x0000000008000a0c       0x2c d:/software/cubeide/stm32cubeide_1.8.0/stm32cubeide/plugins/com.st.stm32cube.ide.mcu.externaltools.gnu-tools-for-stm32.10.3-2021.10.win32_1.0.0.202111181127/tools/bin/../lib/gcc/arm-none-eabi/10.3.1/thumb/v7-m/nofp\libgcc.a(_arm_unorddf2.o)
                0x0000000008000a0c                __unorddf2
                0x0000000008000a0c                __aeabi_dcmpun
 .text          0x0000000008000a38       0x50 d:/software/cubeide/stm32cubeide_1.8.0/stm32cubeide/plugins/com.st.stm32cube.ide.mcu.externaltools.gnu-tools-for-stm32.10.3-2021.10.win32_1.0.0.202111181127/tools/bin/../lib/gcc/arm-none-eabi/10.3.1/thumb/v7-m/nofp\libgcc.a(_arm_fixdfsi.o)
                0x0000000008000a38                __aeabi_d2iz
                0x0000000008000a38                __fixdfsi
 .text          0x0000000008000a88       0x40 d:/software/cubeide/stm32cubeide_1.8.0/stm32cubeide/plugins/com.st.stm32cube.ide.mcu.externaltools.gnu-tools-for-stm32.10.3-2021.10.win32_1.0.0.202111181127/tools/bin/../lib/gcc/arm-none-eabi/10.3.1/thumb/v7-m/nofp\libgcc.a(_arm_fixunsdfsi.o)
                0x0000000008000a88                __aeabi_d2uiz
                0x0000000008000a88                __fixunsdfsi
 .text          0x0000000008000ac8      0x21c d:/software/cubeide/stm32cubeide_1.8.0/stm32cubeide/plugins/com.st.stm32cube.ide.mcu.externaltools.gnu-tools-for-stm32.10.3-2021.10.win32_1.0.0.202111181127/tools/bin/../lib/gcc/arm-none-eabi/10.3.1/thumb/v7-m/nofp\libgcc.a(_arm_addsubsf3.o)
                0x0000000008000ac8                __aeabi_frsub
                0x0000000008000ad0                __subsf3
                0x0000000008000ad0                __aeabi_fsub
                0x0000000008000ad4                __aeabi_fadd
                0x0000000008000ad4                __addsf3
                0x0000000008000c34                __aeabi_ui2f
                0x0000000008000c34                __floatunsisf
                0x0000000008000c3c                __aeabi_i2f
                0x0000000008000c3c                __floatsisf
                0x0000000008000c58                __aeabi_ul2f
                0x0000000008000c58                __floatundisf
                0x0000000008000c68                __aeabi_l2f
                0x0000000008000c68                __floatdisf
 .text          0x0000000008000ce4      0x2a0 d:/software/cubeide/stm32cubeide_1.8.0/stm32cubeide/plugins/com.st.stm32cube.ide.mcu.externaltools.gnu-tools-for-stm32.10.3-2021.10.win32_1.0.0.202111181127/tools/bin/../lib/gcc/arm-none-eabi/10.3.1/thumb/v7-m/nofp\libgcc.a(_arm_muldivsf3.o)
                0x0000000008000ce4                __mulsf3
                0x0000000008000ce4                __aeabi_fmul
                0x0000000008000e4c                __aeabi_fdiv
                0x0000000008000e4c                __divsf3
 .text          0x0000000008000f84       0xec d:/software/cubeide/stm32cubeide_1.8.0/stm32cubeide/plugins/com.st.stm32cube.ide.mcu.externaltools.gnu-tools-for-stm32.10.3-2021.10.win32_1.0.0.202111181127/tools/bin/../lib/gcc/arm-none-eabi/10.3.1/thumb/v7-m/nofp\libgcc.a(_arm_cmpsf2.o)
                0x0000000008000f84                __gesf2
                0x0000000008000f84                __gtsf2
                0x0000000008000f8c                __lesf2
                0x0000000008000f8c                __ltsf2
                0x0000000008000f94                __nesf2
                0x0000000008000f94                __eqsf2
                0x0000000008000f94                __cmpsf2
                0x0000000008000ff4                __aeabi_cfrcmple
                0x0000000008000ffc                __aeabi_cfcmpeq
                0x0000000008000ffc                __aeabi_cfcmple
                0x000000000800100c                __aeabi_fcmpeq
                0x0000000008001020                __aeabi_fcmplt
                0x0000000008001034                __aeabi_fcmple
                0x0000000008001048                __aeabi_fcmpge
                0x000000000800105c                __aeabi_fcmpgt
 .text          0x0000000008001070       0x4c d:/software/cubeide/stm32cubeide_1.8.0/stm32cubeide/plugins/com.st.stm32cube.ide.mcu.externaltools.gnu-tools-for-stm32.10.3-2021.10.win32_1.0.0.202111181127/tools/bin/../lib/gcc/arm-none-eabi/10.3.1/thumb/v7-m/nofp\libgcc.a(_arm_fixsfsi.o)
                0x0000000008001070                __aeabi_f2iz
                0x0000000008001070                __fixsfsi
 .text          0x00000000080010bc       0x40 d:/software/cubeide/stm32cubeide_1.8.0/stm32cubeide/plugins/com.st.stm32cube.ide.mcu.externaltools.gnu-tools-for-stm32.10.3-2021.10.win32_1.0.0.202111181127/tools/bin/../lib/gcc/arm-none-eabi/10.3.1/thumb/v7-m/nofp\libgcc.a(_arm_fixunssfsi.o)
                0x00000000080010bc                __fixunssfsi
                0x00000000080010bc                __aeabi_f2uiz
 *(.text*)
 .text.main     0x00000000080010fc      0x3b4 ./Core/Src/main.o
                0x00000000080010fc                main
 .text.SystemClock_Config
                0x00000000080014b0       0x76 ./Core/Src/main.o
                0x00000000080014b0                SystemClock_Config
 *fill*         0x0000000008001526        0x2 
 .text.MX_SPI1_Init
                0x0000000008001528       0x6c ./Core/Src/main.o
 .text.MX_TIM2_Init
                0x0000000008001594       0x9c ./Core/Src/main.o
 .text.MX_USART1_UART_Init
                0x0000000008001630       0x54 ./Core/Src/main.o
 .text.MX_GPIO_Init
                0x0000000008001684      0x130 ./Core/Src/main.o
 .text.Error_Handler
                0x00000000080017b4        0xa ./Core/Src/main.o
                0x00000000080017b4                Error_Handler
 *fill*         0x00000000080017be        0x2 
 .text.HAL_MspInit
                0x00000000080017c0       0x64 ./Core/Src/stm32f1xx_hal_msp.o
                0x00000000080017c0                HAL_MspInit
 .text.HAL_SPI_MspInit
                0x0000000008001824       0x94 ./Core/Src/stm32f1xx_hal_msp.o
                0x0000000008001824                HAL_SPI_MspInit
 .text.HAL_TIM_Base_MspInit
                0x00000000080018b8       0x48 ./Core/Src/stm32f1xx_hal_msp.o
                0x00000000080018b8                HAL_TIM_Base_MspInit
 .text.HAL_UART_MspInit
                0x0000000008001900       0x98 ./Core/Src/stm32f1xx_hal_msp.o
                0x0000000008001900                HAL_UART_MspInit
 .text.NMI_Handler
                0x0000000008001998        0x6 ./Core/Src/stm32f1xx_it.o
                0x0000000008001998                NMI_Handler
 *fill*         0x000000000800199e        0x2 
 .text.HardFault_Handler
                0x00000000080019a0       0x1c ./Core/Src/stm32f1xx_it.o
                0x00000000080019a0                HardFault_Handler
 .text.MemManage_Handler
                0x00000000080019bc        0x6 ./Core/Src/stm32f1xx_it.o
                0x00000000080019bc                MemManage_Handler
 .text.BusFault_Handler
                0x00000000080019c2        0x6 ./Core/Src/stm32f1xx_it.o
                0x00000000080019c2                BusFault_Handler
 .text.UsageFault_Handler
                0x00000000080019c8        0x6 ./Core/Src/stm32f1xx_it.o
                0x00000000080019c8                UsageFault_Handler
 .text.SVC_Handler
                0x00000000080019ce        0xc ./Core/Src/stm32f1xx_it.o
                0x00000000080019ce                SVC_Handler
 .text.DebugMon_Handler
                0x00000000080019da        0xc ./Core/Src/stm32f1xx_it.o
                0x00000000080019da                DebugMon_Handler
 .text.PendSV_Handler
                0x00000000080019e6        0xc ./Core/Src/stm32f1xx_it.o
                0x00000000080019e6                PendSV_Handler
 .text.SysTick_Handler
                0x00000000080019f2        0xc ./Core/Src/stm32f1xx_it.o
                0x00000000080019f2                SysTick_Handler
 *fill*         0x00000000080019fe        0x2 
 .text.EXTI1_IRQHandler
                0x0000000008001a00       0x28 ./Core/Src/stm32f1xx_it.o
                0x0000000008001a00                EXTI1_IRQHandler
 .text.TIM2_IRQHandler
                0x0000000008001a28       0x1c ./Core/Src/stm32f1xx_it.o
                0x0000000008001a28                TIM2_IRQHandler
 .text._getpid  0x0000000008001a44        0xe ./Core/Src/syscalls.o
                0x0000000008001a44                _getpid
 .text._kill    0x0000000008001a52       0x20 ./Core/Src/syscalls.o
                0x0000000008001a52                _kill
 .text._exit    0x0000000008001a72       0x14 ./Core/Src/syscalls.o
                0x0000000008001a72                _exit
 .text._read    0x0000000008001a86       0x3a ./Core/Src/syscalls.o
                0x0000000008001a86                _read
 .text._write   0x0000000008001ac0       0x38 ./Core/Src/syscalls.o
                0x0000000008001ac0                _write
 .text._close   0x0000000008001af8       0x16 ./Core/Src/syscalls.o
                0x0000000008001af8                _close
 .text._fstat   0x0000000008001b0e       0x1e ./Core/Src/syscalls.o
                0x0000000008001b0e                _fstat
 .text._isatty  0x0000000008001b2c       0x14 ./Core/Src/syscalls.o
                0x0000000008001b2c                _isatty
 .text._lseek   0x0000000008001b40       0x18 ./Core/Src/syscalls.o
                0x0000000008001b40                _lseek
 .text._sbrk    0x0000000008001b58       0x6c ./Core/Src/sysmem.o
                0x0000000008001b58                _sbrk
 .text.SystemInit
                0x0000000008001bc4        0xc ./Core/Src/system_stm32f1xx.o
                0x0000000008001bc4                SystemInit
 .text.Reset_Handler
                0x0000000008001bd0       0x48 ./Core/Startup/startup_stm32f103c8tx.o
                0x0000000008001bd0                Reset_Handler
 .text.Default_Handler
                0x0000000008001c18        0x2 ./Core/Startup/startup_stm32f103c8tx.o
                0x0000000008001c18                RTC_Alarm_IRQHandler
                0x0000000008001c18                EXTI2_IRQHandler
                0x0000000008001c18                TIM1_CC_IRQHandler
                0x0000000008001c18                PVD_IRQHandler
                0x0000000008001c18                EXTI3_IRQHandler
                0x0000000008001c18                EXTI0_IRQHandler
                0x0000000008001c18                I2C2_EV_IRQHandler
                0x0000000008001c18                ADC1_2_IRQHandler
                0x0000000008001c18                SPI1_IRQHandler
                0x0000000008001c18                TAMPER_IRQHandler
                0x0000000008001c18                DMA1_Channel4_IRQHandler
                0x0000000008001c18                USART3_IRQHandler
                0x0000000008001c18                RTC_IRQHandler
                0x0000000008001c18                DMA1_Channel7_IRQHandler
                0x0000000008001c18                CAN1_RX1_IRQHandler
                0x0000000008001c18                TIM4_IRQHandler
                0x0000000008001c18                I2C1_EV_IRQHandler
                0x0000000008001c18                DMA1_Channel6_IRQHandler
                0x0000000008001c18                TIM3_IRQHandler
                0x0000000008001c18                RCC_IRQHandler
                0x0000000008001c18                TIM1_TRG_COM_IRQHandler
                0x0000000008001c18                DMA1_Channel1_IRQHandler
                0x0000000008001c18                Default_Handler
                0x0000000008001c18                EXTI15_10_IRQHandler
                0x0000000008001c18                EXTI9_5_IRQHandler
                0x0000000008001c18                SPI2_IRQHandler
                0x0000000008001c18                DMA1_Channel5_IRQHandler
                0x0000000008001c18                EXTI4_IRQHandler
                0x0000000008001c18                USB_LP_CAN1_RX0_IRQHandler
                0x0000000008001c18                USB_HP_CAN1_TX_IRQHandler
                0x0000000008001c18                DMA1_Channel3_IRQHandler
                0x0000000008001c18                TIM1_UP_IRQHandler
                0x0000000008001c18                WWDG_IRQHandler
                0x0000000008001c18                TIM1_BRK_IRQHandler
                0x0000000008001c18                USART2_IRQHandler
                0x0000000008001c18                I2C2_ER_IRQHandler
                0x0000000008001c18                DMA1_Channel2_IRQHandler
                0x0000000008001c18                CAN1_SCE_IRQHandler
                0x0000000008001c18                FLASH_IRQHandler
                0x0000000008001c18                USART1_IRQHandler
                0x0000000008001c18                I2C1_ER_IRQHandler
                0x0000000008001c18                USBWakeUp_IRQHandler
 *fill*         0x0000000008001c1a        0x2 
 .text.SpiritAesMode
                0x0000000008001c1c       0x74 ./Drivers/SPIRIT1/SPIRIT1_Library/Src/SPIRIT_Aes.o
                0x0000000008001c1c                SpiritAesMode
 .text.SpiritAesWriteDataIn
                0x0000000008001c90       0x84 ./Drivers/SPIRIT1/SPIRIT1_Library/Src/SPIRIT_Aes.o
                0x0000000008001c90                SpiritAesWriteDataIn
 .text.SpiritAesReadDataOut
                0x0000000008001d14       0x78 ./Drivers/SPIRIT1/SPIRIT1_Library/Src/SPIRIT_Aes.o
                0x0000000008001d14                SpiritAesReadDataOut
 .text.SpiritAesWriteKey
                0x0000000008001d8c       0x5c ./Drivers/SPIRIT1/SPIRIT1_Library/Src/SPIRIT_Aes.o
                0x0000000008001d8c                SpiritAesWriteKey
 .text.SpiritAesExecuteEncryption
                0x0000000008001de8       0x24 ./Drivers/SPIRIT1/SPIRIT1_Library/Src/SPIRIT_Aes.o
                0x0000000008001de8                SpiritAesExecuteEncryption
 .text.SpiritAesDeriveDecKeyExecuteDec
                0x0000000008001e0c       0x24 ./Drivers/SPIRIT1/SPIRIT1_Library/Src/SPIRIT_Aes.o
                0x0000000008001e0c                SpiritAesDeriveDecKeyExecuteDec
 .text.SpiritCalibrationVco
                0x0000000008001e30       0x70 ./Drivers/SPIRIT1/SPIRIT1_Library/Src/SPIRIT_Calibration.o
                0x0000000008001e30                SpiritCalibrationVco
 .text.SpiritCalibrationGetVcoCalData
                0x0000000008001ea0       0x38 ./Drivers/SPIRIT1/SPIRIT1_Library/Src/SPIRIT_Calibration.o
                0x0000000008001ea0                SpiritCalibrationGetVcoCalData
 .text.SpiritCalibrationSetVcoCalDataTx
                0x0000000008001ed8       0x68 ./Drivers/SPIRIT1/SPIRIT1_Library/Src/SPIRIT_Calibration.o
                0x0000000008001ed8                SpiritCalibrationSetVcoCalDataTx
 .text.SpiritCalibrationSetVcoCalDataRx
                0x0000000008001f40       0x68 ./Drivers/SPIRIT1/SPIRIT1_Library/Src/SPIRIT_Calibration.o
                0x0000000008001f40                SpiritCalibrationSetVcoCalDataRx
 .text.SpiritCalibrationSelectVco
                0x0000000008001fa8       0x54 ./Drivers/SPIRIT1/SPIRIT1_Library/Src/SPIRIT_Calibration.o
                0x0000000008001fa8                SpiritCalibrationSelectVco
 .text.SpiritCmdStrobeCommand
                0x0000000008001ffc       0x30 ./Drivers/SPIRIT1/SPIRIT1_Library/Src/SPIRIT_Commands.o
                0x0000000008001ffc                SpiritCmdStrobeCommand
 .text.SpiritGpioInit
                0x000000000800202c       0x48 ./Drivers/SPIRIT1/SPIRIT1_Library/Src/SPIRIT_Gpio.o
                0x000000000800202c                SpiritGpioInit
 .text.SpiritIrqDeInit
                0x0000000008002074       0x58 ./Drivers/SPIRIT1/SPIRIT1_Library/Src/SPIRIT_Irq.o
                0x0000000008002074                SpiritIrqDeInit
 .text.SpiritIrq
                0x00000000080020cc       0xcc ./Drivers/SPIRIT1/SPIRIT1_Library/Src/SPIRIT_Irq.o
                0x00000000080020cc                SpiritIrq
 .text.SpiritIrqGetStatus
                0x0000000008002198       0x64 ./Drivers/SPIRIT1/SPIRIT1_Library/Src/SPIRIT_Irq.o
                0x0000000008002198                SpiritIrqGetStatus
 .text.SpiritIrqClearStatus
                0x00000000080021fc       0x30 ./Drivers/SPIRIT1/SPIRIT1_Library/Src/SPIRIT_Irq.o
                0x00000000080021fc                SpiritIrqClearStatus
 .text.SpiritLinearFifoReadNumElementsRxFifo
                0x000000000800222c       0x38 ./Drivers/SPIRIT1/SPIRIT1_Library/Src/SPIRIT_LinearFifo.o
                0x000000000800222c                SpiritLinearFifoReadNumElementsRxFifo
 .text.SpiritManagementSetFrequencyBase
                0x0000000008002264      0x204 ./Drivers/SPIRIT1/SPIRIT1_Library/Src/SPIRIT_Management.o
                0x0000000008002264                SpiritManagementSetFrequencyBase
 .text.SpiritManagementWaVcoCalibration
                0x0000000008002468      0x180 ./Drivers/SPIRIT1/SPIRIT1_Library/Src/SPIRIT_Management.o
                0x0000000008002468                SpiritManagementWaVcoCalibration
 .text.SpiritManagementWaCmdStrobeTx
                0x00000000080025e8       0x70 ./Drivers/SPIRIT1/SPIRIT1_Library/Src/SPIRIT_Management.o
                0x00000000080025e8                SpiritManagementWaCmdStrobeTx
 .text.SpiritManagementWaCmdStrobeRx
                0x0000000008002658       0x38 ./Drivers/SPIRIT1/SPIRIT1_Library/Src/SPIRIT_Management.o
                0x0000000008002658                SpiritManagementWaCmdStrobeRx
 .text.SpiritManagementWaTRxFcMem
                0x0000000008002690       0x28 ./Drivers/SPIRIT1/SPIRIT1_Library/Src/SPIRIT_Management.o
                0x0000000008002690                SpiritManagementWaTRxFcMem
 .text.SpiritManagementWaExtraCurrent
                0x00000000080026b8       0x4a ./Drivers/SPIRIT1/SPIRIT1_Library/Src/SPIRIT_Management.o
                0x00000000080026b8                SpiritManagementWaExtraCurrent
 *fill*         0x0000000008002702        0x2 
 .text.SpiritPktBasicInit
                0x0000000008002704      0x1ac ./Drivers/SPIRIT1/SPIRIT1_Library/Src/SPIRIT_PktBasic.o
                0x0000000008002704                SpiritPktBasicInit
 .text.SpiritPktBasicAddressesInit
                0x00000000080028b0       0xdc ./Drivers/SPIRIT1/SPIRIT1_Library/Src/SPIRIT_PktBasic.o
                0x00000000080028b0                SpiritPktBasicAddressesInit
 .text.SpiritPktBasicGetAddressField
                0x000000000800298c       0x40 ./Drivers/SPIRIT1/SPIRIT1_Library/Src/SPIRIT_PktBasic.o
                0x000000000800298c                SpiritPktBasicGetAddressField
 .text.SpiritPktBasicSetPayloadLength
                0x00000000080029cc       0x70 ./Drivers/SPIRIT1/SPIRIT1_Library/Src/SPIRIT_PktBasic.o
                0x00000000080029cc                SpiritPktBasicSetPayloadLength
 .text.SpiritPktCommonGetControlLength
                0x0000000008002a3c       0x38 ./Drivers/SPIRIT1/SPIRIT1_Library/Src/SPIRIT_PktCommon.o
                0x0000000008002a3c                SpiritPktCommonGetControlLength
 .text.SpiritPktCommonFilterOnCrc
                0x0000000008002a74       0x70 ./Drivers/SPIRIT1/SPIRIT1_Library/Src/SPIRIT_PktCommon.o
                0x0000000008002a74                SpiritPktCommonFilterOnCrc
 .text.SpiritQiSqiCheck
                0x0000000008002ae4       0x70 ./Drivers/SPIRIT1/SPIRIT1_Library/Src/SPIRIT_Qi.o
                0x0000000008002ae4                SpiritQiSqiCheck
 .text.SpiritQiSetSqiThreshold
                0x0000000008002b54       0x68 ./Drivers/SPIRIT1/SPIRIT1_Library/Src/SPIRIT_Qi.o
                0x0000000008002b54                SpiritQiSetSqiThreshold
 .text.SpiritQiSetRssiThresholddBm
                0x0000000008002bbc       0x40 ./Drivers/SPIRIT1/SPIRIT1_Library/Src/SPIRIT_Qi.o
                0x0000000008002bbc                SpiritQiSetRssiThresholddBm
 .text.SpiritRadioInit
                0x0000000008002bfc      0x3d8 ./Drivers/SPIRIT1/SPIRIT1_Library/Src/SPIRIT_Radio.o
                0x0000000008002bfc                SpiritRadioInit
 .text.SpiritRadioSetXtalFlag
                0x0000000008002fd4       0x74 ./Drivers/SPIRIT1/SPIRIT1_Library/Src/SPIRIT_Radio.o
                0x0000000008002fd4                SpiritRadioSetXtalFlag
 .text.SpiritRadioSearchWCP
                0x0000000008003048      0x128 ./Drivers/SPIRIT1/SPIRIT1_Library/Src/SPIRIT_Radio.o
                0x0000000008003048                SpiritRadioSearchWCP
 .text.SpiritRadioGetSynthWord
                0x0000000008003170       0x4c ./Drivers/SPIRIT1/SPIRIT1_Library/Src/SPIRIT_Radio.o
                0x0000000008003170                SpiritRadioGetSynthWord
 .text.SpiritRadioGetBand
                0x00000000080031bc       0x5c ./Drivers/SPIRIT1/SPIRIT1_Library/Src/SPIRIT_Radio.o
                0x00000000080031bc                SpiritRadioGetBand
 .text.SpiritRadioGetChannel
                0x0000000008003218       0x30 ./Drivers/SPIRIT1/SPIRIT1_Library/Src/SPIRIT_Radio.o
                0x0000000008003218                SpiritRadioGetChannel
 .text.SpiritRadioGetChannelSpace
                0x0000000008003248       0x40 ./Drivers/SPIRIT1/SPIRIT1_Library/Src/SPIRIT_Radio.o
                0x0000000008003248                SpiritRadioGetChannelSpace
 .text.SpiritRadioGetFrequencyOffset
                0x0000000008003288       0x88 ./Drivers/SPIRIT1/SPIRIT1_Library/Src/SPIRIT_Radio.o
                0x0000000008003288                SpiritRadioGetFrequencyOffset
 .text.SpiritRadioSetFrequencyBase
                0x0000000008003310      0x23c ./Drivers/SPIRIT1/SPIRIT1_Library/Src/SPIRIT_Radio.o
                0x0000000008003310                SpiritRadioSetFrequencyBase
 .text.SpiritRadioGetFrequencyBase
                0x000000000800354c       0x90 ./Drivers/SPIRIT1/SPIRIT1_Library/Src/SPIRIT_Radio.o
                0x000000000800354c                SpiritRadioGetFrequencyBase
 .text.SpiritRadioSearchDatarateME
                0x00000000080035dc      0x164 ./Drivers/SPIRIT1/SPIRIT1_Library/Src/SPIRIT_Radio.o
                0x00000000080035dc                SpiritRadioSearchDatarateME
 .text.SpiritRadioSearchChannelBwME
                0x0000000008003740      0x1cc ./Drivers/SPIRIT1/SPIRIT1_Library/Src/SPIRIT_Radio.o
                0x0000000008003740                SpiritRadioSearchChannelBwME
 .text.SpiritRadioSearchFreqDevME
                0x000000000800390c      0x174 ./Drivers/SPIRIT1/SPIRIT1_Library/Src/SPIRIT_Radio.o
                0x000000000800390c                SpiritRadioSearchFreqDevME
 .text.SpiritRadioGetdBm2Reg
                0x0000000008003a80      0x21c ./Drivers/SPIRIT1/SPIRIT1_Library/Src/SPIRIT_Radio.o
                0x0000000008003a80                SpiritRadioGetdBm2Reg
 .text.SpiritRadioSetPALeveldBm
                0x0000000008003c9c       0x50 ./Drivers/SPIRIT1/SPIRIT1_Library/Src/SPIRIT_Radio.o
                0x0000000008003c9c                SpiritRadioSetPALeveldBm
 .text.SpiritRadioSetPACwc
                0x0000000008003cec       0x58 ./Drivers/SPIRIT1/SPIRIT1_Library/Src/SPIRIT_Radio.o
                0x0000000008003cec                SpiritRadioSetPACwc
 .text.SpiritRadioSetPALevelMaxIndex
                0x0000000008003d44       0x58 ./Drivers/SPIRIT1/SPIRIT1_Library/Src/SPIRIT_Radio.o
                0x0000000008003d44                SpiritRadioSetPALevelMaxIndex
 .text.SpiritRadioAFCFreezeOnSync
                0x0000000008003d9c       0x64 ./Drivers/SPIRIT1/SPIRIT1_Library/Src/SPIRIT_Radio.o
                0x0000000008003d9c                SpiritRadioAFCFreezeOnSync
 .text.SpiritRadioSetRefDiv
                0x0000000008003e00       0x60 ./Drivers/SPIRIT1/SPIRIT1_Library/Src/SPIRIT_Radio.o
                0x0000000008003e00                SpiritRadioSetRefDiv
 .text.SpiritRadioGetRefDiv
                0x0000000008003e60       0x44 ./Drivers/SPIRIT1/SPIRIT1_Library/Src/SPIRIT_Radio.o
                0x0000000008003e60                SpiritRadioGetRefDiv
 .text.SpiritRadioSetDigDiv
                0x0000000008003ea4       0x60 ./Drivers/SPIRIT1/SPIRIT1_Library/Src/SPIRIT_Radio.o
                0x0000000008003ea4                SpiritRadioSetDigDiv
 .text.SpiritRadioGetDigDiv
                0x0000000008003f04       0x44 ./Drivers/SPIRIT1/SPIRIT1_Library/Src/SPIRIT_Radio.o
                0x0000000008003f04                SpiritRadioGetDigDiv
 .text.SpiritRadioGetXtalFrequency
                0x0000000008003f48       0x14 ./Drivers/SPIRIT1/SPIRIT1_Library/Src/SPIRIT_Radio.o
                0x0000000008003f48                SpiritRadioGetXtalFrequency
 .text.SpiritRadioSetXtalFrequency
                0x0000000008003f5c       0x1c ./Drivers/SPIRIT1/SPIRIT1_Library/Src/SPIRIT_Radio.o
                0x0000000008003f5c                SpiritRadioSetXtalFrequency
 .text.SpiritTimerSetRxTimeoutCounter
                0x0000000008003f78       0x34 ./Drivers/SPIRIT1/SPIRIT1_Library/Src/SPIRIT_Timer.o
                0x0000000008003f78                SpiritTimerSetRxTimeoutCounter
 .text.SpiritTimerSetRxTimeoutStopCondition
                0x0000000008003fac       0x90 ./Drivers/SPIRIT1/SPIRIT1_Library/Src/SPIRIT_Timer.o
                0x0000000008003fac                SpiritTimerSetRxTimeoutStopCondition
 .text.SpiritRefreshStatus
                0x000000000800403c       0x44 ./Drivers/SPIRIT1/SPIRIT1_Library/Src/SPIRIT_Types.o
                0x000000000800403c                SpiritRefreshStatus
 .text.RadioSpiInit
                0x0000000008004080       0x20 ./Drivers/SPIRIT1/SPIRIT1_Library/radio_target.o
                0x0000000008004080                RadioSpiInit
 .text.RadioSpiWriteRegisters
                0x00000000080040a0       0x98 ./Drivers/SPIRIT1/SPIRIT1_Library/radio_target.o
                0x00000000080040a0                RadioSpiWriteRegisters
 .text.RadioSpiReadRegisters
                0x0000000008004138       0x98 ./Drivers/SPIRIT1/SPIRIT1_Library/radio_target.o
                0x0000000008004138                RadioSpiReadRegisters
 .text.RadioSpiCommandStrobes
                0x00000000080041d0       0x80 ./Drivers/SPIRIT1/SPIRIT1_Library/radio_target.o
                0x00000000080041d0                RadioSpiCommandStrobes
 .text.RadioSpiWriteFifo
                0x0000000008004250       0x90 ./Drivers/SPIRIT1/SPIRIT1_Library/radio_target.o
                0x0000000008004250                RadioSpiWriteFifo
 .text.RadioSpiReadFifo
                0x00000000080042e0       0x90 ./Drivers/SPIRIT1/SPIRIT1_Library/radio_target.o
                0x00000000080042e0                RadioSpiReadFifo
 .text.RadioEnterShutdown
                0x0000000008004370       0x18 ./Drivers/SPIRIT1/SPIRIT1_Library/radio_target.o
                0x0000000008004370                RadioEnterShutdown
 .text.RadioExitShutdown
                0x0000000008004388       0x1c ./Drivers/SPIRIT1/SPIRIT1_Library/radio_target.o
                0x0000000008004388                RadioExitShutdown
 .text.HAL_Init
                0x00000000080043a4       0x2c ./Drivers/STM32F1xx_HAL_Driver/Src/stm32f1xx_hal.o
                0x00000000080043a4                HAL_Init
 .text.HAL_InitTick
                0x00000000080043d0       0x60 ./Drivers/STM32F1xx_HAL_Driver/Src/stm32f1xx_hal.o
                0x00000000080043d0                HAL_InitTick
 .text.HAL_IncTick
                0x0000000008004430       0x24 ./Drivers/STM32F1xx_HAL_Driver/Src/stm32f1xx_hal.o
                0x0000000008004430                HAL_IncTick
 .text.HAL_GetTick
                0x0000000008004454       0x14 ./Drivers/STM32F1xx_HAL_Driver/Src/stm32f1xx_hal.o
                0x0000000008004454                HAL_GetTick
 .text.HAL_Delay
                0x0000000008004468       0x48 ./Drivers/STM32F1xx_HAL_Driver/Src/stm32f1xx_hal.o
                0x0000000008004468                HAL_Delay
 .text.__NVIC_SetPriorityGrouping
                0x00000000080044b0       0x48 ./Drivers/STM32F1xx_HAL_Driver/Src/stm32f1xx_hal_cortex.o
 .text.__NVIC_GetPriorityGrouping
                0x00000000080044f8       0x1c ./Drivers/STM32F1xx_HAL_Driver/Src/stm32f1xx_hal_cortex.o
 .text.__NVIC_EnableIRQ
                0x0000000008004514       0x38 ./Drivers/STM32F1xx_HAL_Driver/Src/stm32f1xx_hal_cortex.o
 .text.__NVIC_DisableIRQ
                0x000000000800454c       0x48 ./Drivers/STM32F1xx_HAL_Driver/Src/stm32f1xx_hal_cortex.o
 .text.__NVIC_SetPriority
                0x0000000008004594       0x54 ./Drivers/STM32F1xx_HAL_Driver/Src/stm32f1xx_hal_cortex.o
 .text.NVIC_EncodePriority
                0x00000000080045e8       0x64 ./Drivers/STM32F1xx_HAL_Driver/Src/stm32f1xx_hal_cortex.o
 .text.SysTick_Config
                0x000000000800464c       0x44 ./Drivers/STM32F1xx_HAL_Driver/Src/stm32f1xx_hal_cortex.o
 .text.HAL_NVIC_SetPriorityGrouping
                0x0000000008004690       0x16 ./Drivers/STM32F1xx_HAL_Driver/Src/stm32f1xx_hal_cortex.o
                0x0000000008004690                HAL_NVIC_SetPriorityGrouping
 .text.HAL_NVIC_SetPriority
                0x00000000080046a6       0x38 ./Drivers/STM32F1xx_HAL_Driver/Src/stm32f1xx_hal_cortex.o
                0x00000000080046a6                HAL_NVIC_SetPriority
 .text.HAL_NVIC_EnableIRQ
                0x00000000080046de       0x1c ./Drivers/STM32F1xx_HAL_Driver/Src/stm32f1xx_hal_cortex.o
                0x00000000080046de                HAL_NVIC_EnableIRQ
 .text.HAL_NVIC_DisableIRQ
                0x00000000080046fa       0x1c ./Drivers/STM32F1xx_HAL_Driver/Src/stm32f1xx_hal_cortex.o
                0x00000000080046fa                HAL_NVIC_DisableIRQ
 .text.HAL_SYSTICK_Config
                0x0000000008004716       0x18 ./Drivers/STM32F1xx_HAL_Driver/Src/stm32f1xx_hal_cortex.o
                0x0000000008004716                HAL_SYSTICK_Config
 *fill*         0x000000000800472e        0x2 
 .text.HAL_GPIO_Init
                0x0000000008004730      0x308 ./Drivers/STM32F1xx_HAL_Driver/Src/stm32f1xx_hal_gpio.o
                0x0000000008004730                HAL_GPIO_Init
 .text.HAL_GPIO_WritePin
                0x0000000008004a38       0x30 ./Drivers/STM32F1xx_HAL_Driver/Src/stm32f1xx_hal_gpio.o
                0x0000000008004a38                HAL_GPIO_WritePin
 .text.HAL_GPIO_EXTI_IRQHandler
                0x0000000008004a68       0x30 ./Drivers/STM32F1xx_HAL_Driver/Src/stm32f1xx_hal_gpio.o
                0x0000000008004a68                HAL_GPIO_EXTI_IRQHandler
 .text.HAL_GPIO_EXTI_Callback
                0x0000000008004a98       0x14 ./Drivers/STM32F1xx_HAL_Driver/Src/stm32f1xx_hal_gpio.o
                0x0000000008004a98                HAL_GPIO_EXTI_Callback
 .text.HAL_RCC_OscConfig
                0x0000000008004aac      0x504 ./Drivers/STM32F1xx_HAL_Driver/Src/stm32f1xx_hal_rcc.o
                0x0000000008004aac                HAL_RCC_OscConfig
 .text.HAL_RCC_ClockConfig
                0x0000000008004fb0      0x1d4 ./Drivers/STM32F1xx_HAL_Driver/Src/stm32f1xx_hal_rcc.o
                0x0000000008004fb0                HAL_RCC_ClockConfig
 .text.HAL_RCC_GetSysClockFreq
                0x0000000008005184       0xbc ./Drivers/STM32F1xx_HAL_Driver/Src/stm32f1xx_hal_rcc.o
                0x0000000008005184                HAL_RCC_GetSysClockFreq
 .text.HAL_RCC_GetHCLKFreq
                0x0000000008005240       0x14 ./Drivers/STM32F1xx_HAL_Driver/Src/stm32f1xx_hal_rcc.o
                0x0000000008005240                HAL_RCC_GetHCLKFreq
 .text.HAL_RCC_GetPCLK1Freq
                0x0000000008005254       0x28 ./Drivers/STM32F1xx_HAL_Driver/Src/stm32f1xx_hal_rcc.o
                0x0000000008005254                HAL_RCC_GetPCLK1Freq
 .text.HAL_RCC_GetPCLK2Freq
                0x000000000800527c       0x28 ./Drivers/STM32F1xx_HAL_Driver/Src/stm32f1xx_hal_rcc.o
                0x000000000800527c                HAL_RCC_GetPCLK2Freq
 .text.RCC_Delay
                0x00000000080052a4       0x3c ./Drivers/STM32F1xx_HAL_Driver/Src/stm32f1xx_hal_rcc.o
 .text.HAL_SPI_Init
                0x00000000080052e0      0x108 ./Drivers/STM32F1xx_HAL_Driver/Src/stm32f1xx_hal_spi.o
                0x00000000080052e0                HAL_SPI_Init
 .text.HAL_SPI_Transmit
                0x00000000080053e8      0x278 ./Drivers/STM32F1xx_HAL_Driver/Src/stm32f1xx_hal_spi.o
                0x00000000080053e8                HAL_SPI_Transmit
 .text.HAL_SPI_Receive
                0x0000000008005660      0x222 ./Drivers/STM32F1xx_HAL_Driver/Src/stm32f1xx_hal_spi.o
                0x0000000008005660                HAL_SPI_Receive
 .text.HAL_SPI_TransmitReceive
                0x0000000008005882      0x344 ./Drivers/STM32F1xx_HAL_Driver/Src/stm32f1xx_hal_spi.o
                0x0000000008005882                HAL_SPI_TransmitReceive
 *fill*         0x0000000008005bc6        0x2 
 .text.SPI_WaitFlagStateUntilTimeout
                0x0000000008005bc8      0x110 ./Drivers/STM32F1xx_HAL_Driver/Src/stm32f1xx_hal_spi.o
 .text.SPI_EndRxTransaction
                0x0000000008005cd8       0xa4 ./Drivers/STM32F1xx_HAL_Driver/Src/stm32f1xx_hal_spi.o
 .text.SPI_EndRxTxTransaction
                0x0000000008005d7c       0x3c ./Drivers/STM32F1xx_HAL_Driver/Src/stm32f1xx_hal_spi.o
 .text.HAL_TIM_Base_Init
                0x0000000008005db8       0x9e ./Drivers/STM32F1xx_HAL_Driver/Src/stm32f1xx_hal_tim.o
                0x0000000008005db8                HAL_TIM_Base_Init
 *fill*         0x0000000008005e56        0x2 
 .text.HAL_TIM_Base_Start_IT
                0x0000000008005e58       0xa4 ./Drivers/STM32F1xx_HAL_Driver/Src/stm32f1xx_hal_tim.o
                0x0000000008005e58                HAL_TIM_Base_Start_IT
 .text.HAL_TIM_IRQHandler
                0x0000000008005efc      0x210 ./Drivers/STM32F1xx_HAL_Driver/Src/stm32f1xx_hal_tim.o
                0x0000000008005efc                HAL_TIM_IRQHandler
 .text.HAL_TIM_ConfigClockSource
                0x000000000800610c      0x188 ./Drivers/STM32F1xx_HAL_Driver/Src/stm32f1xx_hal_tim.o
                0x000000000800610c                HAL_TIM_ConfigClockSource
 .text.HAL_TIM_PeriodElapsedCallback
                0x0000000008006294       0x12 ./Drivers/STM32F1xx_HAL_Driver/Src/stm32f1xx_hal_tim.o
                0x0000000008006294                HAL_TIM_PeriodElapsedCallback
 .text.HAL_TIM_OC_DelayElapsedCallback
                0x00000000080062a6       0x12 ./Drivers/STM32F1xx_HAL_Driver/Src/stm32f1xx_hal_tim.o
                0x00000000080062a6                HAL_TIM_OC_DelayElapsedCallback
 .text.HAL_TIM_IC_CaptureCallback
                0x00000000080062b8       0x12 ./Drivers/STM32F1xx_HAL_Driver/Src/stm32f1xx_hal_tim.o
                0x00000000080062b8                HAL_TIM_IC_CaptureCallback
 .text.HAL_TIM_PWM_PulseFinishedCallback
                0x00000000080062ca       0x12 ./Drivers/STM32F1xx_HAL_Driver/Src/stm32f1xx_hal_tim.o
                0x00000000080062ca                HAL_TIM_PWM_PulseFinishedCallback
 .text.HAL_TIM_TriggerCallback
                0x00000000080062dc       0x12 ./Drivers/STM32F1xx_HAL_Driver/Src/stm32f1xx_hal_tim.o
                0x00000000080062dc                HAL_TIM_TriggerCallback
 *fill*         0x00000000080062ee        0x2 
 .text.TIM_Base_SetConfig
                0x00000000080062f0       0xc4 ./Drivers/STM32F1xx_HAL_Driver/Src/stm32f1xx_hal_tim.o
                0x00000000080062f0                TIM_Base_SetConfig
 .text.TIM_TI1_ConfigInputStage
                0x00000000080063b4       0x5c ./Drivers/STM32F1xx_HAL_Driver/Src/stm32f1xx_hal_tim.o
 .text.TIM_TI2_ConfigInputStage
                0x0000000008006410       0x5e ./Drivers/STM32F1xx_HAL_Driver/Src/stm32f1xx_hal_tim.o
 .text.TIM_ITRx_SetConfig
                0x000000000800646e       0x34 ./Drivers/STM32F1xx_HAL_Driver/Src/stm32f1xx_hal_tim.o
 .text.TIM_ETR_SetConfig
                0x00000000080064a2       0x3e ./Drivers/STM32F1xx_HAL_Driver/Src/stm32f1xx_hal_tim.o
                0x00000000080064a2                TIM_ETR_SetConfig
 .text.HAL_TIMEx_MasterConfigSynchronization
                0x00000000080064e0       0xbc ./Drivers/STM32F1xx_HAL_Driver/Src/stm32f1xx_hal_tim_ex.o
                0x00000000080064e0                HAL_TIMEx_MasterConfigSynchronization
 .text.HAL_TIMEx_CommutCallback
                0x000000000800659c       0x12 ./Drivers/STM32F1xx_HAL_Driver/Src/stm32f1xx_hal_tim_ex.o
                0x000000000800659c                HAL_TIMEx_CommutCallback
 .text.HAL_TIMEx_BreakCallback
                0x00000000080065ae       0x12 ./Drivers/STM32F1xx_HAL_Driver/Src/stm32f1xx_hal_tim_ex.o
                0x00000000080065ae                HAL_TIMEx_BreakCallback
 .text.HAL_UART_Init
                0x00000000080065c0       0x9a ./Drivers/STM32F1xx_HAL_Driver/Src/stm32f1xx_hal_uart.o
                0x00000000080065c0                HAL_UART_Init
 .text.HAL_UART_Transmit
                0x000000000800665a      0x124 ./Drivers/STM32F1xx_HAL_Driver/Src/stm32f1xx_hal_uart.o
                0x000000000800665a                HAL_UART_Transmit
 .text.UART_WaitOnFlagUntilTimeout
                0x000000000800677e       0x94 ./Drivers/STM32F1xx_HAL_Driver/Src/stm32f1xx_hal_uart.o
 *fill*         0x0000000008006812        0x2 
 .text.UART_SetConfig
                0x0000000008006814      0x11c ./Drivers/STM32F1xx_HAL_Driver/Src/stm32f1xx_hal_uart.o
 .text.config   0x0000000008006930       0x26 ./Lib/Cbm/config.o
                0x0000000008006930                config
 *fill*         0x0000000008006956        0x2 
 .text.comm_request
                0x0000000008006958      0x104 ./Lib/Comm/comm.o
                0x0000000008006958                comm_request
 .text.comm_received
                0x0000000008006a5c      0x12c ./Lib/Comm/comm.o
                0x0000000008006a5c                comm_received
 .text.print_debug
                0x0000000008006b88       0xd0 ./Lib/Debug/debug.o
                0x0000000008006b88                print_debug
 .text.SPSGRF_Init
                0x0000000008006c58      0x260 ./Lib/SPSGRF/SPSGRF.o
                0x0000000008006c58                SPSGRF_Init
 .text.SPSGRF_StartTx
                0x0000000008006eb8       0x48 ./Lib/SPSGRF/SPSGRF.o
                0x0000000008006eb8                SPSGRF_StartTx
 .text.SPSGRF_StartRx
                0x0000000008006f00       0x12 ./Lib/SPSGRF/SPSGRF.o
                0x0000000008006f00                SPSGRF_StartRx
 .text.SPSGRF_GetRxData
                0x0000000008006f12       0x24 ./Lib/SPSGRF/SPSGRF.o
                0x0000000008006f12                SPSGRF_GetRxData
 *fill*         0x0000000008006f36        0x2 
 .text.__errno  0x0000000008006f38        0xc d:/software/cubeide/stm32cubeide_1.8.0/stm32cubeide/plugins/com.st.stm32cube.ide.mcu.externaltools.gnu-tools-for-stm32.10.3-2021.10.win32_1.0.0.202111181127/tools/bin/../lib/gcc/arm-none-eabi/10.3.1/../../../../arm-none-eabi/lib/thumb/v7-m/nofp\libc_nano.a(lib_a-errno.o)
                0x0000000008006f38                __errno
 .text.__libc_init_array
                0x0000000008006f44       0x48 d:/software/cubeide/stm32cubeide_1.8.0/stm32cubeide/plugins/com.st.stm32cube.ide.mcu.externaltools.gnu-tools-for-stm32.10.3-2021.10.win32_1.0.0.202111181127/tools/bin/../lib/gcc/arm-none-eabi/10.3.1/../../../../arm-none-eabi/lib/thumb/v7-m/nofp\libc_nano.a(lib_a-init.o)
                0x0000000008006f44                __libc_init_array
 .text.memset   0x0000000008006f8c       0x10 d:/software/cubeide/stm32cubeide_1.8.0/stm32cubeide/plugins/com.st.stm32cube.ide.mcu.externaltools.gnu-tools-for-stm32.10.3-2021.10.win32_1.0.0.202111181127/tools/bin/../lib/gcc/arm-none-eabi/10.3.1/../../../../arm-none-eabi/lib/thumb/v7-m/nofp\libc_nano.a(lib_a-memset.o)
                0x0000000008006f8c                memset
 .text.__cvt    0x0000000008006f9c       0xbe d:/software/cubeide/stm32cubeide_1.8.0/stm32cubeide/plugins/com.st.stm32cube.ide.mcu.externaltools.gnu-tools-for-stm32.10.3-2021.10.win32_1.0.0.202111181127/tools/bin/../lib/gcc/arm-none-eabi/10.3.1/../../../../arm-none-eabi/lib/thumb/v7-m/nofp\libc_nano.a(lib_a-nano-vfprintf_float.o)
                0x0000000008006f9c                __cvt
 .text.__exponent
                0x000000000800705a       0x7c d:/software/cubeide/stm32cubeide_1.8.0/stm32cubeide/plugins/com.st.stm32cube.ide.mcu.externaltools.gnu-tools-for-stm32.10.3-2021.10.win32_1.0.0.202111181127/tools/bin/../lib/gcc/arm-none-eabi/10.3.1/../../../../arm-none-eabi/lib/thumb/v7-m/nofp\libc_nano.a(lib_a-nano-vfprintf_float.o)
                0x000000000800705a                __exponent
 *fill*         0x00000000080070d6        0x2 
 .text._printf_float
                0x00000000080070d8      0x458 d:/software/cubeide/stm32cubeide_1.8.0/stm32cubeide/plugins/com.st.stm32cube.ide.mcu.externaltools.gnu-tools-for-stm32.10.3-2021.10.win32_1.0.0.202111181127/tools/bin/../lib/gcc/arm-none-eabi/10.3.1/../../../../arm-none-eabi/lib/thumb/v7-m/nofp\libc_nano.a(lib_a-nano-vfprintf_float.o)
                0x00000000080070d8                _printf_float
 .text._printf_common
                0x0000000008007530       0xde d:/software/cubeide/stm32cubeide_1.8.0/stm32cubeide/plugins/com.st.stm32cube.ide.mcu.externaltools.gnu-tools-for-stm32.10.3-2021.10.win32_1.0.0.202111181127/tools/bin/../lib/gcc/arm-none-eabi/10.3.1/../../../../arm-none-eabi/lib/thumb/v7-m/nofp\libc_nano.a(lib_a-nano-vfprintf_i.o)
                0x0000000008007530                _printf_common
 *fill*         0x000000000800760e        0x2 
 .text._printf_i
                0x0000000008007610      0x24c d:/software/cubeide/stm32cubeide_1.8.0/stm32cubeide/plugins/com.st.stm32cube.ide.mcu.externaltools.gnu-tools-for-stm32.10.3-2021.10.win32_1.0.0.202111181127/tools/bin/../lib/gcc/arm-none-eabi/10.3.1/../../../../arm-none-eabi/lib/thumb/v7-m/nofp\libc_nano.a(lib_a-nano-vfprintf_i.o)
                0x0000000008007610                _printf_i
 .text.sprintf  0x000000000800785c       0x40 d:/software/cubeide/stm32cubeide_1.8.0/stm32cubeide/plugins/com.st.stm32cube.ide.mcu.externaltools.gnu-tools-for-stm32.10.3-2021.10.win32_1.0.0.202111181127/tools/bin/../lib/gcc/arm-none-eabi/10.3.1/../../../../arm-none-eabi/lib/thumb/v7-m/nofp\libc_nano.a(lib_a-sprintf.o)
                0x000000000800785c                siprintf
                0x000000000800785c                sprintf
 .text.strcat   0x000000000800789c       0x1e d:/software/cubeide/stm32cubeide_1.8.0/stm32cubeide/plugins/com.st.stm32cube.ide.mcu.externaltools.gnu-tools-for-stm32.10.3-2021.10.win32_1.0.0.202111181127/tools/bin/../lib/gcc/arm-none-eabi/10.3.1/../../../../arm-none-eabi/lib/thumb/v7-m/nofp\libc_nano.a(lib_a-strcat.o)
                0x000000000800789c                strcat
 .text.quorem   0x00000000080078ba      0x118 d:/software/cubeide/stm32cubeide_1.8.0/stm32cubeide/plugins/com.st.stm32cube.ide.mcu.externaltools.gnu-tools-for-stm32.10.3-2021.10.win32_1.0.0.202111181127/tools/bin/../lib/gcc/arm-none-eabi/10.3.1/../../../../arm-none-eabi/lib/thumb/v7-m/nofp\libc_nano.a(lib_a-dtoa.o)
 *fill*         0x00000000080079d2        0x6 
 .text._dtoa_r  0x00000000080079d8      0xbdc d:/software/cubeide/stm32cubeide_1.8.0/stm32cubeide/plugins/com.st.stm32cube.ide.mcu.externaltools.gnu-tools-for-stm32.10.3-2021.10.win32_1.0.0.202111181127/tools/bin/../lib/gcc/arm-none-eabi/10.3.1/../../../../arm-none-eabi/lib/thumb/v7-m/nofp\libc_nano.a(lib_a-dtoa.o)
                0x00000000080079d8                _dtoa_r
 .text._localeconv_r
                0x00000000080085b4        0x8 d:/software/cubeide/stm32cubeide_1.8.0/stm32cubeide/plugins/com.st.stm32cube.ide.mcu.externaltools.gnu-tools-for-stm32.10.3-2021.10.win32_1.0.0.202111181127/tools/bin/../lib/gcc/arm-none-eabi/10.3.1/../../../../arm-none-eabi/lib/thumb/v7-m/nofp\libc_nano.a(lib_a-localeconv.o)
                0x00000000080085b4                _localeconv_r
 .text.malloc   0x00000000080085bc       0x10 d:/software/cubeide/stm32cubeide_1.8.0/stm32cubeide/plugins/com.st.stm32cube.ide.mcu.externaltools.gnu-tools-for-stm32.10.3-2021.10.win32_1.0.0.202111181127/tools/bin/../lib/gcc/arm-none-eabi/10.3.1/../../../../arm-none-eabi/lib/thumb/v7-m/nofp\libc_nano.a(lib_a-malloc.o)
                0x00000000080085bc                malloc
 .text.memchr   0x00000000080085cc       0x1c d:/software/cubeide/stm32cubeide_1.8.0/stm32cubeide/plugins/com.st.stm32cube.ide.mcu.externaltools.gnu-tools-for-stm32.10.3-2021.10.win32_1.0.0.202111181127/tools/bin/../lib/gcc/arm-none-eabi/10.3.1/../../../../arm-none-eabi/lib/thumb/v7-m/nofp\libc_nano.a(lib_a-memchr-stub.o)
                0x00000000080085cc                memchr
 .text.memcpy   0x00000000080085e8       0x1c d:/software/cubeide/stm32cubeide_1.8.0/stm32cubeide/plugins/com.st.stm32cube.ide.mcu.externaltools.gnu-tools-for-stm32.10.3-2021.10.win32_1.0.0.202111181127/tools/bin/../lib/gcc/arm-none-eabi/10.3.1/../../../../arm-none-eabi/lib/thumb/v7-m/nofp\libc_nano.a(lib_a-memcpy-stub.o)
                0x00000000080085e8                memcpy
 .text._Balloc  0x0000000008008604       0x80 d:/software/cubeide/stm32cubeide_1.8.0/stm32cubeide/plugins/com.st.stm32cube.ide.mcu.externaltools.gnu-tools-for-stm32.10.3-2021.10.win32_1.0.0.202111181127/tools/bin/../lib/gcc/arm-none-eabi/10.3.1/../../../../arm-none-eabi/lib/thumb/v7-m/nofp\libc_nano.a(lib_a-mprec.o)
                0x0000000008008604                _Balloc
 .text._Bfree   0x0000000008008684       0x44 d:/software/cubeide/stm32cubeide_1.8.0/stm32cubeide/plugins/com.st.stm32cube.ide.mcu.externaltools.gnu-tools-for-stm32.10.3-2021.10.win32_1.0.0.202111181127/tools/bin/../lib/gcc/arm-none-eabi/10.3.1/../../../../arm-none-eabi/lib/thumb/v7-m/nofp\libc_nano.a(lib_a-mprec.o)
                0x0000000008008684                _Bfree
 .text.__multadd
                0x00000000080086c8       0x8c d:/software/cubeide/stm32cubeide_1.8.0/stm32cubeide/plugins/com.st.stm32cube.ide.mcu.externaltools.gnu-tools-for-stm32.10.3-2021.10.win32_1.0.0.202111181127/tools/bin/../lib/gcc/arm-none-eabi/10.3.1/../../../../arm-none-eabi/lib/thumb/v7-m/nofp\libc_nano.a(lib_a-mprec.o)
                0x00000000080086c8                __multadd
 .text.__hi0bits
                0x0000000008008754       0x40 d:/software/cubeide/stm32cubeide_1.8.0/stm32cubeide/plugins/com.st.stm32cube.ide.mcu.externaltools.gnu-tools-for-stm32.10.3-2021.10.win32_1.0.0.202111181127/tools/bin/../lib/gcc/arm-none-eabi/10.3.1/../../../../arm-none-eabi/lib/thumb/v7-m/nofp\libc_nano.a(lib_a-mprec.o)
                0x0000000008008754                __hi0bits
 .text.__lo0bits
                0x0000000008008794       0x5a d:/software/cubeide/stm32cubeide_1.8.0/stm32cubeide/plugins/com.st.stm32cube.ide.mcu.externaltools.gnu-tools-for-stm32.10.3-2021.10.win32_1.0.0.202111181127/tools/bin/../lib/gcc/arm-none-eabi/10.3.1/../../../../arm-none-eabi/lib/thumb/v7-m/nofp\libc_nano.a(lib_a-mprec.o)
                0x0000000008008794                __lo0bits
 *fill*         0x00000000080087ee        0x2 
 .text.__i2b    0x00000000080087f0       0x2c d:/software/cubeide/stm32cubeide_1.8.0/stm32cubeide/plugins/com.st.stm32cube.ide.mcu.externaltools.gnu-tools-for-stm32.10.3-2021.10.win32_1.0.0.202111181127/tools/bin/../lib/gcc/arm-none-eabi/10.3.1/../../../../arm-none-eabi/lib/thumb/v7-m/nofp\libc_nano.a(lib_a-mprec.o)
                0x00000000080087f0                __i2b
 .text.__multiply
                0x000000000800881c      0x150 d:/software/cubeide/stm32cubeide_1.8.0/stm32cubeide/plugins/com.st.stm32cube.ide.mcu.externaltools.gnu-tools-for-stm32.10.3-2021.10.win32_1.0.0.202111181127/tools/bin/../lib/gcc/arm-none-eabi/10.3.1/../../../../arm-none-eabi/lib/thumb/v7-m/nofp\libc_nano.a(lib_a-mprec.o)
                0x000000000800881c                __multiply
 .text.__pow5mult
                0x000000000800896c       0xb4 d:/software/cubeide/stm32cubeide_1.8.0/stm32cubeide/plugins/com.st.stm32cube.ide.mcu.externaltools.gnu-tools-for-stm32.10.3-2021.10.win32_1.0.0.202111181127/tools/bin/../lib/gcc/arm-none-eabi/10.3.1/../../../../arm-none-eabi/lib/thumb/v7-m/nofp\libc_nano.a(lib_a-mprec.o)
                0x000000000800896c                __pow5mult
 .text.__lshift
                0x0000000008008a20       0xe0 d:/software/cubeide/stm32cubeide_1.8.0/stm32cubeide/plugins/com.st.stm32cube.ide.mcu.externaltools.gnu-tools-for-stm32.10.3-2021.10.win32_1.0.0.202111181127/tools/bin/../lib/gcc/arm-none-eabi/10.3.1/../../../../arm-none-eabi/lib/thumb/v7-m/nofp\libc_nano.a(lib_a-mprec.o)
                0x0000000008008a20                __lshift
 .text.__mcmp   0x0000000008008b00       0x36 d:/software/cubeide/stm32cubeide_1.8.0/stm32cubeide/plugins/com.st.stm32cube.ide.mcu.externaltools.gnu-tools-for-stm32.10.3-2021.10.win32_1.0.0.202111181127/tools/bin/../lib/gcc/arm-none-eabi/10.3.1/../../../../arm-none-eabi/lib/thumb/v7-m/nofp\libc_nano.a(lib_a-mprec.o)
                0x0000000008008b00                __mcmp
 *fill*         0x0000000008008b36        0x2 
 .text.__mdiff  0x0000000008008b38      0x118 d:/software/cubeide/stm32cubeide_1.8.0/stm32cubeide/plugins/com.st.stm32cube.ide.mcu.externaltools.gnu-tools-for-stm32.10.3-2021.10.win32_1.0.0.202111181127/tools/bin/../lib/gcc/arm-none-eabi/10.3.1/../../../../arm-none-eabi/lib/thumb/v7-m/nofp\libc_nano.a(lib_a-mprec.o)
                0x0000000008008b38                __mdiff
 .text.__d2b    0x0000000008008c50       0xb8 d:/software/cubeide/stm32cubeide_1.8.0/stm32cubeide/plugins/com.st.stm32cube.ide.mcu.externaltools.gnu-tools-for-stm32.10.3-2021.10.win32_1.0.0.202111181127/tools/bin/../lib/gcc/arm-none-eabi/10.3.1/../../../../arm-none-eabi/lib/thumb/v7-m/nofp\libc_nano.a(lib_a-mprec.o)
                0x0000000008008c50                __d2b
 .text._calloc_r
                0x0000000008008d08       0x28 d:/software/cubeide/stm32cubeide_1.8.0/stm32cubeide/plugins/com.st.stm32cube.ide.mcu.externaltools.gnu-tools-for-stm32.10.3-2021.10.win32_1.0.0.202111181127/tools/bin/../lib/gcc/arm-none-eabi/10.3.1/../../../../arm-none-eabi/lib/thumb/v7-m/nofp\libc_nano.a(lib_a-nano-callocr.o)
                0x0000000008008d08                _calloc_r
 .text._free_r  0x0000000008008d30       0x90 d:/software/cubeide/stm32cubeide_1.8.0/stm32cubeide/plugins/com.st.stm32cube.ide.mcu.externaltools.gnu-tools-for-stm32.10.3-2021.10.win32_1.0.0.202111181127/tools/bin/../lib/gcc/arm-none-eabi/10.3.1/../../../../arm-none-eabi/lib/thumb/v7-m/nofp\libc_nano.a(lib_a-nano-freer.o)
                0x0000000008008d30                _free_r
 .text.sbrk_aligned
                0x0000000008008dc0       0x40 d:/software/cubeide/stm32cubeide_1.8.0/stm32cubeide/plugins/com.st.stm32cube.ide.mcu.externaltools.gnu-tools-for-stm32.10.3-2021.10.win32_1.0.0.202111181127/tools/bin/../lib/gcc/arm-none-eabi/10.3.1/../../../../arm-none-eabi/lib/thumb/v7-m/nofp\libc_nano.a(lib_a-nano-mallocr.o)
 .text._malloc_r
                0x0000000008008e00       0xe8 d:/software/cubeide/stm32cubeide_1.8.0/stm32cubeide/plugins/com.st.stm32cube.ide.mcu.externaltools.gnu-tools-for-stm32.10.3-2021.10.win32_1.0.0.202111181127/tools/bin/../lib/gcc/arm-none-eabi/10.3.1/../../../../arm-none-eabi/lib/thumb/v7-m/nofp\libc_nano.a(lib_a-nano-mallocr.o)
                0x0000000008008e00                _malloc_r
 .text.__ssputs_r
                0x0000000008008ee8       0xb6 d:/software/cubeide/stm32cubeide_1.8.0/stm32cubeide/plugins/com.st.stm32cube.ide.mcu.externaltools.gnu-tools-for-stm32.10.3-2021.10.win32_1.0.0.202111181127/tools/bin/../lib/gcc/arm-none-eabi/10.3.1/../../../../arm-none-eabi/lib/thumb/v7-m/nofp\libc_nano.a(lib_a-nano-svfprintf.o)
                0x0000000008008ee8                __ssputs_r
 *fill*         0x0000000008008f9e        0x2 
 .text._svfprintf_r
                0x0000000008008fa0      0x200 d:/software/cubeide/stm32cubeide_1.8.0/stm32cubeide/plugins/com.st.stm32cube.ide.mcu.externaltools.gnu-tools-for-stm32.10.3-2021.10.win32_1.0.0.202111181127/tools/bin/../lib/gcc/arm-none-eabi/10.3.1/../../../../arm-none-eabi/lib/thumb/v7-m/nofp\libc_nano.a(lib_a-nano-svfprintf.o)
                0x0000000008008fa0                _svfiprintf_r
                0x0000000008008fa0                _svfprintf_r
 .text._sbrk_r  0x00000000080091a0       0x20 d:/software/cubeide/stm32cubeide_1.8.0/stm32cubeide/plugins/com.st.stm32cube.ide.mcu.externaltools.gnu-tools-for-stm32.10.3-2021.10.win32_1.0.0.202111181127/tools/bin/../lib/gcc/arm-none-eabi/10.3.1/../../../../arm-none-eabi/lib/thumb/v7-m/nofp\libc_nano.a(lib_a-sbrkr.o)
                0x00000000080091a0                _sbrk_r
 .text.__assert_func
                0x00000000080091c0       0x3c d:/software/cubeide/stm32cubeide_1.8.0/stm32cubeide/plugins/com.st.stm32cube.ide.mcu.externaltools.gnu-tools-for-stm32.10.3-2021.10.win32_1.0.0.202111181127/tools/bin/../lib/gcc/arm-none-eabi/10.3.1/../../../../arm-none-eabi/lib/thumb/v7-m/nofp\libc_nano.a(lib_a-assert.o)
                0x00000000080091c0                __assert_func
 .text.fprintf  0x00000000080091fc       0x24 d:/software/cubeide/stm32cubeide_1.8.0/stm32cubeide/plugins/com.st.stm32cube.ide.mcu.externaltools.gnu-tools-for-stm32.10.3-2021.10.win32_1.0.0.202111181127/tools/bin/../lib/gcc/arm-none-eabi/10.3.1/../../../../arm-none-eabi/lib/thumb/v7-m/nofp\libc_nano.a(lib_a-fprintf.o)
                0x00000000080091fc                fiprintf
                0x00000000080091fc                fprintf
 .text.__ascii_mbtowc
                0x0000000008009220       0x24 d:/software/cubeide/stm32cubeide_1.8.0/stm32cubeide/plugins/com.st.stm32cube.ide.mcu.externaltools.gnu-tools-for-stm32.10.3-2021.10.win32_1.0.0.202111181127/tools/bin/../lib/gcc/arm-none-eabi/10.3.1/../../../../arm-none-eabi/lib/thumb/v7-m/nofp\libc_nano.a(lib_a-mbtowc_r.o)
                0x0000000008009220                __ascii_mbtowc
 .text.memmove  0x0000000008009244       0x34 d:/software/cubeide/stm32cubeide_1.8.0/stm32cubeide/plugins/com.st.stm32cube.ide.mcu.externaltools.gnu-tools-for-stm32.10.3-2021.10.win32_1.0.0.202111181127/tools/bin/../lib/gcc/arm-none-eabi/10.3.1/../../../../arm-none-eabi/lib/thumb/v7-m/nofp\libc_nano.a(lib_a-memmove.o)
                0x0000000008009244                memmove
 .text.__malloc_lock
                0x0000000008009278        0xc d:/software/cubeide/stm32cubeide_1.8.0/stm32cubeide/plugins/com.st.stm32cube.ide.mcu.externaltools.gnu-tools-for-stm32.10.3-2021.10.win32_1.0.0.202111181127/tools/bin/../lib/gcc/arm-none-eabi/10.3.1/../../../../arm-none-eabi/lib/thumb/v7-m/nofp\libc_nano.a(lib_a-mlock.o)
                0x0000000008009278                __malloc_lock
 .text.__malloc_unlock
                0x0000000008009284        0xc d:/software/cubeide/stm32cubeide_1.8.0/stm32cubeide/plugins/com.st.stm32cube.ide.mcu.externaltools.gnu-tools-for-stm32.10.3-2021.10.win32_1.0.0.202111181127/tools/bin/../lib/gcc/arm-none-eabi/10.3.1/../../../../arm-none-eabi/lib/thumb/v7-m/nofp\libc_nano.a(lib_a-mlock.o)
                0x0000000008009284                __malloc_unlock
 .text._realloc_r
                0x0000000008009290       0x5e d:/software/cubeide/stm32cubeide_1.8.0/stm32cubeide/plugins/com.st.stm32cube.ide.mcu.externaltools.gnu-tools-for-stm32.10.3-2021.10.win32_1.0.0.202111181127/tools/bin/../lib/gcc/arm-none-eabi/10.3.1/../../../../arm-none-eabi/lib/thumb/v7-m/nofp\libc_nano.a(lib_a-nano-reallocr.o)
                0x0000000008009290                _realloc_r
 .text.__sfputc_r
                0x00000000080092ee       0x2a d:/software/cubeide/stm32cubeide_1.8.0/stm32cubeide/plugins/com.st.stm32cube.ide.mcu.externaltools.gnu-tools-for-stm32.10.3-2021.10.win32_1.0.0.202111181127/tools/bin/../lib/gcc/arm-none-eabi/10.3.1/../../../../arm-none-eabi/lib/thumb/v7-m/nofp\libc_nano.a(lib_a-nano-vfprintf.o)
 .text.__sfputs_r
                0x0000000008009318       0x24 d:/software/cubeide/stm32cubeide_1.8.0/stm32cubeide/plugins/com.st.stm32cube.ide.mcu.externaltools.gnu-tools-for-stm32.10.3-2021.10.win32_1.0.0.202111181127/tools/bin/../lib/gcc/arm-none-eabi/10.3.1/../../../../arm-none-eabi/lib/thumb/v7-m/nofp\libc_nano.a(lib_a-nano-vfprintf.o)
                0x0000000008009318                __sfputs_r
 .text._vfprintf_r
                0x000000000800933c      0x260 d:/software/cubeide/stm32cubeide_1.8.0/stm32cubeide/plugins/com.st.stm32cube.ide.mcu.externaltools.gnu-tools-for-stm32.10.3-2021.10.win32_1.0.0.202111181127/tools/bin/../lib/gcc/arm-none-eabi/10.3.1/../../../../arm-none-eabi/lib/thumb/v7-m/nofp\libc_nano.a(lib_a-nano-vfprintf.o)
                0x000000000800933c                _vfprintf_r
                0x000000000800933c                _vfiprintf_r
 .text.__swbuf_r
                0x000000000800959c       0xa4 d:/software/cubeide/stm32cubeide_1.8.0/stm32cubeide/plugins/com.st.stm32cube.ide.mcu.externaltools.gnu-tools-for-stm32.10.3-2021.10.win32_1.0.0.202111181127/tools/bin/../lib/gcc/arm-none-eabi/10.3.1/../../../../arm-none-eabi/lib/thumb/v7-m/nofp\libc_nano.a(lib_a-wbuf.o)
                0x000000000800959c                __swbuf_r
 .text.__ascii_wctomb
                0x0000000008009640       0x1a d:/software/cubeide/stm32cubeide_1.8.0/stm32cubeide/plugins/com.st.stm32cube.ide.mcu.externaltools.gnu-tools-for-stm32.10.3-2021.10.win32_1.0.0.202111181127/tools/bin/../lib/gcc/arm-none-eabi/10.3.1/../../../../arm-none-eabi/lib/thumb/v7-m/nofp\libc_nano.a(lib_a-wctomb_r.o)
                0x0000000008009640                __ascii_wctomb
 *fill*         0x000000000800965a        0x2 
 .text.__swsetup_r
                0x000000000800965c       0xdc d:/software/cubeide/stm32cubeide_1.8.0/stm32cubeide/plugins/com.st.stm32cube.ide.mcu.externaltools.gnu-tools-for-stm32.10.3-2021.10.win32_1.0.0.202111181127/tools/bin/../lib/gcc/arm-none-eabi/10.3.1/../../../../arm-none-eabi/lib/thumb/v7-m/nofp\libc_nano.a(lib_a-wsetup.o)
                0x000000000800965c                __swsetup_r
 .text.abort    0x0000000008009738        0xe d:/software/cubeide/stm32cubeide_1.8.0/stm32cubeide/plugins/com.st.stm32cube.ide.mcu.externaltools.gnu-tools-for-stm32.10.3-2021.10.win32_1.0.0.202111181127/tools/bin/../lib/gcc/arm-none-eabi/10.3.1/../../../../arm-none-eabi/lib/thumb/v7-m/nofp\libc_nano.a(lib_a-abort.o)
                0x0000000008009738                abort
 *fill*         0x0000000008009746        0x2 
 .text.__sflush_r
                0x0000000008009748      0x104 d:/software/cubeide/stm32cubeide_1.8.0/stm32cubeide/plugins/com.st.stm32cube.ide.mcu.externaltools.gnu-tools-for-stm32.10.3-2021.10.win32_1.0.0.202111181127/tools/bin/../lib/gcc/arm-none-eabi/10.3.1/../../../../arm-none-eabi/lib/thumb/v7-m/nofp\libc_nano.a(lib_a-fflush.o)
                0x0000000008009748                __sflush_r
 .text._fflush_r
                0x000000000800984c       0x78 d:/software/cubeide/stm32cubeide_1.8.0/stm32cubeide/plugins/com.st.stm32cube.ide.mcu.externaltools.gnu-tools-for-stm32.10.3-2021.10.win32_1.0.0.202111181127/tools/bin/../lib/gcc/arm-none-eabi/10.3.1/../../../../arm-none-eabi/lib/thumb/v7-m/nofp\libc_nano.a(lib_a-fflush.o)
                0x000000000800984c                _fflush_r
 .text.std      0x00000000080098c4       0x48 d:/software/cubeide/stm32cubeide_1.8.0/stm32cubeide/plugins/com.st.stm32cube.ide.mcu.externaltools.gnu-tools-for-stm32.10.3-2021.10.win32_1.0.0.202111181127/tools/bin/../lib/gcc/arm-none-eabi/10.3.1/../../../../arm-none-eabi/lib/thumb/v7-m/nofp\libc_nano.a(lib_a-findfp.o)
 .text._cleanup_r
                0x000000000800990c        0xc d:/software/cubeide/stm32cubeide_1.8.0/stm32cubeide/plugins/com.st.stm32cube.ide.mcu.externaltools.gnu-tools-for-stm32.10.3-2021.10.win32_1.0.0.202111181127/tools/bin/../lib/gcc/arm-none-eabi/10.3.1/../../../../arm-none-eabi/lib/thumb/v7-m/nofp\libc_nano.a(lib_a-findfp.o)
                0x000000000800990c                _cleanup_r
 .text.__sfmoreglue
                0x0000000008009918       0x2c d:/software/cubeide/stm32cubeide_1.8.0/stm32cubeide/plugins/com.st.stm32cube.ide.mcu.externaltools.gnu-tools-for-stm32.10.3-2021.10.win32_1.0.0.202111181127/tools/bin/../lib/gcc/arm-none-eabi/10.3.1/../../../../arm-none-eabi/lib/thumb/v7-m/nofp\libc_nano.a(lib_a-findfp.o)
                0x0000000008009918                __sfmoreglue
 .text.__sfp_lock_acquire
                0x0000000008009944        0xc d:/software/cubeide/stm32cubeide_1.8.0/stm32cubeide/plugins/com.st.stm32cube.ide.mcu.externaltools.gnu-tools-for-stm32.10.3-2021.10.win32_1.0.0.202111181127/tools/bin/../lib/gcc/arm-none-eabi/10.3.1/../../../../arm-none-eabi/lib/thumb/v7-m/nofp\libc_nano.a(lib_a-findfp.o)
                0x0000000008009944                __sfp_lock_acquire
 .text.__sfp_lock_release
                0x0000000008009950        0xc d:/software/cubeide/stm32cubeide_1.8.0/stm32cubeide/plugins/com.st.stm32cube.ide.mcu.externaltools.gnu-tools-for-stm32.10.3-2021.10.win32_1.0.0.202111181127/tools/bin/../lib/gcc/arm-none-eabi/10.3.1/../../../../arm-none-eabi/lib/thumb/v7-m/nofp\libc_nano.a(lib_a-findfp.o)
                0x0000000008009950                __sfp_lock_release
 .text.__sinit_lock_acquire
                0x000000000800995c        0xc d:/software/cubeide/stm32cubeide_1.8.0/stm32cubeide/plugins/com.st.stm32cube.ide.mcu.externaltools.gnu-tools-for-stm32.10.3-2021.10.win32_1.0.0.202111181127/tools/bin/../lib/gcc/arm-none-eabi/10.3.1/../../../../arm-none-eabi/lib/thumb/v7-m/nofp\libc_nano.a(lib_a-findfp.o)
                0x000000000800995c                __sinit_lock_acquire
 .text.__sinit_lock_release
                0x0000000008009968        0xc d:/software/cubeide/stm32cubeide_1.8.0/stm32cubeide/plugins/com.st.stm32cube.ide.mcu.externaltools.gnu-tools-for-stm32.10.3-2021.10.win32_1.0.0.202111181127/tools/bin/../lib/gcc/arm-none-eabi/10.3.1/../../../../arm-none-eabi/lib/thumb/v7-m/nofp\libc_nano.a(lib_a-findfp.o)
                0x0000000008009968                __sinit_lock_release
 .text.__sinit  0x0000000008009974       0x70 d:/software/cubeide/stm32cubeide_1.8.0/stm32cubeide/plugins/com.st.stm32cube.ide.mcu.externaltools.gnu-tools-for-stm32.10.3-2021.10.win32_1.0.0.202111181127/tools/bin/../lib/gcc/arm-none-eabi/10.3.1/../../../../arm-none-eabi/lib/thumb/v7-m/nofp\libc_nano.a(lib_a-findfp.o)
                0x0000000008009974                __sinit
 .text.__sfp    0x00000000080099e4       0x8c d:/software/cubeide/stm32cubeide_1.8.0/stm32cubeide/plugins/com.st.stm32cube.ide.mcu.externaltools.gnu-tools-for-stm32.10.3-2021.10.win32_1.0.0.202111181127/tools/bin/../lib/gcc/arm-none-eabi/10.3.1/../../../../arm-none-eabi/lib/thumb/v7-m/nofp\libc_nano.a(lib_a-findfp.o)
                0x00000000080099e4                __sfp
 .text._fwalk_reent
                0x0000000008009a70       0x3e d:/software/cubeide/stm32cubeide_1.8.0/stm32cubeide/plugins/com.st.stm32cube.ide.mcu.externaltools.gnu-tools-for-stm32.10.3-2021.10.win32_1.0.0.202111181127/tools/bin/../lib/gcc/arm-none-eabi/10.3.1/../../../../arm-none-eabi/lib/thumb/v7-m/nofp\libc_nano.a(lib_a-fwalk.o)
                0x0000000008009a70                _fwalk_reent
 .text.__retarget_lock_init_recursive
                0x0000000008009aae        0x2 d:/software/cubeide/stm32cubeide_1.8.0/stm32cubeide/plugins/com.st.stm32cube.ide.mcu.externaltools.gnu-tools-for-stm32.10.3-2021.10.win32_1.0.0.202111181127/tools/bin/../lib/gcc/arm-none-eabi/10.3.1/../../../../arm-none-eabi/lib/thumb/v7-m/nofp\libc_nano.a(lib_a-lock.o)
                0x0000000008009aae                __retarget_lock_init_recursive
 .text.__retarget_lock_acquire_recursive
                0x0000000008009ab0        0x2 d:/software/cubeide/stm32cubeide_1.8.0/stm32cubeide/plugins/com.st.stm32cube.ide.mcu.externaltools.gnu-tools-for-stm32.10.3-2021.10.win32_1.0.0.202111181127/tools/bin/../lib/gcc/arm-none-eabi/10.3.1/../../../../arm-none-eabi/lib/thumb/v7-m/nofp\libc_nano.a(lib_a-lock.o)
                0x0000000008009ab0                __retarget_lock_acquire_recursive
 .text.__retarget_lock_release_recursive
                0x0000000008009ab2        0x2 d:/software/cubeide/stm32cubeide_1.8.0/stm32cubeide/plugins/com.st.stm32cube.ide.mcu.externaltools.gnu-tools-for-stm32.10.3-2021.10.win32_1.0.0.202111181127/tools/bin/../lib/gcc/arm-none-eabi/10.3.1/../../../../arm-none-eabi/lib/thumb/v7-m/nofp\libc_nano.a(lib_a-lock.o)
                0x0000000008009ab2                __retarget_lock_release_recursive
 .text.__swhatbuf_r
                0x0000000008009ab4       0x4a d:/software/cubeide/stm32cubeide_1.8.0/stm32cubeide/plugins/com.st.stm32cube.ide.mcu.externaltools.gnu-tools-for-stm32.10.3-2021.10.win32_1.0.0.202111181127/tools/bin/../lib/gcc/arm-none-eabi/10.3.1/../../../../arm-none-eabi/lib/thumb/v7-m/nofp\libc_nano.a(lib_a-makebuf.o)
                0x0000000008009ab4                __swhatbuf_r
 *fill*         0x0000000008009afe        0x2 
 .text.__smakebuf_r
                0x0000000008009b00       0x80 d:/software/cubeide/stm32cubeide_1.8.0/stm32cubeide/plugins/com.st.stm32cube.ide.mcu.externaltools.gnu-tools-for-stm32.10.3-2021.10.win32_1.0.0.202111181127/tools/bin/../lib/gcc/arm-none-eabi/10.3.1/../../../../arm-none-eabi/lib/thumb/v7-m/nofp\libc_nano.a(lib_a-makebuf.o)
                0x0000000008009b00                __smakebuf_r
 .text._malloc_usable_size_r
                0x0000000008009b80       0x10 d:/software/cubeide/stm32cubeide_1.8.0/stm32cubeide/plugins/com.st.stm32cube.ide.mcu.externaltools.gnu-tools-for-stm32.10.3-2021.10.win32_1.0.0.202111181127/tools/bin/../lib/gcc/arm-none-eabi/10.3.1/../../../../arm-none-eabi/lib/thumb/v7-m/nofp\libc_nano.a(lib_a-nano-msizer.o)
                0x0000000008009b80                _malloc_usable_size_r
 .text._raise_r
                0x0000000008009b90       0x50 d:/software/cubeide/stm32cubeide_1.8.0/stm32cubeide/plugins/com.st.stm32cube.ide.mcu.externaltools.gnu-tools-for-stm32.10.3-2021.10.win32_1.0.0.202111181127/tools/bin/../lib/gcc/arm-none-eabi/10.3.1/../../../../arm-none-eabi/lib/thumb/v7-m/nofp\libc_nano.a(lib_a-signal.o)
                0x0000000008009b90                _raise_r
 .text.raise    0x0000000008009be0       0x10 d:/software/cubeide/stm32cubeide_1.8.0/stm32cubeide/plugins/com.st.stm32cube.ide.mcu.externaltools.gnu-tools-for-stm32.10.3-2021.10.win32_1.0.0.202111181127/tools/bin/../lib/gcc/arm-none-eabi/10.3.1/../../../../arm-none-eabi/lib/thumb/v7-m/nofp\libc_nano.a(lib_a-signal.o)
                0x0000000008009be0                raise
 .text._kill_r  0x0000000008009bf0       0x24 d:/software/cubeide/stm32cubeide_1.8.0/stm32cubeide/plugins/com.st.stm32cube.ide.mcu.externaltools.gnu-tools-for-stm32.10.3-2021.10.win32_1.0.0.202111181127/tools/bin/../lib/gcc/arm-none-eabi/10.3.1/../../../../arm-none-eabi/lib/thumb/v7-m/nofp\libc_nano.a(lib_a-signalr.o)
                0x0000000008009bf0                _kill_r
 .text._getpid_r
                0x0000000008009c14        0x4 d:/software/cubeide/stm32cubeide_1.8.0/stm32cubeide/plugins/com.st.stm32cube.ide.mcu.externaltools.gnu-tools-for-stm32.10.3-2021.10.win32_1.0.0.202111181127/tools/bin/../lib/gcc/arm-none-eabi/10.3.1/../../../../arm-none-eabi/lib/thumb/v7-m/nofp\libc_nano.a(lib_a-signalr.o)
                0x0000000008009c14                _getpid_r
 .text.__sread  0x0000000008009c18       0x22 d:/software/cubeide/stm32cubeide_1.8.0/stm32cubeide/plugins/com.st.stm32cube.ide.mcu.externaltools.gnu-tools-for-stm32.10.3-2021.10.win32_1.0.0.202111181127/tools/bin/../lib/gcc/arm-none-eabi/10.3.1/../../../../arm-none-eabi/lib/thumb/v7-m/nofp\libc_nano.a(lib_a-stdio.o)
                0x0000000008009c18                __sread
 .text.__swrite
                0x0000000008009c3a       0x38 d:/software/cubeide/stm32cubeide_1.8.0/stm32cubeide/plugins/com.st.stm32cube.ide.mcu.externaltools.gnu-tools-for-stm32.10.3-2021.10.win32_1.0.0.202111181127/tools/bin/../lib/gcc/arm-none-eabi/10.3.1/../../../../arm-none-eabi/lib/thumb/v7-m/nofp\libc_nano.a(lib_a-stdio.o)
                0x0000000008009c3a                __swrite
 .text.__sseek  0x0000000008009c72       0x24 d:/software/cubeide/stm32cubeide_1.8.0/stm32cubeide/plugins/com.st.stm32cube.ide.mcu.externaltools.gnu-tools-for-stm32.10.3-2021.10.win32_1.0.0.202111181127/tools/bin/../lib/gcc/arm-none-eabi/10.3.1/../../../../arm-none-eabi/lib/thumb/v7-m/nofp\libc_nano.a(lib_a-stdio.o)
                0x0000000008009c72                __sseek
 .text.__sclose
                0x0000000008009c96        0x8 d:/software/cubeide/stm32cubeide_1.8.0/stm32cubeide/plugins/com.st.stm32cube.ide.mcu.externaltools.gnu-tools-for-stm32.10.3-2021.10.win32_1.0.0.202111181127/tools/bin/../lib/gcc/arm-none-eabi/10.3.1/../../../../arm-none-eabi/lib/thumb/v7-m/nofp\libc_nano.a(lib_a-stdio.o)
                0x0000000008009c96                __sclose
 *fill*         0x0000000008009c9e        0x2 
 .text._write_r
                0x0000000008009ca0       0x24 d:/software/cubeide/stm32cubeide_1.8.0/stm32cubeide/plugins/com.st.stm32cube.ide.mcu.externaltools.gnu-tools-for-stm32.10.3-2021.10.win32_1.0.0.202111181127/tools/bin/../lib/gcc/arm-none-eabi/10.3.1/../../../../arm-none-eabi/lib/thumb/v7-m/nofp\libc_nano.a(lib_a-writer.o)
                0x0000000008009ca0                _write_r
 .text._close_r
                0x0000000008009cc4       0x20 d:/software/cubeide/stm32cubeide_1.8.0/stm32cubeide/plugins/com.st.stm32cube.ide.mcu.externaltools.gnu-tools-for-stm32.10.3-2021.10.win32_1.0.0.202111181127/tools/bin/../lib/gcc/arm-none-eabi/10.3.1/../../../../arm-none-eabi/lib/thumb/v7-m/nofp\libc_nano.a(lib_a-closer.o)
                0x0000000008009cc4                _close_r
 .text._fstat_r
                0x0000000008009ce4       0x24 d:/software/cubeide/stm32cubeide_1.8.0/stm32cubeide/plugins/com.st.stm32cube.ide.mcu.externaltools.gnu-tools-for-stm32.10.3-2021.10.win32_1.0.0.202111181127/tools/bin/../lib/gcc/arm-none-eabi/10.3.1/../../../../arm-none-eabi/lib/thumb/v7-m/nofp\libc_nano.a(lib_a-fstatr.o)
                0x0000000008009ce4                _fstat_r
 .text._isatty_r
                0x0000000008009d08       0x20 d:/software/cubeide/stm32cubeide_1.8.0/stm32cubeide/plugins/com.st.stm32cube.ide.mcu.externaltools.gnu-tools-for-stm32.10.3-2021.10.win32_1.0.0.202111181127/tools/bin/../lib/gcc/arm-none-eabi/10.3.1/../../../../arm-none-eabi/lib/thumb/v7-m/nofp\libc_nano.a(lib_a-isattyr.o)
                0x0000000008009d08                _isatty_r
 .text._lseek_r
                0x0000000008009d28       0x24 d:/software/cubeide/stm32cubeide_1.8.0/stm32cubeide/plugins/com.st.stm32cube.ide.mcu.externaltools.gnu-tools-for-stm32.10.3-2021.10.win32_1.0.0.202111181127/tools/bin/../lib/gcc/arm-none-eabi/10.3.1/../../../../arm-none-eabi/lib/thumb/v7-m/nofp\libc_nano.a(lib_a-lseekr.o)
                0x0000000008009d28                _lseek_r
 .text._read_r  0x0000000008009d4c       0x24 d:/software/cubeide/stm32cubeide_1.8.0/stm32cubeide/plugins/com.st.stm32cube.ide.mcu.externaltools.gnu-tools-for-stm32.10.3-2021.10.win32_1.0.0.202111181127/tools/bin/../lib/gcc/arm-none-eabi/10.3.1/../../../../arm-none-eabi/lib/thumb/v7-m/nofp\libc_nano.a(lib_a-readr.o)
                0x0000000008009d4c                _read_r
 .text.round    0x0000000008009d70       0x90 d:/software/cubeide/stm32cubeide_1.8.0/stm32cubeide/plugins/com.st.stm32cube.ide.mcu.externaltools.gnu-tools-for-stm32.10.3-2021.10.win32_1.0.0.202111181127/tools/bin/../lib/gcc/arm-none-eabi/10.3.1/../../../../arm-none-eabi/lib/thumb/v7-m/nofp\libm.a(lib_a-s_round.o)
                0x0000000008009d70                round
 *(.glue_7)
 .glue_7        0x0000000008009e00        0x0 linker stubs
 *(.glue_7t)
 .glue_7t       0x0000000008009e00        0x0 linker stubs
 *(.eh_frame)
 .eh_frame      0x0000000008009e00        0x0 d:/software/cubeide/stm32cubeide_1.8.0/stm32cubeide/plugins/com.st.stm32cube.ide.mcu.externaltools.gnu-tools-for-stm32.10.3-2021.10.win32_1.0.0.202111181127/tools/bin/../lib/gcc/arm-none-eabi/10.3.1/thumb/v7-m/nofp/crtbegin.o
 *(.init)
 .init          0x0000000008009e00        0x4 d:/software/cubeide/stm32cubeide_1.8.0/stm32cubeide/plugins/com.st.stm32cube.ide.mcu.externaltools.gnu-tools-for-stm32.10.3-2021.10.win32_1.0.0.202111181127/tools/bin/../lib/gcc/arm-none-eabi/10.3.1/thumb/v7-m/nofp/crti.o
                0x0000000008009e00                _init
 .init          0x0000000008009e04        0x8 d:/software/cubeide/stm32cubeide_1.8.0/stm32cubeide/plugins/com.st.stm32cube.ide.mcu.externaltools.gnu-tools-for-stm32.10.3-2021.10.win32_1.0.0.202111181127/tools/bin/../lib/gcc/arm-none-eabi/10.3.1/thumb/v7-m/nofp/crtn.o
 *(.fini)
 .fini          0x0000000008009e0c        0x4 d:/software/cubeide/stm32cubeide_1.8.0/stm32cubeide/plugins/com.st.stm32cube.ide.mcu.externaltools.gnu-tools-for-stm32.10.3-2021.10.win32_1.0.0.202111181127/tools/bin/../lib/gcc/arm-none-eabi/10.3.1/thumb/v7-m/nofp/crti.o
                0x0000000008009e0c                _fini
 .fini          0x0000000008009e10        0x8 d:/software/cubeide/stm32cubeide_1.8.0/stm32cubeide/plugins/com.st.stm32cube.ide.mcu.externaltools.gnu-tools-for-stm32.10.3-2021.10.win32_1.0.0.202111181127/tools/bin/../lib/gcc/arm-none-eabi/10.3.1/thumb/v7-m/nofp/crtn.o
                0x0000000008009e18                . = ALIGN (0x4)
                0x0000000008009e18                _etext = .

.vfp11_veneer   0x0000000008009e18        0x0
 .vfp11_veneer  0x0000000008009e18        0x0 linker stubs

.v4_bx          0x0000000008009e18        0x0
 .v4_bx         0x0000000008009e18        0x0 linker stubs

.iplt           0x0000000008009e18        0x0
 .iplt          0x0000000008009e18        0x0 d:/software/cubeide/stm32cubeide_1.8.0/stm32cubeide/plugins/com.st.stm32cube.ide.mcu.externaltools.gnu-tools-for-stm32.10.3-2021.10.win32_1.0.0.202111181127/tools/bin/../lib/gcc/arm-none-eabi/10.3.1/thumb/v7-m/nofp/crtbegin.o

.rodata         0x0000000008009e18      0x85c
                0x0000000008009e18                . = ALIGN (0x4)
 *(.rodata)
 .rodata        0x0000000008009e18      0x100 ./Core/Src/main.o
 .rodata        0x0000000008009f18       0x17 ./Core/Src/stm32f1xx_it.o
 *fill*         0x0000000008009f2f        0x1 
 .rodata        0x0000000008009f30       0x10 ./Drivers/STM32F1xx_HAL_Driver/Src/stm32f1xx_hal_rcc.o
 .rodata        0x0000000008009f40       0xb2 ./Lib/Comm/comm.o
 *fill*         0x0000000008009ff2        0x2 
 .rodata        0x0000000008009ff4        0x7 ./Lib/Debug/debug.o
 *fill*         0x0000000008009ffb        0x1 
 .rodata        0x0000000008009ffc      0x12b ./Lib/SPSGRF/SPSGRF.o
 *(.rodata*)
 *fill*         0x000000000800a127        0x1 
 .rodata.AHBPrescTable
                0x000000000800a128       0x10 ./Core/Src/system_stm32f1xx.o
                0x000000000800a128                AHBPrescTable
 .rodata.APBPrescTable
                0x000000000800a138        0x8 ./Core/Src/system_stm32f1xx.o
                0x000000000800a138                APBPrescTable
 .rodata.s_vectcBandRegValue
                0x000000000800a140        0x4 ./Drivers/SPIRIT1/SPIRIT1_Library/Src/SPIRIT_Management.o
 .rodata.s_vectcBHalfFactor
                0x000000000800a144        0x4 ./Drivers/SPIRIT1/SPIRIT1_Library/Src/SPIRIT_Management.o
 .rodata.s_vectcBHalfFactor
                0x000000000800a148        0x4 ./Drivers/SPIRIT1/SPIRIT1_Library/Src/SPIRIT_Radio.o
 .rodata.s_vectcBandRegValue
                0x000000000800a14c        0x4 ./Drivers/SPIRIT1/SPIRIT1_Library/Src/SPIRIT_Radio.o
 .rodata.s_vectnBandwidth26M
                0x000000000800a150       0xb4 ./Drivers/SPIRIT1/SPIRIT1_Library/Src/SPIRIT_Radio.o
 .rodata.s_vectnVCOFreq
                0x000000000800a204       0x20 ./Drivers/SPIRIT1/SPIRIT1_Library/Src/SPIRIT_Radio.o
 .rodata.fPowerFactors
                0x000000000800a224       0x78 ./Drivers/SPIRIT1/SPIRIT1_Library/Src/SPIRIT_Radio.o
 .rodata._global_impure_ptr
                0x000000000800a29c        0x4 d:/software/cubeide/stm32cubeide_1.8.0/stm32cubeide/plugins/com.st.stm32cube.ide.mcu.externaltools.gnu-tools-for-stm32.10.3-2021.10.win32_1.0.0.202111181127/tools/bin/../lib/gcc/arm-none-eabi/10.3.1/../../../../arm-none-eabi/lib/thumb/v7-m/nofp\libc_nano.a(lib_a-impure.o)
                0x000000000800a29c                _global_impure_ptr
 .rodata._printf_float.str1.1
                0x000000000800a2a0       0x12 d:/software/cubeide/stm32cubeide_1.8.0/stm32cubeide/plugins/com.st.stm32cube.ide.mcu.externaltools.gnu-tools-for-stm32.10.3-2021.10.win32_1.0.0.202111181127/tools/bin/../lib/gcc/arm-none-eabi/10.3.1/../../../../arm-none-eabi/lib/thumb/v7-m/nofp\libc_nano.a(lib_a-nano-vfprintf_float.o)
 .rodata._printf_i.str1.1
                0x000000000800a2b2       0x22 d:/software/cubeide/stm32cubeide_1.8.0/stm32cubeide/plugins/com.st.stm32cube.ide.mcu.externaltools.gnu-tools-for-stm32.10.3-2021.10.win32_1.0.0.202111181127/tools/bin/../lib/gcc/arm-none-eabi/10.3.1/../../../../arm-none-eabi/lib/thumb/v7-m/nofp\libc_nano.a(lib_a-nano-vfprintf_i.o)
 .rodata._dtoa_r.str1.1
                0x000000000800a2d4       0x90 d:/software/cubeide/stm32cubeide_1.8.0/stm32cubeide/plugins/com.st.stm32cube.ide.mcu.externaltools.gnu-tools-for-stm32.10.3-2021.10.win32_1.0.0.202111181127/tools/bin/../lib/gcc/arm-none-eabi/10.3.1/../../../../arm-none-eabi/lib/thumb/v7-m/nofp\libc_nano.a(lib_a-dtoa.o)
                                         0x92 (size before relaxing)
 .rodata._Balloc.str1.1
                0x000000000800a364       0x5c d:/software/cubeide/stm32cubeide_1.8.0/stm32cubeide/plugins/com.st.stm32cube.ide.mcu.externaltools.gnu-tools-for-stm32.10.3-2021.10.win32_1.0.0.202111181127/tools/bin/../lib/gcc/arm-none-eabi/10.3.1/../../../../arm-none-eabi/lib/thumb/v7-m/nofp\libc_nano.a(lib_a-mprec.o)
                                         0x73 (size before relaxing)
 .rodata.__multadd.str1.1
                0x000000000800a3c0       0x11 d:/software/cubeide/stm32cubeide_1.8.0/stm32cubeide/plugins/com.st.stm32cube.ide.mcu.externaltools.gnu-tools-for-stm32.10.3-2021.10.win32_1.0.0.202111181127/tools/bin/../lib/gcc/arm-none-eabi/10.3.1/../../../../arm-none-eabi/lib/thumb/v7-m/nofp\libc_nano.a(lib_a-mprec.o)
 .rodata.__mprec_bigtens
                0x000000000800a3c0       0x28 d:/software/cubeide/stm32cubeide_1.8.0/stm32cubeide/plugins/com.st.stm32cube.ide.mcu.externaltools.gnu-tools-for-stm32.10.3-2021.10.win32_1.0.0.202111181127/tools/bin/../lib/gcc/arm-none-eabi/10.3.1/../../../../arm-none-eabi/lib/thumb/v7-m/nofp\libc_nano.a(lib_a-mprec.o)
                0x000000000800a3c0                __mprec_bigtens
 .rodata.__mprec_tens
                0x000000000800a3e8       0xc8 d:/software/cubeide/stm32cubeide_1.8.0/stm32cubeide/plugins/com.st.stm32cube.ide.mcu.externaltools.gnu-tools-for-stm32.10.3-2021.10.win32_1.0.0.202111181127/tools/bin/../lib/gcc/arm-none-eabi/10.3.1/../../../../arm-none-eabi/lib/thumb/v7-m/nofp\libc_nano.a(lib_a-mprec.o)
                0x000000000800a3e8                __mprec_tens
 .rodata.p05.0  0x000000000800a4b0        0xc d:/software/cubeide/stm32cubeide_1.8.0/stm32cubeide/plugins/com.st.stm32cube.ide.mcu.externaltools.gnu-tools-for-stm32.10.3-2021.10.win32_1.0.0.202111181127/tools/bin/../lib/gcc/arm-none-eabi/10.3.1/../../../../arm-none-eabi/lib/thumb/v7-m/nofp\libc_nano.a(lib_a-mprec.o)
 .rodata._svfprintf_r.str1.1
                0x000000000800a4bc       0x11 d:/software/cubeide/stm32cubeide_1.8.0/stm32cubeide/plugins/com.st.stm32cube.ide.mcu.externaltools.gnu-tools-for-stm32.10.3-2021.10.win32_1.0.0.202111181127/tools/bin/../lib/gcc/arm-none-eabi/10.3.1/../../../../arm-none-eabi/lib/thumb/v7-m/nofp\libc_nano.a(lib_a-nano-svfprintf.o)
 .rodata.__assert_func.str1.1
                0x000000000800a4cd       0x3c d:/software/cubeide/stm32cubeide_1.8.0/stm32cubeide/plugins/com.st.stm32cube.ide.mcu.externaltools.gnu-tools-for-stm32.10.3-2021.10.win32_1.0.0.202111181127/tools/bin/../lib/gcc/arm-none-eabi/10.3.1/../../../../arm-none-eabi/lib/thumb/v7-m/nofp\libc_nano.a(lib_a-assert.o)
                                         0x3d (size before relaxing)
 .rodata._setlocale_r.str1.1
                0x000000000800a509        0x8 d:/software/cubeide/stm32cubeide_1.8.0/stm32cubeide/plugins/com.st.stm32cube.ide.mcu.externaltools.gnu-tools-for-stm32.10.3-2021.10.win32_1.0.0.202111181127/tools/bin/../lib/gcc/arm-none-eabi/10.3.1/../../../../arm-none-eabi/lib/thumb/v7-m/nofp\libc_nano.a(lib_a-locale.o)
                                          0x9 (size before relaxing)
 .rodata.str1.1
                0x000000000800a511        0x2 d:/software/cubeide/stm32cubeide_1.8.0/stm32cubeide/plugins/com.st.stm32cube.ide.mcu.externaltools.gnu-tools-for-stm32.10.3-2021.10.win32_1.0.0.202111181127/tools/bin/../lib/gcc/arm-none-eabi/10.3.1/../../../../arm-none-eabi/lib/thumb/v7-m/nofp\libc_nano.a(lib_a-locale.o)
 .rodata._vfprintf_r.str1.1
                0x000000000800a513       0x11 d:/software/cubeide/stm32cubeide_1.8.0/stm32cubeide/plugins/com.st.stm32cube.ide.mcu.externaltools.gnu-tools-for-stm32.10.3-2021.10.win32_1.0.0.202111181127/tools/bin/../lib/gcc/arm-none-eabi/10.3.1/../../../../arm-none-eabi/lib/thumb/v7-m/nofp\libc_nano.a(lib_a-nano-vfprintf.o)
 .rodata._ctype_
                0x000000000800a513      0x101 d:/software/cubeide/stm32cubeide_1.8.0/stm32cubeide/plugins/com.st.stm32cube.ide.mcu.externaltools.gnu-tools-for-stm32.10.3-2021.10.win32_1.0.0.202111181127/tools/bin/../lib/gcc/arm-none-eabi/10.3.1/../../../../arm-none-eabi/lib/thumb/v7-m/nofp\libc_nano.a(lib_a-ctype_.o)
                0x000000000800a513                _ctype_
 .rodata.__sf_fake_stderr
                0x000000000800a614       0x20 d:/software/cubeide/stm32cubeide_1.8.0/stm32cubeide/plugins/com.st.stm32cube.ide.mcu.externaltools.gnu-tools-for-stm32.10.3-2021.10.win32_1.0.0.202111181127/tools/bin/../lib/gcc/arm-none-eabi/10.3.1/../../../../arm-none-eabi/lib/thumb/v7-m/nofp\libc_nano.a(lib_a-findfp.o)
                0x000000000800a614                __sf_fake_stderr
 .rodata.__sf_fake_stdin
                0x000000000800a634       0x20 d:/software/cubeide/stm32cubeide_1.8.0/stm32cubeide/plugins/com.st.stm32cube.ide.mcu.externaltools.gnu-tools-for-stm32.10.3-2021.10.win32_1.0.0.202111181127/tools/bin/../lib/gcc/arm-none-eabi/10.3.1/../../../../arm-none-eabi/lib/thumb/v7-m/nofp\libc_nano.a(lib_a-findfp.o)
                0x000000000800a634                __sf_fake_stdin
 .rodata.__sf_fake_stdout
                0x000000000800a654       0x20 d:/software/cubeide/stm32cubeide_1.8.0/stm32cubeide/plugins/com.st.stm32cube.ide.mcu.externaltools.gnu-tools-for-stm32.10.3-2021.10.win32_1.0.0.202111181127/tools/bin/../lib/gcc/arm-none-eabi/10.3.1/../../../../arm-none-eabi/lib/thumb/v7-m/nofp\libc_nano.a(lib_a-findfp.o)
                0x000000000800a654                __sf_fake_stdout
                0x000000000800a674                . = ALIGN (0x4)

.rel.dyn        0x000000000800a674        0x0
 .rel.iplt      0x000000000800a674        0x0 d:/software/cubeide/stm32cubeide_1.8.0/stm32cubeide/plugins/com.st.stm32cube.ide.mcu.externaltools.gnu-tools-for-stm32.10.3-2021.10.win32_1.0.0.202111181127/tools/bin/../lib/gcc/arm-none-eabi/10.3.1/thumb/v7-m/nofp/crtbegin.o

.ARM.extab      0x000000000800a674        0x0
                0x000000000800a674                . = ALIGN (0x4)
 *(.ARM.extab* .gnu.linkonce.armextab.*)
                0x000000000800a674                . = ALIGN (0x4)

.ARM            0x000000000800a674        0x0
                0x000000000800a674                . = ALIGN (0x4)
                0x000000000800a674                __exidx_start = .
 *(.ARM.exidx*)
                0x000000000800a674                __exidx_end = .
                0x000000000800a674                . = ALIGN (0x4)

.preinit_array  0x000000000800a674        0x0
                0x000000000800a674                . = ALIGN (0x4)
                0x000000000800a674                PROVIDE (__preinit_array_start = .)
 *(.preinit_array*)
                0x000000000800a674                PROVIDE (__preinit_array_end = .)
                0x000000000800a674                . = ALIGN (0x4)

.init_array     0x000000000800a674        0x4
                0x000000000800a674                . = ALIGN (0x4)
                0x000000000800a674                PROVIDE (__init_array_start = .)
 *(SORT_BY_NAME(.init_array.*))
 *(.init_array*)