Archive member included to satisfy reference by file (symbol)

d:/software/cubeide/stm32cubeide_1.8.0/stm32cubeide/plugins/com.st.stm32cube.ide.mcu.externaltools.gnu-tools-for-stm32.10.3-2021.10.win32_1.0.0.202111181127/tools/bin/../lib/gcc/arm-none-eabi/10.3.1/../../../../arm-none-eabi/lib/thumb/v7-m/nofp\libc_nano.a(lib_a-errno.o)
                              ./Core/Src/syscalls.o (__errno)
d:/software/cubeide/stm32cubeide_1.8.0/stm32cubeide/plugins/com.st.stm32cube.ide.mcu.externaltools.gnu-tools-for-stm32.10.3-2021.10.win32_1.0.0.202111181127/tools/bin/../lib/gcc/arm-none-eabi/10.3.1/../../../../arm-none-eabi/lib/thumb/v7-m/nofp\libc_nano.a(lib_a-exit.o)
                              d:/software/cubeide/stm32cubeide_1.8.0/stm32cubeide/plugins/com.st.stm32cube.ide.mcu.externaltools.gnu-tools-for-stm32.10.3-2021.10.win32_1.0.0.202111181127/tools/bin/../lib/gcc/arm-none-eabi/10.3.1/../../../../arm-none-eabi/lib/thumb/v7-m/nofp/crt0.o (exit)
d:/software/cubeide/stm32cubeide_1.8.0/stm32cubeide/plugins/com.st.stm32cube.ide.mcu.externaltools.gnu-tools-for-stm32.10.3-2021.10.win32_1.0.0.202111181127/tools/bin/../lib/gcc/arm-none-eabi/10.3.1/../../../../arm-none-eabi/lib/thumb/v7-m/nofp\libc_nano.a(lib_a-impure.o)
                              d:/software/cubeide/stm32cubeide_1.8.0/stm32cubeide/plugins/com.st.stm32cube.ide.mcu.externaltools.gnu-tools-for-stm32.10.3-2021.10.win32_1.0.0.202111181127/tools/bin/../lib/gcc/arm-none-eabi/10.3.1/../../../../arm-none-eabi/lib/thumb/v7-m/nofp\libc_nano.a(lib_a-exit.o) (_global_impure_ptr)
d:/software/cubeide/stm32cubeide_1.8.0/stm32cubeide/plugins/com.st.stm32cube.ide.mcu.externaltools.gnu-tools-for-stm32.10.3-2021.10.win32_1.0.0.202111181127/tools/bin/../lib/gcc/arm-none-eabi/10.3.1/../../../../arm-none-eabi/lib/thumb/v7-m/nofp\libc_nano.a(lib_a-init.o)
                              d:/software/cubeide/stm32cubeide_1.8.0/stm32cubeide/plugins/com.st.stm32cube.ide.mcu.externaltools.gnu-tools-for-stm32.10.3-2021.10.win32_1.0.0.202111181127/tools/bin/../lib/gcc/arm-none-eabi/10.3.1/../../../../arm-none-eabi/lib/thumb/v7-m/nofp/crt0.o (__libc_init_array)
d:/software/cubeide/stm32cubeide_1.8.0/stm32cubeide/plugins/com.st.stm32cube.ide.mcu.externaltools.gnu-tools-for-stm32.10.3-2021.10.win32_1.0.0.202111181127/tools/bin/../lib/gcc/arm-none-eabi/10.3.1/../../../../arm-none-eabi/lib/thumb/v7-m/nofp\libc_nano.a(lib_a-memcpy-stub.o)
                              ./Core/Src/main.o (memcpy)
d:/software/cubeide/stm32cubeide_1.8.0/stm32cubeide/plugins/com.st.stm32cube.ide.mcu.externaltools.gnu-tools-for-stm32.10.3-2021.10.win32_1.0.0.202111181127/tools/bin/../lib/gcc/arm-none-eabi/10.3.1/../../../../arm-none-eabi/lib/thumb/v7-m/nofp\libc_nano.a(lib_a-memset.o)
                              d:/software/cubeide/stm32cubeide_1.8.0/stm32cubeide/plugins/com.st.stm32cube.ide.mcu.externaltools.gnu-tools-for-stm32.10.3-2021.10.win32_1.0.0.202111181127/tools/bin/../lib/gcc/arm-none-eabi/10.3.1/../../../../arm-none-eabi/lib/thumb/v7-m/nofp/crt0.o (memset)
d:/software/cubeide/stm32cubeide_1.8.0/stm32cubeide/plugins/com.st.stm32cube.ide.mcu.externaltools.gnu-tools-for-stm32.10.3-2021.10.win32_1.0.0.202111181127/tools/bin/../lib/gcc/arm-none-eabi/10.3.1/../../../../arm-none-eabi/lib/thumb/v7-m/nofp\libc_nano.a(lib_a-nano-vfprintf_float.o)
                              (_printf_float)
d:/software/cubeide/stm32cubeide_1.8.0/stm32cubeide/plugins/com.st.stm32cube.ide.mcu.externaltools.gnu-tools-for-stm32.10.3-2021.10.win32_1.0.0.202111181127/tools/bin/../lib/gcc/arm-none-eabi/10.3.1/../../../../arm-none-eabi/lib/thumb/v7-m/nofp\libc_nano.a(lib_a-nano-vfprintf_i.o)
                              d:/software/cubeide/stm32cubeide_1.8.0/stm32cubeide/plugins/com.st.stm32cube.ide.mcu.externaltools.gnu-tools-for-stm32.10.3-2021.10.win32_1.0.0.202111181127/tools/bin/../lib/gcc/arm-none-eabi/10.3.1/../../../../arm-none-eabi/lib/thumb/v7-m/nofp\libc_nano.a(lib_a-nano-vfprintf_float.o) (_printf_common)
d:/software/cubeide/stm32cubeide_1.8.0/stm32cubeide/plugins/com.st.stm32cube.ide.mcu.externaltools.gnu-tools-for-stm32.10.3-2021.10.win32_1.0.0.202111181127/tools/bin/../lib/gcc/arm-none-eabi/10.3.1/../../../../arm-none-eabi/lib/thumb/v7-m/nofp\libc_nano.a(lib_a-sprintf.o)
                              ./Lib/Comm/comm.o (sprintf)
d:/software/cubeide/stm32cubeide_1.8.0/stm32cubeide/plugins/com.st.stm32cube.ide.mcu.externaltools.gnu-tools-for-stm32.10.3-2021.10.win32_1.0.0.202111181127/tools/bin/../lib/gcc/arm-none-eabi/10.3.1/../../../../arm-none-eabi/lib/thumb/v7-m/nofp\libc_nano.a(lib_a-strcat.o)
                              ./Lib/Comm/comm.o (strcat)
d:/software/cubeide/stm32cubeide_1.8.0/stm32cubeide/plugins/com.st.stm32cube.ide.mcu.externaltools.gnu-tools-for-stm32.10.3-2021.10.win32_1.0.0.202111181127/tools/bin/../lib/gcc/arm-none-eabi/10.3.1/../../../../arm-none-eabi/lib/thumb/v7-m/nofp\libc_nano.a(lib_a-strlen.o)
                              ./Lib/Debug/debug.o (strlen)
[...]
Memory Configuration

Name             Origin             Length             Attributes
RAM              0x0000000020000000 0x0000000000005000 xrw
FLASH            0x0000000008000000 0x0000000000010000 xr
*default*        0x0000000000000000 0xffffffffffffffff

Linker script and memory map

LOAD d:/software/cubeide/stm32cubeide_1.8.0/stm32cubeide/plugins/com.st.stm32cube.ide.mcu.externaltools.gnu-tools-for-stm32.10.3-2021.10.win32_1.0.0.202111181127/tools/bin/../lib/gcc/arm-none-eabi/10.3.1/thumb/v7-m/nofp/crti.o
LOAD d:/software/cubeide/stm32cubeide_1.8.0/stm32cubeide/plugins/com.st.stm32cube.ide.mcu.externaltools.gnu-tools-for-stm32.10.3-2021.10.win32_1.0.0.202111181127/tools/bin/../lib/gcc/arm-none-eabi/10.3.1/thumb/v7-m/nofp/crtbegin.o
LOAD d:/software/cubeide/stm32cubeide_1.8.0/stm32cubeide/plugins/com.st.stm32cube.ide.mcu.externaltools.gnu-tools-for-stm32.10.3-2021.10.win32_1.0.0.202111181127/tools/bin/../lib/gcc/arm-none-eabi/10.3.1/../../../../arm-none-eabi/lib/thumb/v7-m/nofp/crt0.o
LOAD ./Core/Src/main.o
LOAD ./Core/Src/stm32f1xx_hal_msp.o
LOAD ./Core/Src/stm32f1xx_it.o
LOAD ./Core/Src/syscalls.o
LOAD ./Core/Src/sysmem.o
LOAD ./Core/Src/system_stm32f1xx.o
LOAD ./Core/Startup/startup_stm32f103c8tx.o
LOAD ./Drivers/SPIRIT1/SPIRIT1_Library/Src/SPIRIT_Aes.o
LOAD ./Drivers/SPIRIT1/SPIRIT1_Library/Src/SPIRIT_Calibration.o
LOAD ./Drivers/SPIRIT1/SPIRIT1_Library/Src/SPIRIT_Commands.o
LOAD ./Drivers/SPIRIT1/SPIRIT1_Library/Src/SPIRIT_Csma.o
LOAD ./Drivers/SPIRIT1/SPIRIT1_Library/Src/SPIRIT_DirectRF.o
LOAD ./Drivers/SPIRIT1/SPIRIT1_Library/Src/SPIRIT_General.o
LOAD ./Drivers/SPIRIT1/SPIRIT1_Library/Src/SPIRIT_Gpio.o
LOAD ./Drivers/SPIRIT1/SPIRIT1_Library/Src/SPIRIT_Irq.o
LOAD ./Drivers/SPIRIT1/SPIRIT1_Library/Src/SPIRIT_LinearFifo.o
LOAD ./Drivers/SPIRIT1/SPIRIT1_Library/Src/SPIRIT_Management.o
LOAD ./Drivers/SPIRIT1/SPIRIT1_Library/Src/SPIRIT_PktBasic.o
LOAD ./Drivers/SPIRIT1/SPIRIT1_Library/Src/SPIRIT_PktCommon.o
LOAD ./Drivers/SPIRIT1/SPIRIT1_Library/Src/SPIRIT_PktMbus.o
LOAD ./Drivers/SPIRIT1/SPIRIT1_Library/Src/SPIRIT_PktStack.o
LOAD ./Drivers/SPIRIT1/SPIRIT1_Library/Src/SPIRIT_Qi.o
LOAD ./Drivers/SPIRIT1/SPIRIT1_Library/Src/SPIRIT_Radio.o
LOAD ./Drivers/SPIRIT1/SPIRIT1_Library/Src/SPIRIT_Timer.o
LOAD ./Drivers/SPIRIT1/SPIRIT1_Library/Src/SPIRIT_Types.o
LOAD ./Drivers/SPIRIT1/SPIRIT1_Library/radio_target.o
LOAD ./Drivers/STM32F1xx_HAL_Driver/Src/stm32f1xx_hal.o
LOAD ./Drivers/STM32F1xx_HAL_Driver/Src/stm32f1xx_hal_cortex.o
LOAD ./Drivers/STM32F1xx_HAL_Driver/Src/stm32f1xx_hal_dma.o
LOAD ./Drivers/STM32F1xx_HAL_Driver/Src/stm32f1xx_hal_exti.o
LOAD ./Drivers/STM32F1xx_HAL_Driver/Src/stm32f1xx_hal_flash.o
LOAD ./Drivers/STM32F1xx_HAL_Driver/Src/stm32f1xx_hal_flash_ex.o
LOAD ./Drivers/STM32F1xx_HAL_Driver/Src/stm32f1xx_hal_gpio.o
LOAD ./Drivers/STM32F1xx_HAL_Driver/Src/stm32f1xx_hal_gpio_ex.o
LOAD ./Drivers/STM32F1xx_HAL_Driver/Src/stm32f1xx_hal_pwr.o
LOAD ./Drivers/STM32F1xx_HAL_Driver/Src/stm32f1xx_hal_rcc.o
LOAD ./Drivers/STM32F1xx_HAL_Driver/Src/stm32f1xx_hal_rcc_ex.o
LOAD ./Drivers/STM32F1xx_HAL_Driver/Src/stm32f1xx_hal_spi.o
LOAD ./Drivers/STM32F1xx_HAL_Driver/Src/stm32f1xx_hal_tim.o
LOAD ./Drivers/STM32F1xx_HAL_Driver/Src/stm32f1xx_hal_tim_ex.o
LOAD ./Drivers/STM32F1xx_HAL_Driver/Src/stm32f1xx_hal_uart.o
LOAD ./Lib/Cbm/config.o
LOAD ./Lib/Comm/comm.o
LOAD ./Lib/Debug/debug.o
LOAD ./Lib/Mesh/mesh.o
LOAD ./Lib/SPSGRF/SPSGRF.o
START GROUP
LOAD d:/software/cubeide/stm32cubeide_1.8.0/stm32cubeide/plugins/com.st.stm32cube.ide.mcu.externaltools.gnu-tools-for-stm32.10.3-2021.10.win32_1.0.0.202111181127/tools/bin/../lib/gcc/arm-none-eabi/10.3.1/../../../../arm-none-eabi/lib/thumb/v7-m/nofp\libc_nano.a
LOAD d:/software/cubeide/stm32cubeide_1.8.0/stm32cubeide/plugins/com.st.stm32cube.ide.mcu.externaltools.gnu-tools-for-stm32.10.3-2021.10.win32_1.0.0.202111181127/tools/bin/../lib/gcc/arm-none-eabi/10.3.1/../../../../arm-none-eabi/lib/thumb/v7-m/nofp\libm.a
END GROUP
START GROUP
LOAD d:/software/cubeide/stm32cubeide_1.8.0/stm32cubeide/plugins/com.st.stm32cube.ide.mcu.externaltools.gnu-tools-for-stm32.10.3-2021.10.win32_1.0.0.202111181127/tools/bin/../lib/gcc/arm-none-eabi/10.3.1/thumb/v7-m/nofp\libgcc.a
LOAD d:/software/cubeide/stm32cubeide_1.8.0/stm32cubeide/plugins/com.st.stm32cube.ide.mcu.externaltools.gnu-tools-for-stm32.10.3-2021.10.win32_1.0.0.202111181127/tools/bin/../lib/gcc/arm-none-eabi/10.3.1/../../../../arm-none-eabi/lib/thumb/v7-m/nofp\libc_nano.a
END GROUP
START GROUP
LOAD d:/software/cubeide/stm32cubeide_1.8.0/stm32cubeide/plugins/com.st.stm32cube.ide.mcu.externaltools.gnu-tools-for-stm32.10.3-2021.10.win32_1.0.0.202111181127/tools/bin/../lib/gcc/arm-none-eabi/10.3.1/thumb/v7-m/nofp\libgcc.a
LOAD d:/software/cubeide/stm32cubeide_1.8.0/stm32cubeide/plugins/com.st.stm32cube.ide.mcu.externaltools.gnu-tools-for-stm32.10.3-2021.10.win32_1.0.0.202111181127/tools/bin/../lib/gcc/arm-none-eabi/10.3.1/../../../../arm-none-eabi/lib/thumb/v7-m/nofp\libc_nano.a
LOAD d:/software/cubeide/stm32cubeide_1.8.0/stm32cubeide/plugins/com.st.stm32cube.ide.mcu.externaltools.gnu-tools-for-stm32.10.3-2021.10.win32_1.0.0.202111181127/tools/bin/../lib/gcc/arm-none-eabi/10.3.1/../../../../arm-none-eabi/lib/thumb/v7-m/nofp\libnosys.a
END GROUP
START GROUP
LOAD d:/software/cubeide/stm32cubeide_1.8.0/stm32cubeide/plugins/com.st.stm32cube.ide.mcu.externaltools.gnu-tools-for-stm32.10.3-2021.10.win32_1.0.0.202111181127/tools/bin/../lib/gcc/arm-none-eabi/10.3.1/thumb/v7-m/nofp\libgcc.a
LOAD d:/software/cubeide/stm32cubeide_1.8.0/stm32cubeide/plugins/com.st.stm32cube.ide.mcu.externaltools.gnu-tools-for-stm32.10.3-2021.10.win32_1.0.0.202111181127/tools/bin/../lib/gcc/arm-none-eabi/10.3.1/../../../../arm-none-eabi/lib/thumb/v7-m/nofp\libc_nano.a
LOAD d:/software/cubeide/stm32cubeide_1.8.0/stm32cubeide/plugins/com.st.stm32cube.ide.mcu.externaltools.gnu-tools-for-stm32.10.3-2021.10.win32_1.0.0.202111181127/tools/bin/../lib/gcc/arm-none-eabi/10.3.1/../../../../arm-none-eabi/lib/thumb/v7-m/nofp\libnosys.a
END GROUP
LOAD d:/software/cubeide/stm32cubeide_1.8.0/stm32cubeide/plugins/com.st.stm32cube.ide.mcu.externaltools.gnu-tools-for-stm32.10.3-2021.10.win32_1.0.0.202111181127/tools/bin/../lib/gcc/arm-none-eabi/10.3.1/thumb/v7-m/nofp/crtend.o
LOAD d:/software/cubeide/stm32cubeide_1.8.0/stm32cubeide/plugins/com.st.stm32cube.ide.mcu.externaltools.gnu-tools-for-stm32.10.3-2021.10.win32_1.0.0.202111181127/tools/bin/../lib/gcc/arm-none-eabi/10.3.1/thumb/v7-m/nofp/crtn.o
                0x0000000020005000                _estack = (ORIGIN (RAM) + LENGTH (RAM))
                0x0000000000000200                _Min_Heap_Size = 0x200
                0x0000000000000400                _Min_Stack_Size = 0x400

.isr_vector     0x0000000008000000      0x10c
                0x0000000008000000                . = ALIGN (0x4)
 *(.isr_vector)
 .isr_vector    0x0000000008000000      0x10c ./Core/Startup/startup_stm32f103c8tx.o
                0x0000000008000000                g_pfnVectors
                0x000000000800010c                . = ALIGN (0x4)

.text           0x0000000008000110     0xa404
                0x0000000008000110                . = ALIGN (0x4)
 *(.text)
 .text          0x0000000008000110       0x40 d:/software/cubeide/stm32cubeide_1.8.0/stm32cubeide/plugins/com.st.stm32cube.ide.mcu.externaltools.gnu-tools-for-stm32.10.3-2021.10.win32_1.0.0.202111181127/tools/bin/../lib/gcc/arm-none-eabi/10.3.1/thumb/v7-m/nofp/crtbegin.o
 .text          0x0000000008000150       0x10 d:/software/cubeide/stm32cubeide_1.8.0/stm32cubeide/plugins/com.st.stm32cube.ide.mcu.externaltools.gnu-tools-for-stm32.10.3-2021.10.win32_1.0.0.202111181127/tools/bin/../lib/gcc/arm-none-eabi/10.3.1/../../../../arm-none-eabi/lib/thumb/v7-m/nofp\libc_nano.a(lib_a-strlen.o)
                0x0000000008000150                strlen
 .text          0x0000000008000160      0x378 d:/software/cubeide/stm32cubeide_1.8.0/stm32cubeide/plugins/com.st.stm32cube.ide.mcu.externaltools.gnu-tools-for-stm32.10.3-2021.10.win32_1.0.0.202111181127/tools/bin/../lib/gcc/arm-none-eabi/10.3.1/thumb/v7-m/nofp\libgcc.a(_arm_addsubdf3.o)
                0x0000000008000160                __aeabi_drsub
                0x0000000008000168                __aeabi_dsub
                0x0000000008000168                __subdf3
                0x000000000800016c                __aeabi_dadd
                0x000000000800016c                __adddf3
                0x00000000080003e4                __floatunsidf
                0x00000000080003e4                __aeabi_ui2d
                0x0000000008000404                __floatsidf
                0x0000000008000404                __aeabi_i2d
                0x0000000008000428                __aeabi_f2d
                0x0000000008000428                __extendsfdf2
                0x000000000800046c                __floatundidf
                0x000000000800046c                __aeabi_ul2d
                0x000000000800047c                __floatdidf
                0x000000000800047c                __aeabi_l2d
 .text          0x00000000080004d8      0x424 d:/software/cubeide/stm32cubeide_1.8.0/stm32cubeide/plugins/com.st.stm32cube.ide.mcu.externaltools.gnu-tools-for-stm32.10.3-2021.10.win32_1.0.0.202111181127/tools/bin/../lib/gcc/arm-none-eabi/10.3.1/thumb/v7-m/nofp\libgcc.a(_arm_muldivdf3.o)
                0x00000000080004d8                __aeabi_dmul
                0x00000000080004d8                __muldf3
                0x000000000800072c                __divdf3
                0x000000000800072c                __aeabi_ddiv
 .text          0x00000000080008fc      0x110 d:/software/cubeide/stm32cubeide_1.8.0/stm32cubeide/plugins/com.st.stm32cube.ide.mcu.externaltools.gnu-tools-for-stm32.10.3-2021.10.win32_1.0.0.202111181127/tools/bin/../lib/gcc/arm-none-eabi/10.3.1/thumb/v7-m/nofp\libgcc.a(_arm_cmpdf2.o)
                0x00000000080008fc                __gtdf2
                0x00000000080008fc                __gedf2
                0x0000000008000904                __ltdf2
                0x0000000008000904                __ledf2
                0x000000000800090c                __nedf2
                0x000000000800090c                __eqdf2
                0x000000000800090c                __cmpdf2
                0x0000000008000988                __aeabi_cdrcmple
                0x0000000008000998                __aeabi_cdcmpeq
                0x0000000008000998                __aeabi_cdcmple
                0x00000000080009a8                __aeabi_dcmpeq
                0x00000000080009bc                __aeabi_dcmplt
                0x00000000080009d0                __aeabi_dcmple
                0x00000000080009e4                __aeabi_dcmpge
                0x00000000080009f8                __aeabi_dcmpgt
 .text          0x0000000008000a0c       0x2c d:/software/cubeide/stm32cubeide_1.8.0/stm32cubeide/plugins/com.st.stm32cube.ide.mcu.externaltools.gnu-tools-for-stm32.10.3-2021.10.win32_1.0.0.202111181127/tools/bin/../lib/gcc/arm-none-eabi/10.3.1/thumb/v7-m/nofp\libgcc.a(_arm_unorddf2.o)
                0x0000000008000a0c                __unorddf2
                0x0000000008000a0c                __aeabi_dcmpun
 .text          0x0000000008000a38       0x50 d:/software/cubeide/stm32cubeide_1.8.0/stm32cubeide/plugins/com.st.stm32cube.ide.mcu.externaltools.gnu-tools-for-stm32.10.3-2021.10.win32_1.0.0.202111181127/tools/bin/../lib/gcc/arm-none-eabi/10.3.1/thumb/v7-m/nofp\libgcc.a(_arm_fixdfsi.o)
                0x0000000008000a38                __aeabi_d2iz
                0x0000000008000a38                __fixdfsi
 .text          0x0000000008000a88       0x40 d:/software/cubeide/stm32cubeide_1.8.0/stm32cubeide/plugins/com.st.stm32cube.ide.mcu.externaltools.gnu-tools-for-stm32.10.3-2021.10.win32_1.0.0.202111181127/tools/bin/../lib/gcc/arm-none-eabi/10.3.1/thumb/v7-m/nofp\libgcc.a(_arm_fixunsdfsi.o)
                0x0000000008000a88                __aeabi_d2uiz
                0x0000000008000a88                __fixunsdfsi
 .text          0x0000000008000ac8      0x21c d:/software/cubeide/stm32cubeide_1.8.0/stm32cubeide/plugins/com.st.stm32cube.ide.mcu.externaltools.gnu-tools-for-stm32.10.3-2021.10.win32_1.0.0.202111181127/tools/bin/../lib/gcc/arm-none-eabi/10.3.1/thumb/v7-m/nofp\libgcc.a(_arm_addsubsf3.o)
                0x0000000008000ac8                __aeabi_frsub
                0x0000000008000ad0                __subsf3
                0x0000000008000ad0                __aeabi_fsub
                0x0000000008000ad4                __aeabi_fadd
                0x0000000008000ad4                __addsf3
                0x0000000008000c34                __aeabi_ui2f
                0x0000000008000c34                __floatunsisf
                0x0000000008000c3c                __aeabi_i2f
                0x0000000008000c3c                __floatsisf
                0x0000000008000c58                __aeabi_ul2f
                0x0000000008000c58                __floatundisf
                0x0000000008000c68                __aeabi_l2f
                0x0000000008000c68                __floatdisf
 .text          0x0000000008000ce4      0x2a0 d:/software/cubeide/stm32cubeide_1.8.0/stm32cubeide/plugins/com.st.stm32cube.ide.mcu.externaltools.gnu-tools-for-stm32.10.3-2021.10.win32_1.0.0.202111181127/tools/bin/../lib/gcc/arm-none-eabi/10.3.1/thumb/v7-m/nofp\libgcc.a(_arm_muldivsf3.o)
                0x0000000008000ce4                __mulsf3
                0x0000000008000ce4                __aeabi_fmul
                0x0000000008000e4c                __aeabi_fdiv
                0x0000000008000e4c                __divsf3
 .text          0x0000000008000f84       0xec d:/software/cubeide/stm32cubeide_1.8.0/stm32cubeide/plugins/com.st.stm32cube.ide.mcu.externaltools.gnu-tools-for-stm32.10.3-2021.10.win32_1.0.0.202111181127/tools/bin/../lib/gcc/arm-none-eabi/10.3.1/thumb/v7-m/nofp\libgcc.a(_arm_cmpsf2.o)
                0x0000000008000f84                __gesf2
                0x0000000008000f84                __gtsf2
                0x0000000008000f8c                __lesf2
                0x0000000008000f8c                __ltsf2
                0x0000000008000f94                __nesf2
                0x0000000008000f94                __eqsf2
                0x0000000008000f94                __cmpsf2
                0x0000000008000ff4                __aeabi_cfrcmple
                0x0000000008000ffc                __aeabi_cfcmpeq
                0x0000000008000ffc                __aeabi_cfcmple
                0x000000000800100c                __aeabi_fcmpeq
                0x0000000008001020                __aeabi_fcmplt
                0x0000000008001034                __aeabi_fcmple
                0x0000000008001048                __aeabi_fcmpge
                0x000000000800105c                __aeabi_fcmpgt
 .text          0x0000000008001070       0x4c d:/software/cubeide/stm32cubeide_1.8.0/stm32cubeide/plugins/com.st.stm32cube.ide.mcu.externaltools.gnu-tools-for-stm32.10.3-2021.10.win32_1.0.0.202111181127/tools/bin/../lib/gcc/arm-none-eabi/10.3.1/thumb/v7-m/nofp\libgcc.a(_arm_fixsfsi.o)
                0x0000000008001070                __aeabi_f2iz
                0x0000000008001070                __fixsfsi
 .text          0x00000000080010bc       0x40 d:/software/cubeide/stm32cubeide_1.8.0/stm32cubeide/plugins/com.st.stm32cube.ide.mcu.externaltools.gnu-tools-for-stm32.10.3-2021.10.win32_1.0.0.202111181127/tools/bin/../lib/gcc/arm-none-eabi/10.3.1/thumb/v7-m/nofp\libgcc.a(_arm_fixunssfsi.o)
                0x00000000080010bc                __fixunssfsi
                0x00000000080010bc                __aeabi_f2uiz
 *(.text*)
 .text.main     0x00000000080010fc      0x38c ./Core/Src/main.o
                0x00000000080010fc                main
 .text.SystemClock_Config
                0x0000000008001488       0x76 ./Core/Src/main.o
                0x0000000008001488                SystemClock_Config
 *fill*         0x00000000080014fe        0x2 
 .text.MX_SPI1_Init
                0x0000000008001500       0x6c ./Core/Src/main.o
 .text.MX_TIM2_Init
                0x000000000800156c       0x9c ./Core/Src/main.o
 .text.MX_USART1_UART_Init
                0x0000000008001608       0x54 ./Core/Src/main.o
 .text.MX_GPIO_Init
                0x000000000800165c      0x130 ./Core/Src/main.o
 .text.Error_Handler
                0x000000000800178c        0xa ./Core/Src/main.o
                0x000000000800178c                Error_Handler
 *fill*         0x0000000008001796        0x2 
 .text.HAL_MspInit
                0x0000000008001798       0x64 ./Core/Src/stm32f1xx_hal_msp.o
                0x0000000008001798                HAL_MspInit
 .text.HAL_SPI_MspInit
                0x00000000080017fc       0x94 ./Core/Src/stm32f1xx_hal_msp.o
                0x00000000080017fc                HAL_SPI_MspInit
 .text.HAL_TIM_Base_MspInit
                0x0000000008001890       0x48 ./Core/Src/stm32f1xx_hal_msp.o
                0x0000000008001890                HAL_TIM_Base_MspInit
 .text.HAL_UART_MspInit
                0x00000000080018d8       0x98 ./Core/Src/stm32f1xx_hal_msp.o
                0x00000000080018d8                HAL_UART_MspInit
 .text.NMI_Handler
                0x0000000008001970        0x6 ./Core/Src/stm32f1xx_it.o
                0x0000000008001970                NMI_Handler
 *fill*         0x0000000008001976        0x2 
 .text.HardFault_Handler
                0x0000000008001978       0x1c ./Core/Src/stm32f1xx_it.o
                0x0000000008001978                HardFault_Handler
 .text.MemManage_Handler
                0x0000000008001994        0x6 ./Core/Src/stm32f1xx_it.o
                0x0000000008001994                MemManage_Handler
 .text.BusFault_Handler
                0x000000000800199a        0x6 ./Core/Src/stm32f1xx_it.o
                0x000000000800199a                BusFault_Handler
 .text.UsageFault_Handler
                0x00000000080019a0        0x6 ./Core/Src/stm32f1xx_it.o
                0x00000000080019a0                UsageFault_Handler
 .text.SVC_Handler
                0x00000000080019a6        0xc ./Core/Src/stm32f1xx_it.o
                0x00000000080019a6                SVC_Handler
 .text.DebugMon_Handler
                0x00000000080019b2        0xc ./Core/Src/stm32f1xx_it.o
                0x00000000080019b2                DebugMon_Handler
 .text.PendSV_Handler
                0x00000000080019be        0xc ./Core/Src/stm32f1xx_it.o
                0x00000000080019be                PendSV_Handler
 .text.SysTick_Handler
                0x00000000080019ca        0xc ./Core/Src/stm32f1xx_it.o
                0x00000000080019ca                SysTick_Handler
 *fill*         0x00000000080019d6        0x2 
 .text.EXTI1_IRQHandler
                0x00000000080019d8       0x28 ./Core/Src/stm32f1xx_it.o
                0x00000000080019d8                EXTI1_IRQHandler
 .text.TIM2_IRQHandler
                0x0000000008001a00       0x1c ./Core/Src/stm32f1xx_it.o
                0x0000000008001a00                TIM2_IRQHandler
 .text._getpid  0x0000000008001a1c        0xe ./Core/Src/syscalls.o
                0x0000000008001a1c                _getpid
 .text._kill    0x0000000008001a2a       0x20 ./Core/Src/syscalls.o
                0x0000000008001a2a                _kill
 .text._exit    0x0000000008001a4a       0x14 ./Core/Src/syscalls.o
                0x0000000008001a4a                _exit
 .text._read    0x0000000008001a5e       0x3a ./Core/Src/syscalls.o
                0x0000000008001a5e                _read
 .text._write   0x0000000008001a98       0x38 ./Core/Src/syscalls.o
                0x0000000008001a98                _write
 .text._close   0x0000000008001ad0       0x16 ./Core/Src/syscalls.o
                0x0000000008001ad0                _close
 .text._fstat   0x0000000008001ae6       0x1e ./Core/Src/syscalls.o
                0x0000000008001ae6                _fstat
 .text._isatty  0x0000000008001b04       0x14 ./Core/Src/syscalls.o
                0x0000000008001b04                _isatty
 .text._lseek   0x0000000008001b18       0x18 ./Core/Src/syscalls.o
                0x0000000008001b18                _lseek
 .text._sbrk    0x0000000008001b30       0x6c ./Core/Src/sysmem.o
                0x0000000008001b30                _sbrk
 .text.SystemInit
                0x0000000008001b9c        0xc ./Core/Src/system_stm32f1xx.o
                0x0000000008001b9c                SystemInit
 .text.Reset_Handler
                0x0000000008001ba8       0x48 ./Core/Startup/startup_stm32f103c8tx.o
                0x0000000008001ba8                Reset_Handler
 .text.Default_Handler
                0x0000000008001bf0        0x2 ./Core/Startup/startup_stm32f103c8tx.o
                0x0000000008001bf0                RTC_Alarm_IRQHandler
                0x0000000008001bf0                EXTI2_IRQHandler
                0x0000000008001bf0                TIM1_CC_IRQHandler
                0x0000000008001bf0                PVD_IRQHandler
                0x0000000008001bf0                EXTI3_IRQHandler
                0x0000000008001bf0                EXTI0_IRQHandler
                0x0000000008001bf0                I2C2_EV_IRQHandler
                0x0000000008001bf0                ADC1_2_IRQHandler
                0x0000000008001bf0                SPI1_IRQHandler
                0x0000000008001bf0                TAMPER_IRQHandler
                0x0000000008001bf0                DMA1_Channel4_IRQHandler
                0x0000000008001bf0                USART3_IRQHandler
                0x0000000008001bf0                RTC_IRQHandler
                0x0000000008001bf0                DMA1_Channel7_IRQHandler
                0x0000000008001bf0                CAN1_RX1_IRQHandler
                0x0000000008001bf0                TIM4_IRQHandler
                0x0000000008001bf0                I2C1_EV_IRQHandler
                0x0000000008001bf0                DMA1_Channel6_IRQHandler
                0x0000000008001bf0                TIM3_IRQHandler
                0x0000000008001bf0                RCC_IRQHandler
                0x0000000008001bf0                TIM1_TRG_COM_IRQHandler
                0x0000000008001bf0                DMA1_Channel1_IRQHandler
                0x0000000008001bf0                Default_Handler
                0x0000000008001bf0                EXTI15_10_IRQHandler
                0x0000000008001bf0                EXTI9_5_IRQHandler
                0x0000000008001bf0                SPI2_IRQHandler
                0x0000000008001bf0                DMA1_Channel5_IRQHandler
                0x0000000008001bf0                EXTI4_IRQHandler
                0x0000000008001bf0                USB_LP_CAN1_RX0_IRQHandler
                0x0000000008001bf0                USB_HP_CAN1_TX_IRQHandler
                0x0000000008001bf0                DMA1_Channel3_IRQHandler
                0x0000000008001bf0                TIM1_UP_IRQHandler
                0x0000000008001bf0                WWDG_IRQHandler
                0x0000000008001bf0                TIM1_BRK_IRQHandler
                0x0000000008001bf0                USART2_IRQHandler
                0x0000000008001bf0                I2C2_ER_IRQHandler
                0x0000000008001bf0                DMA1_Channel2_IRQHandler
                0x0000000008001bf0                CAN1_SCE_IRQHandler
                0x0000000008001bf0                FLASH_IRQHandler
                0x0000000008001bf0                USART1_IRQHandler
                0x0000000008001bf0                I2C1_ER_IRQHandler
                0x0000000008001bf0                USBWakeUp_IRQHandler
 *fill*         0x0000000008001bf2        0x2 
 .text.SpiritAesMode
                0x0000000008001bf4       0x74 ./Drivers/SPIRIT1/SPIRIT1_Library/Src/SPIRIT_Aes.o
                0x0000000008001bf4                SpiritAesMode
 .text.SpiritAesWriteDataIn
                0x0000000008001c68       0x84 ./Drivers/SPIRIT1/SPIRIT1_Library/Src/SPIRIT_Aes.o
                0x0000000008001c68                SpiritAesWriteDataIn
 .text.SpiritAesReadDataOut
                0x0000000008001cec       0x78 ./Drivers/SPIRIT1/SPIRIT1_Library/Src/SPIRIT_Aes.o
                0x0000000008001cec                SpiritAesReadDataOut
 .text.SpiritAesWriteKey
                0x0000000008001d64       0x5c ./Drivers/SPIRIT1/SPIRIT1_Library/Src/SPIRIT_Aes.o
                0x0000000008001d64                SpiritAesWriteKey
 .text.SpiritAesExecuteEncryption
                0x0000000008001dc0       0x24 ./Drivers/SPIRIT1/SPIRIT1_Library/Src/SPIRIT_Aes.o
                0x0000000008001dc0                SpiritAesExecuteEncryption
 .text.SpiritAesDeriveDecKeyExecuteDec
                0x0000000008001de4       0x24 ./Drivers/SPIRIT1/SPIRIT1_Library/Src/SPIRIT_Aes.o
                0x0000000008001de4                SpiritAesDeriveDecKeyExecuteDec
 .text.SpiritCalibrationVco
                0x0000000008001e08       0x70 ./Drivers/SPIRIT1/SPIRIT1_Library/Src/SPIRIT_Calibration.o
                0x0000000008001e08                SpiritCalibrationVco
 .text.SpiritCalibrationGetVcoCalData
                0x0000000008001e78       0x38 ./Drivers/SPIRIT1/SPIRIT1_Library/Src/SPIRIT_Calibration.o
                0x0000000008001e78                SpiritCalibrationGetVcoCalData
 .text.SpiritCalibrationSetVcoCalDataTx
                0x0000000008001eb0       0x68 ./Drivers/SPIRIT1/SPIRIT1_Library/Src/SPIRIT_Calibration.o
                0x0000000008001eb0                SpiritCalibrationSetVcoCalDataTx
 .text.SpiritCalibrationSetVcoCalDataRx
                0x0000000008001f18       0x68 ./Drivers/SPIRIT1/SPIRIT1_Library/Src/SPIRIT_Calibration.o
                0x0000000008001f18                SpiritCalibrationSetVcoCalDataRx
 .text.SpiritCalibrationSelectVco
                0x0000000008001f80       0x54 ./Drivers/SPIRIT1/SPIRIT1_Library/Src/SPIRIT_Calibration.o
                0x0000000008001f80                SpiritCalibrationSelectVco
 .text.SpiritCmdStrobeCommand
                0x0000000008001fd4       0x30 ./Drivers/SPIRIT1/SPIRIT1_Library/Src/SPIRIT_Commands.o
                0x0000000008001fd4                SpiritCmdStrobeCommand
 .text.SpiritGpioInit
                0x0000000008002004       0x48 ./Drivers/SPIRIT1/SPIRIT1_Library/Src/SPIRIT_Gpio.o
                0x0000000008002004                SpiritGpioInit
 .text.SpiritIrqDeInit
                0x000000000800204c       0x58 ./Drivers/SPIRIT1/SPIRIT1_Library/Src/SPIRIT_Irq.o
                0x000000000800204c                SpiritIrqDeInit
 .text.SpiritIrq
                0x00000000080020a4       0xcc ./Drivers/SPIRIT1/SPIRIT1_Library/Src/SPIRIT_Irq.o
                0x00000000080020a4                SpiritIrq
 .text.SpiritIrqGetStatus
                0x0000000008002170       0x64 ./Drivers/SPIRIT1/SPIRIT1_Library/Src/SPIRIT_Irq.o
                0x0000000008002170                SpiritIrqGetStatus
 .text.SpiritIrqClearStatus
                0x00000000080021d4       0x30 ./Drivers/SPIRIT1/SPIRIT1_Library/Src/SPIRIT_Irq.o
                0x00000000080021d4                SpiritIrqClearStatus
 .text.SpiritLinearFifoReadNumElementsRxFifo
                0x0000000008002204       0x38 ./Drivers/SPIRIT1/SPIRIT1_Library/Src/SPIRIT_LinearFifo.o
                0x0000000008002204                SpiritLinearFifoReadNumElementsRxFifo
 .text.SpiritManagementSetFrequencyBase
                0x000000000800223c      0x204 ./Drivers/SPIRIT1/SPIRIT1_Library/Src/SPIRIT_Management.o
                0x000000000800223c                SpiritManagementSetFrequencyBase
 .text.SpiritManagementWaVcoCalibration
                0x0000000008002440      0x180 ./Drivers/SPIRIT1/SPIRIT1_Library/Src/SPIRIT_Management.o
                0x0000000008002440                SpiritManagementWaVcoCalibration
 .text.SpiritManagementWaCmdStrobeTx
                0x00000000080025c0       0x70 ./Drivers/SPIRIT1/SPIRIT1_Library/Src/SPIRIT_Management.o
                0x00000000080025c0                SpiritManagementWaCmdStrobeTx
 .text.SpiritManagementWaCmdStrobeRx
                0x0000000008002630       0x38 ./Drivers/SPIRIT1/SPIRIT1_Library/Src/SPIRIT_Management.o
                0x0000000008002630                SpiritManagementWaCmdStrobeRx
 .text.SpiritManagementWaTRxFcMem
                0x0000000008002668       0x28 ./Drivers/SPIRIT1/SPIRIT1_Library/Src/SPIRIT_Management.o
                0x0000000008002668                SpiritManagementWaTRxFcMem
 .text.SpiritManagementWaExtraCurrent
                0x0000000008002690       0x4a ./Drivers/SPIRIT1/SPIRIT1_Library/Src/SPIRIT_Management.o
                0x0000000008002690                SpiritManagementWaExtraCurrent
 *fill*         0x00000000080026da        0x2 
 .text.SpiritPktBasicInit
                0x00000000080026dc      0x1ac ./Drivers/SPIRIT1/SPIRIT1_Library/Src/SPIRIT_PktBasic.o
                0x00000000080026dc                SpiritPktBasicInit
 .text.SpiritPktBasicAddressesInit
                0x0000000008002888       0xdc ./Drivers/SPIRIT1/SPIRIT1_Library/Src/SPIRIT_PktBasic.o
                0x0000000008002888                SpiritPktBasicAddressesInit
 .text.SpiritPktBasicGetAddressField
                0x0000000008002964       0x40 ./Drivers/SPIRIT1/SPIRIT1_Library/Src/SPIRIT_PktBasic.o
                0x0000000008002964                SpiritPktBasicGetAddressField
 .text.SpiritPktBasicSetPayloadLength
                0x00000000080029a4       0x70 ./Drivers/SPIRIT1/SPIRIT1_Library/Src/SPIRIT_PktBasic.o
                0x00000000080029a4                SpiritPktBasicSetPayloadLength
 .text.SpiritPktCommonGetControlLength
                0x0000000008002a14       0x38 ./Drivers/SPIRIT1/SPIRIT1_Library/Src/SPIRIT_PktCommon.o
                0x0000000008002a14                SpiritPktCommonGetControlLength
 .text.SpiritPktCommonFilterOnCrc
                0x0000000008002a4c       0x70 ./Drivers/SPIRIT1/SPIRIT1_Library/Src/SPIRIT_PktCommon.o
                0x0000000008002a4c                SpiritPktCommonFilterOnCrc
 .text.SpiritPktCommonSetDestinationAddress
                0x0000000008002abc       0x34 ./Drivers/SPIRIT1/SPIRIT1_Library/Src/SPIRIT_PktCommon.o
                0x0000000008002abc                SpiritPktCommonSetDestinationAddress
 .text.SpiritQiSqiCheck
                0x0000000008002af0       0x70 ./Drivers/SPIRIT1/SPIRIT1_Library/Src/SPIRIT_Qi.o
                0x0000000008002af0                SpiritQiSqiCheck
 .text.SpiritQiSetSqiThreshold
                0x0000000008002b60       0x68 ./Drivers/SPIRIT1/SPIRIT1_Library/Src/SPIRIT_Qi.o
                0x0000000008002b60                SpiritQiSetSqiThreshold
 .text.SpiritQiSetRssiThresholddBm
                0x0000000008002bc8       0x40 ./Drivers/SPIRIT1/SPIRIT1_Library/Src/SPIRIT_Qi.o
                0x0000000008002bc8                SpiritQiSetRssiThresholddBm
 .text.SpiritRadioInit
                0x0000000008002c08      0x3d8 ./Drivers/SPIRIT1/SPIRIT1_Library/Src/SPIRIT_Radio.o
                0x0000000008002c08                SpiritRadioInit
 .text.SpiritRadioSetXtalFlag
                0x0000000008002fe0       0x74 ./Drivers/SPIRIT1/SPIRIT1_Library/Src/SPIRIT_Radio.o
                0x0000000008002fe0                SpiritRadioSetXtalFlag
 .text.SpiritRadioSearchWCP
                0x0000000008003054      0x128 ./Drivers/SPIRIT1/SPIRIT1_Library/Src/SPIRIT_Radio.o
                0x0000000008003054                SpiritRadioSearchWCP
 .text.SpiritRadioGetSynthWord
                0x000000000800317c       0x4c ./Drivers/SPIRIT1/SPIRIT1_Library/Src/SPIRIT_Radio.o
                0x000000000800317c                SpiritRadioGetSynthWord
 .text.SpiritRadioGetBand
                0x00000000080031c8       0x5c ./Drivers/SPIRIT1/SPIRIT1_Library/Src/SPIRIT_Radio.o
                0x00000000080031c8                SpiritRadioGetBand
 .text.SpiritRadioGetChannel
                0x0000000008003224       0x30 ./Drivers/SPIRIT1/SPIRIT1_Library/Src/SPIRIT_Radio.o
                0x0000000008003224                SpiritRadioGetChannel
 .text.SpiritRadioGetChannelSpace
                0x0000000008003254       0x40 ./Drivers/SPIRIT1/SPIRIT1_Library/Src/SPIRIT_Radio.o
                0x0000000008003254                SpiritRadioGetChannelSpace
 .text.SpiritRadioGetFrequencyOffset
                0x0000000008003294       0x88 ./Drivers/SPIRIT1/SPIRIT1_Library/Src/SPIRIT_Radio.o
                0x0000000008003294                SpiritRadioGetFrequencyOffset
 .text.SpiritRadioSetFrequencyBase
                0x000000000800331c      0x23c ./Drivers/SPIRIT1/SPIRIT1_Library/Src/SPIRIT_Radio.o
                0x000000000800331c                SpiritRadioSetFrequencyBase
 .text.SpiritRadioGetFrequencyBase
                0x0000000008003558       0x90 ./Drivers/SPIRIT1/SPIRIT1_Library/Src/SPIRIT_Radio.o
                0x0000000008003558                SpiritRadioGetFrequencyBase
 .text.SpiritRadioSearchDatarateME
                0x00000000080035e8      0x164 ./Drivers/SPIRIT1/SPIRIT1_Library/Src/SPIRIT_Radio.o
                0x00000000080035e8                SpiritRadioSearchDatarateME
 .text.SpiritRadioSearchChannelBwME
                0x000000000800374c      0x1cc ./Drivers/SPIRIT1/SPIRIT1_Library/Src/SPIRIT_Radio.o
                0x000000000800374c                SpiritRadioSearchChannelBwME
 .text.SpiritRadioSearchFreqDevME
                0x0000000008003918      0x174 ./Drivers/SPIRIT1/SPIRIT1_Library/Src/SPIRIT_Radio.o
                0x0000000008003918                SpiritRadioSearchFreqDevME
 .text.SpiritRadioGetdBm2Reg
                0x0000000008003a8c      0x21c ./Drivers/SPIRIT1/SPIRIT1_Library/Src/SPIRIT_Radio.o
                0x0000000008003a8c                SpiritRadioGetdBm2Reg
 .text.SpiritRadioSetPALeveldBm
                0x0000000008003ca8       0x50 ./Drivers/SPIRIT1/SPIRIT1_Library/Src/SPIRIT_Radio.o
                0x0000000008003ca8                SpiritRadioSetPALeveldBm
 .text.SpiritRadioSetPACwc
                0x0000000008003cf8       0x58 ./Drivers/SPIRIT1/SPIRIT1_Library/Src/SPIRIT_Radio.o
                0x0000000008003cf8                SpiritRadioSetPACwc
 .text.SpiritRadioSetPALevelMaxIndex
                0x0000000008003d50       0x58 ./Drivers/SPIRIT1/SPIRIT1_Library/Src/SPIRIT_Radio.o
                0x0000000008003d50                SpiritRadioSetPALevelMaxIndex
 .text.SpiritRadioAFCFreezeOnSync
                0x0000000008003da8       0x64 ./Drivers/SPIRIT1/SPIRIT1_Library/Src/SPIRIT_Radio.o
                0x0000000008003da8                SpiritRadioAFCFreezeOnSync
 .text.SpiritRadioSetRefDiv
                0x0000000008003e0c       0x60 ./Drivers/SPIRIT1/SPIRIT1_Library/Src/SPIRIT_Radio.o
                0x0000000008003e0c                SpiritRadioSetRefDiv
 .text.SpiritRadioGetRefDiv
                0x0000000008003e6c       0x44 ./Drivers/SPIRIT1/SPIRIT1_Library/Src/SPIRIT_Radio.o
                0x0000000008003e6c                SpiritRadioGetRefDiv
 .text.SpiritRadioSetDigDiv
                0x0000000008003eb0       0x60 ./Drivers/SPIRIT1/SPIRIT1_Library/Src/SPIRIT_Radio.o
                0x0000000008003eb0                SpiritRadioSetDigDiv
 .text.SpiritRadioGetDigDiv
                0x0000000008003f10       0x44 ./Drivers/SPIRIT1/SPIRIT1_Library/Src/SPIRIT_Radio.o
                0x0000000008003f10                SpiritRadioGetDigDiv
 .text.SpiritRadioGetXtalFrequency
                0x0000000008003f54       0x14 ./Drivers/SPIRIT1/SPIRIT1_Library/Src/SPIRIT_Radio.o
                0x0000000008003f54                SpiritRadioGetXtalFrequency
 .text.SpiritRadioSetXtalFrequency
                0x0000000008003f68       0x1c ./Drivers/SPIRIT1/SPIRIT1_Library/Src/SPIRIT_Radio.o
                0x0000000008003f68                SpiritRadioSetXtalFrequency
 .text.SpiritTimerSetRxTimeoutCounter
                0x0000000008003f84       0x34 ./Drivers/SPIRIT1/SPIRIT1_Library/Src/SPIRIT_Timer.o
                0x0000000008003f84                SpiritTimerSetRxTimeoutCounter
 .text.SpiritTimerSetRxTimeoutStopCondition
                0x0000000008003fb8       0x90 ./Drivers/SPIRIT1/SPIRIT1_Library/Src/SPIRIT_Timer.o
                0x0000000008003fb8                SpiritTimerSetRxTimeoutStopCondition
 .text.SpiritRefreshStatus
                0x0000000008004048       0x44 ./Drivers/SPIRIT1/SPIRIT1_Library/Src/SPIRIT_Types.o
                0x0000000008004048                SpiritRefreshStatus
 .text.RadioSpiInit
                0x000000000800408c       0x20 ./Drivers/SPIRIT1/SPIRIT1_Library/radio_target.o
                0x000000000800408c                RadioSpiInit
 .text.RadioSpiWriteRegisters
                0x00000000080040ac       0x98 ./Drivers/SPIRIT1/SPIRIT1_Library/radio_target.o
                0x00000000080040ac                RadioSpiWriteRegisters
 .text.RadioSpiReadRegisters
                0x0000000008004144       0x98 ./Drivers/SPIRIT1/SPIRIT1_Library/radio_target.o
                0x0000000008004144                RadioSpiReadRegisters
 .text.RadioSpiCommandStrobes
                0x00000000080041dc       0x80 ./Drivers/SPIRIT1/SPIRIT1_Library/radio_target.o
                0x00000000080041dc                RadioSpiCommandStrobes
 .text.RadioSpiWriteFifo
                0x000000000800425c       0x90 ./Drivers/SPIRIT1/SPIRIT1_Library/radio_target.o
                0x000000000800425c                RadioSpiWriteFifo
 .text.RadioSpiReadFifo
                0x00000000080042ec       0x90 ./Drivers/SPIRIT1/SPIRIT1_Library/radio_target.o
                0x00000000080042ec                RadioSpiReadFifo
 .text.RadioEnterShutdown
                0x000000000800437c       0x18 ./Drivers/SPIRIT1/SPIRIT1_Library/radio_target.o
                0x000000000800437c                RadioEnterShutdown
 .text.RadioExitShutdown
                0x0000000008004394       0x1c ./Drivers/SPIRIT1/SPIRIT1_Library/radio_target.o
                0x0000000008004394                RadioExitShutdown
 .text.HAL_Init
                0x00000000080043b0       0x2c ./Drivers/STM32F1xx_HAL_Driver/Src/stm32f1xx_hal.o
                0x00000000080043b0                HAL_Init
 .text.HAL_InitTick
                0x00000000080043dc       0x60 ./Drivers/STM32F1xx_HAL_Driver/Src/stm32f1xx_hal.o
                0x00000000080043dc                HAL_InitTick
 .text.HAL_IncTick
                0x000000000800443c       0x24 ./Drivers/STM32F1xx_HAL_Driver/Src/stm32f1xx_hal.o
                0x000000000800443c                HAL_IncTick
 .text.HAL_GetTick
                0x0000000008004460       0x14 ./Drivers/STM32F1xx_HAL_Driver/Src/stm32f1xx_hal.o
                0x0000000008004460                HAL_GetTick
 .text.HAL_Delay
                0x0000000008004474       0x48 ./Drivers/STM32F1xx_HAL_Driver/Src/stm32f1xx_hal.o
                0x0000000008004474                HAL_Delay
 .text.__NVIC_SetPriorityGrouping
                0x00000000080044bc       0x48 ./Drivers/STM32F1xx_HAL_Driver/Src/stm32f1xx_hal_cortex.o
 .text.__NVIC_GetPriorityGrouping
                0x0000000008004504       0x1c ./Drivers/STM32F1xx_HAL_Driver/Src/stm32f1xx_hal_cortex.o
 .text.__NVIC_EnableIRQ
                0x0000000008004520       0x38 ./Drivers/STM32F1xx_HAL_Driver/Src/stm32f1xx_hal_cortex.o
 .text.__NVIC_DisableIRQ
                0x0000000008004558       0x48 ./Drivers/STM32F1xx_HAL_Driver/Src/stm32f1xx_hal_cortex.o
 .text.__NVIC_SetPriority
                0x00000000080045a0       0x54 ./Drivers/STM32F1xx_HAL_Driver/Src/stm32f1xx_hal_cortex.o
 .text.NVIC_EncodePriority
                0x00000000080045f4       0x64 ./Drivers/STM32F1xx_HAL_Driver/Src/stm32f1xx_hal_cortex.o
 .text.SysTick_Config
                0x0000000008004658       0x44 ./Drivers/STM32F1xx_HAL_Driver/Src/stm32f1xx_hal_cortex.o
 .text.HAL_NVIC_SetPriorityGrouping
                0x000000000800469c       0x16 ./Drivers/STM32F1xx_HAL_Driver/Src/stm32f1xx_hal_cortex.o
                0x000000000800469c                HAL_NVIC_SetPriorityGrouping
 .text.HAL_NVIC_SetPriority
                0x00000000080046b2       0x38 ./Drivers/STM32F1xx_HAL_Driver/Src/stm32f1xx_hal_cortex.o
                0x00000000080046b2                HAL_NVIC_SetPriority
 .text.HAL_NVIC_EnableIRQ
                0x00000000080046ea       0x1c ./Drivers/STM32F1xx_HAL_Driver/Src/stm32f1xx_hal_cortex.o
                0x00000000080046ea                HAL_NVIC_EnableIRQ
 .text.HAL_NVIC_DisableIRQ
                0x0000000008004706       0x1c ./Drivers/STM32F1xx_HAL_Driver/Src/stm32f1xx_hal_cortex.o
                0x0000000008004706                HAL_NVIC_DisableIRQ
 .text.HAL_SYSTICK_Config
                0x0000000008004722       0x18 ./Drivers/STM32F1xx_HAL_Driver/Src/stm32f1xx_hal_cortex.o
                0x0000000008004722                HAL_SYSTICK_Config
 *fill*         0x000000000800473a        0x2 
 .text.HAL_GPIO_Init
                0x000000000800473c      0x308 ./Drivers/STM32F1xx_HAL_Driver/Src/stm32f1xx_hal_gpio.o
                0x000000000800473c                HAL_GPIO_Init
 .text.HAL_GPIO_WritePin
                0x0000000008004a44       0x30 ./Drivers/STM32F1xx_HAL_Driver/Src/stm32f1xx_hal_gpio.o
                0x0000000008004a44                HAL_GPIO_WritePin
 .text.HAL_GPIO_EXTI_IRQHandler
                0x0000000008004a74       0x30 ./Drivers/STM32F1xx_HAL_Driver/Src/stm32f1xx_hal_gpio.o
                0x0000000008004a74                HAL_GPIO_EXTI_IRQHandler
 .text.HAL_GPIO_EXTI_Callback
                0x0000000008004aa4       0x14 ./Drivers/STM32F1xx_HAL_Driver/Src/stm32f1xx_hal_gpio.o
                0x0000000008004aa4                HAL_GPIO_EXTI_Callback
 .text.HAL_RCC_OscConfig
                0x0000000008004ab8      0x504 ./Drivers/STM32F1xx_HAL_Driver/Src/stm32f1xx_hal_rcc.o
                0x0000000008004ab8                HAL_RCC_OscConfig
 .text.HAL_RCC_ClockConfig
                0x0000000008004fbc      0x1d4 ./Drivers/STM32F1xx_HAL_Driver/Src/stm32f1xx_hal_rcc.o
                0x0000000008004fbc                HAL_RCC_ClockConfig
 .text.HAL_RCC_GetSysClockFreq
                0x0000000008005190       0xbc ./Drivers/STM32F1xx_HAL_Driver/Src/stm32f1xx_hal_rcc.o
                0x0000000008005190                HAL_RCC_GetSysClockFreq
 .text.HAL_RCC_GetHCLKFreq
                0x000000000800524c       0x14 ./Drivers/STM32F1xx_HAL_Driver/Src/stm32f1xx_hal_rcc.o
                0x000000000800524c                HAL_RCC_GetHCLKFreq
 .text.HAL_RCC_GetPCLK1Freq
                0x0000000008005260       0x28 ./Drivers/STM32F1xx_HAL_Driver/Src/stm32f1xx_hal_rcc.o
                0x0000000008005260                HAL_RCC_GetPCLK1Freq
 .text.HAL_RCC_GetPCLK2Freq
                0x0000000008005288       0x28 ./Drivers/STM32F1xx_HAL_Driver/Src/stm32f1xx_hal_rcc.o
                0x0000000008005288                HAL_RCC_GetPCLK2Freq
 .text.RCC_Delay
                0x00000000080052b0       0x3c ./Drivers/STM32F1xx_HAL_Driver/Src/stm32f1xx_hal_rcc.o
 .text.HAL_SPI_Init
                0x00000000080052ec      0x108 ./Drivers/STM32F1xx_HAL_Driver/Src/stm32f1xx_hal_spi.o
                0x00000000080052ec                HAL_SPI_Init
 .text.HAL_SPI_Transmit
                0x00000000080053f4      0x278 ./Drivers/STM32F1xx_HAL_Driver/Src/stm32f1xx_hal_spi.o
                0x00000000080053f4                HAL_SPI_Transmit
 .text.HAL_SPI_Receive
                0x000000000800566c      0x222 ./Drivers/STM32F1xx_HAL_Driver/Src/stm32f1xx_hal_spi.o
                0x000000000800566c                HAL_SPI_Receive
 .text.HAL_SPI_TransmitReceive
                0x000000000800588e      0x344 ./Drivers/STM32F1xx_HAL_Driver/Src/stm32f1xx_hal_spi.o
                0x000000000800588e                HAL_SPI_TransmitReceive
 *fill*         0x0000000008005bd2        0x2 
 .text.SPI_WaitFlagStateUntilTimeout
                0x0000000008005bd4      0x110 ./Drivers/STM32F1xx_HAL_Driver/Src/stm32f1xx_hal_spi.o
 .text.SPI_EndRxTransaction
                0x0000000008005ce4       0xa4 ./Drivers/STM32F1xx_HAL_Driver/Src/stm32f1xx_hal_spi.o
 .text.SPI_EndRxTxTransaction
                0x0000000008005d88       0x3c ./Drivers/STM32F1xx_HAL_Driver/Src/stm32f1xx_hal_spi.o
 .text.HAL_TIM_Base_Init
                0x0000000008005dc4       0x9e ./Drivers/STM32F1xx_HAL_Driver/Src/stm32f1xx_hal_tim.o
                0x0000000008005dc4                HAL_TIM_Base_Init
 .text.HAL_TIM_IRQHandler
                0x0000000008005e62      0x210 ./Drivers/STM32F1xx_HAL_Driver/Src/stm32f1xx_hal_tim.o
                0x0000000008005e62                HAL_TIM_IRQHandler
 .text.HAL_TIM_ConfigClockSource
                0x0000000008006072      0x188 ./Drivers/STM32F1xx_HAL_Driver/Src/stm32f1xx_hal_tim.o
                0x0000000008006072                HAL_TIM_ConfigClockSource
 .text.HAL_TIM_PeriodElapsedCallback
                0x00000000080061fa       0x12 ./Drivers/STM32F1xx_HAL_Driver/Src/stm32f1xx_hal_tim.o
                0x00000000080061fa                HAL_TIM_PeriodElapsedCallback
 .text.HAL_TIM_OC_DelayElapsedCallback
                0x000000000800620c       0x12 ./Drivers/STM32F1xx_HAL_Driver/Src/stm32f1xx_hal_tim.o
                0x000000000800620c                HAL_TIM_OC_DelayElapsedCallback
 .text.HAL_TIM_IC_CaptureCallback
                0x000000000800621e       0x12 ./Drivers/STM32F1xx_HAL_Driver/Src/stm32f1xx_hal_tim.o
                0x000000000800621e                HAL_TIM_IC_CaptureCallback
 .text.HAL_TIM_PWM_PulseFinishedCallback
                0x0000000008006230       0x12 ./Drivers/STM32F1xx_HAL_Driver/Src/stm32f1xx_hal_tim.o
                0x0000000008006230                HAL_TIM_PWM_PulseFinishedCallback
 .text.HAL_TIM_TriggerCallback
                0x0000000008006242       0x12 ./Drivers/STM32F1xx_HAL_Driver/Src/stm32f1xx_hal_tim.o
                0x0000000008006242                HAL_TIM_TriggerCallback
 .text.TIM_Base_SetConfig
                0x0000000008006254       0xc4 ./Drivers/STM32F1xx_HAL_Driver/Src/stm32f1xx_hal_tim.o
                0x0000000008006254                TIM_Base_SetConfig
 .text.TIM_TI1_ConfigInputStage
                0x0000000008006318       0x5c ./Drivers/STM32F1xx_HAL_Driver/Src/stm32f1xx_hal_tim.o
 .text.TIM_TI2_ConfigInputStage
                0x0000000008006374       0x5e ./Drivers/STM32F1xx_HAL_Driver/Src/stm32f1xx_hal_tim.o
 .text.TIM_ITRx_SetConfig
                0x00000000080063d2       0x34 ./Drivers/STM32F1xx_HAL_Driver/Src/stm32f1xx_hal_tim.o
 .text.TIM_ETR_SetConfig
                0x0000000008006406       0x3e ./Drivers/STM32F1xx_HAL_Driver/Src/stm32f1xx_hal_tim.o
                0x0000000008006406                TIM_ETR_SetConfig
 .text.HAL_TIMEx_MasterConfigSynchronization
                0x0000000008006444       0xbc ./Drivers/STM32F1xx_HAL_Driver/Src/stm32f1xx_hal_tim_ex.o
                0x0000000008006444                HAL_TIMEx_MasterConfigSynchronization
 .text.HAL_TIMEx_CommutCallback
                0x0000000008006500       0x12 ./Drivers/STM32F1xx_HAL_Driver/Src/stm32f1xx_hal_tim_ex.o
                0x0000000008006500                HAL_TIMEx_CommutCallback
 .text.HAL_TIMEx_BreakCallback
                0x0000000008006512       0x12 ./Drivers/STM32F1xx_HAL_Driver/Src/stm32f1xx_hal_tim_ex.o
                0x0000000008006512                HAL_TIMEx_BreakCallback
 .text.HAL_UART_Init
                0x0000000008006524       0x9a ./Drivers/STM32F1xx_HAL_Driver/Src/stm32f1xx_hal_uart.o
                0x0000000008006524                HAL_UART_Init
 .text.HAL_UART_Transmit
                0x00000000080065be      0x124 ./Drivers/STM32F1xx_HAL_Driver/Src/stm32f1xx_hal_uart.o
                0x00000000080065be                HAL_UART_Transmit
 .text.UART_WaitOnFlagUntilTimeout
                0x00000000080066e2       0x94 ./Drivers/STM32F1xx_HAL_Driver/Src/stm32f1xx_hal_uart.o
 *fill*         0x0000000008006776        0x2 
 .text.UART_SetConfig
                0x0000000008006778      0x11c ./Drivers/STM32F1xx_HAL_Driver/Src/stm32f1xx_hal_uart.o
 .text.config   0x0000000008006894       0x58 ./Lib/Cbm/config.o
                0x0000000008006894                config
 .text.comm_builddata
                0x00000000080068ec       0xb8 ./Lib/Comm/comm.o
                0x00000000080068ec                comm_builddata
 .text.comm_request
                0x00000000080069a4      0x2bc ./Lib/Comm/comm.o
                0x00000000080069a4                comm_request
 .text.comm_received
                0x0000000008006c60      0x2a4 ./Lib/Comm/comm.o
                0x0000000008006c60                comm_received
 .text.comm_send
                0x0000000008006f04       0x34 ./Lib/Comm/comm.o
                0x0000000008006f04                comm_send
 .text.comm_encrypt
                0x0000000008006f38      0x108 ./Lib/Comm/comm.o
                0x0000000008006f38                comm_encrypt
 .text.comm_decrypt
                0x0000000008007040       0xc4 ./Lib/Comm/comm.o
                0x0000000008007040                comm_decrypt
 .text.comm_start
                0x0000000008007104       0x18 ./Lib/Comm/comm.o
                0x0000000008007104                comm_start
 .text.print_debug
                0x000000000800711c       0xd0 ./Lib/Debug/debug.o
                0x000000000800711c                print_debug
 .text.printf_debug
                0x00000000080071ec       0xfc ./Lib/Debug/debug.o
                0x00000000080071ec                printf_debug
 .text.SPSGRF_Init
                0x00000000080072e8      0x260 ./Lib/SPSGRF/SPSGRF.o
                0x00000000080072e8                SPSGRF_Init
 .text.SPSGRF_StartTx
                0x0000000008007548       0x48 ./Lib/SPSGRF/SPSGRF.o
                0x0000000008007548                SPSGRF_StartTx
 .text.SPSGRF_StartRx
                0x0000000008007590       0x12 ./Lib/SPSGRF/SPSGRF.o
                0x0000000008007590                SPSGRF_StartRx
 .text.SPSGRF_GetRxData
                0x00000000080075a2       0x24 ./Lib/SPSGRF/SPSGRF.o
                0x00000000080075a2                SPSGRF_GetRxData
 *fill*         0x00000000080075c6        0x2 
 .text.__errno  0x00000000080075c8        0xc d:/software/cubeide/stm32cubeide_1.8.0/stm32cubeide/plugins/com.st.stm32cube.ide.mcu.externaltools.gnu-tools-for-stm32.10.3-2021.10.win32_1.0.0.202111181127/tools/bin/../lib/gcc/arm-none-eabi/10.3.1/../../../../arm-none-eabi/lib/thumb/v7-m/nofp\libc_nano.a(lib_a-errno.o)
                0x00000000080075c8                __errno
 .text.__libc_init_array
                0x00000000080075d4       0x48 d:/software/cubeide/stm32cubeide_1.8.0/stm32cubeide/plugins/com.st.stm32cube.ide.mcu.externaltools.gnu-tools-for-stm32.10.3-2021.10.win32_1.0.0.202111181127/tools/bin/../lib/gcc/arm-none-eabi/10.3.1/../../../../arm-none-eabi/lib/thumb/v7-m/nofp\libc_nano.a(lib_a-init.o)
                0x00000000080075d4                __libc_init_array
 .text.memcpy   0x000000000800761c       0x1c d:/software/cubeide/stm32cubeide_1.8.0/stm32cubeide/plugins/com.st.stm32cube.ide.mcu.externaltools.gnu-tools-for-stm32.10.3-2021.10.win32_1.0.0.202111181127/tools/bin/../lib/gcc/arm-none-eabi/10.3.1/../../../../arm-none-eabi/lib/thumb/v7-m/nofp\libc_nano.a(lib_a-memcpy-stub.o)
                0x000000000800761c                memcpy
 .text.memset   0x0000000008007638       0x10 d:/software/cubeide/stm32cubeide_1.8.0/stm32cubeide/plugins/com.st.stm32cube.ide.mcu.externaltools.gnu-tools-for-stm32.10.3-2021.10.win32_1.0.0.202111181127/tools/bin/../lib/gcc/arm-none-eabi/10.3.1/../../../../arm-none-eabi/lib/thumb/v7-m/nofp\libc_nano.a(lib_a-memset.o)
                0x0000000008007638                memset
 .text.__cvt    0x0000000008007648       0xbe d:/software/cubeide/stm32cubeide_1.8.0/stm32cubeide/plugins/com.st.stm32cube.ide.mcu.externaltools.gnu-tools-for-stm32.10.3-2021.10.win32_1.0.0.202111181127/tools/bin/../lib/gcc/arm-none-eabi/10.3.1/../../../../arm-none-eabi/lib/thumb/v7-m/nofp\libc_nano.a(lib_a-nano-vfprintf_float.o)
                0x0000000008007648                __cvt
 .text.__exponent
                0x0000000008007706       0x7c d:/software/cubeide/stm32cubeide_1.8.0/stm32cubeide/plugins/com.st.stm32cube.ide.mcu.externaltools.gnu-tools-for-stm32.10.3-2021.10.win32_1.0.0.202111181127/tools/bin/../lib/gcc/arm-none-eabi/10.3.1/../../../../arm-none-eabi/lib/thumb/v7-m/nofp\libc_nano.a(lib_a-nano-vfprintf_float.o)
                0x0000000008007706                __exponent
 *fill*         0x0000000008007782        0x2 
 .text._printf_float
                0x0000000008007784      0x458 d:/software/cubeide/stm32cubeide_1.8.0/stm32cubeide/plugins/com.st.stm32cube.ide.mcu.externaltools.gnu-tools-for-stm32.10.3-2021.10.win32_1.0.0.202111181127/tools/bin/../lib/gcc/arm-none-eabi/10.3.1/../../../../arm-none-eabi/lib/thumb/v7-m/nofp\libc_nano.a(lib_a-nano-vfprintf_float.o)
                0x0000000008007784                _printf_float
 .text._printf_common
                0x0000000008007bdc       0xde d:/software/cubeide/stm32cubeide_1.8.0/stm32cubeide/plugins/com.st.stm32cube.ide.mcu.externaltools.gnu-tools-for-stm32.10.3-2021.10.win32_1.0.0.202111181127/tools/bin/../lib/gcc/arm-none-eabi/10.3.1/../../../../arm-none-eabi/lib/thumb/v7-m/nofp\libc_nano.a(lib_a-nano-vfprintf_i.o)
                0x0000000008007bdc                _printf_common
 *fill*         0x0000000008007cba        0x2 
 .text._printf_i
                0x0000000008007cbc      0x24c d:/software/cubeide/stm32cubeide_1.8.0/stm32cubeide/plugins/com.st.stm32cube.ide.mcu.externaltools.gnu-tools-for-stm32.10.3-2021.10.win32_1.0.0.202111181127/tools/bin/../lib/gcc/arm-none-eabi/10.3.1/../../../../arm-none-eabi/lib/thumb/v7-m/nofp\libc_nano.a(lib_a-nano-vfprintf_i.o)
                0x0000000008007cbc                _printf_i
 .text.sprintf  0x0000000008007f08       0x40 d:/software/cubeide/stm32cubeide_1.8.0/stm32cubeide/plugins/com.st.stm32cube.ide.mcu.externaltools.gnu-tools-for-stm32.10.3-2021.10.win32_1.0.0.202111181127/tools/bin/../lib/gcc/arm-none-eabi/10.3.1/../../../../arm-none-eabi/lib/thumb/v7-m/nofp\libc_nano.a(lib_a-sprintf.o)
                0x0000000008007f08                siprintf
                0x0000000008007f08                sprintf
 .text.strcat   0x0000000008007f48       0x1e d:/software/cubeide/stm32cubeide_1.8.0/stm32cubeide/plugins/com.st.stm32cube.ide.mcu.externaltools.gnu-tools-for-stm32.10.3-2021.10.win32_1.0.0.202111181127/tools/bin/../lib/gcc/arm-none-eabi/10.3.1/../../../../arm-none-eabi/lib/thumb/v7-m/nofp\libc_nano.a(lib_a-strcat.o)
                0x0000000008007f48                strcat
 .text._vsnprintf_r
                0x0000000008007f66       0x56 d:/software/cubeide/stm32cubeide_1.8.0/stm32cubeide/plugins/com.st.stm32cube.ide.mcu.externaltools.gnu-tools-for-stm32.10.3-2021.10.win32_1.0.0.202111181127/tools/bin/../lib/gcc/arm-none-eabi/10.3.1/../../../../arm-none-eabi/lib/thumb/v7-m/nofp\libc_nano.a(lib_a-vsnprintf.o)
                0x0000000008007f66                _vsniprintf_r
                0x0000000008007f66                _vsnprintf_r
 .text.vsnprintf
                0x0000000008007fbc       0x1c d:/software/cubeide/stm32cubeide_1.8.0/stm32cubeide/plugins/com.st.stm32cube.ide.mcu.externaltools.gnu-tools-for-stm32.10.3-2021.10.win32_1.0.0.202111181127/tools/bin/../lib/gcc/arm-none-eabi/10.3.1/../../../../arm-none-eabi/lib/thumb/v7-m/nofp\libc_nano.a(lib_a-vsnprintf.o)
                0x0000000008007fbc                vsniprintf
                0x0000000008007fbc                vsnprintf
 .text.quorem   0x0000000008007fd8      0x118 d:/software/cubeide/stm32cubeide_1.8.0/stm32cubeide/plugins/com.st.stm32cube.ide.mcu.externaltools.gnu-tools-for-stm32.10.3-2021.10.win32_1.0.0.202111181127/tools/bin/../lib/gcc/arm-none-eabi/10.3.1/../../../../arm-none-eabi/lib/thumb/v7-m/nofp\libc_nano.a(lib_a-dtoa.o)
 .text._dtoa_r  0x00000000080080f0      0xbdc d:/software/cubeide/stm32cubeide_1.8.0/stm32cubeide/plugins/com.st.stm32cube.ide.mcu.externaltools.gnu-tools-for-stm32.10.3-2021.10.win32_1.0.0.202111181127/tools/bin/../lib/gcc/arm-none-eabi/10.3.1/../../../../arm-none-eabi/lib/thumb/v7-m/nofp\libc_nano.a(lib_a-dtoa.o)
                0x00000000080080f0                _dtoa_r
 .text._localeconv_r
                0x0000000008008ccc        0x8 d:/software/cubeide/stm32cubeide_1.8.0/stm32cubeide/plugins/com.st.stm32cube.ide.mcu.externaltools.gnu-tools-for-stm32.10.3-2021.10.win32_1.0.0.202111181127/tools/bin/../lib/gcc/arm-none-eabi/10.3.1/../../../../arm-none-eabi/lib/thumb/v7-m/nofp\libc_nano.a(lib_a-localeconv.o)
                0x0000000008008ccc                _localeconv_r
 .text.malloc   0x0000000008008cd4       0x10 d:/software/cubeide/stm32cubeide_1.8.0/stm32cubeide/plugins/com.st.stm32cube.ide.mcu.externaltools.gnu-tools-for-stm32.10.3-2021.10.win32_1.0.0.202111181127/tools/bin/../lib/gcc/arm-none-eabi/10.3.1/../../../../arm-none-eabi/lib/thumb/v7-m/nofp\libc_nano.a(lib_a-malloc.o)
                0x0000000008008cd4                malloc
 .text.memchr   0x0000000008008ce4       0x1c d:/software/cubeide/stm32cubeide_1.8.0/stm32cubeide/plugins/com.st.stm32cube.ide.mcu.externaltools.gnu-tools-for-stm32.10.3-2021.10.win32_1.0.0.202111181127/tools/bin/../lib/gcc/arm-none-eabi/10.3.1/../../../../arm-none-eabi/lib/thumb/v7-m/nofp\libc_nano.a(lib_a-memchr-stub.o)
                0x0000000008008ce4                memchr
 .text._Balloc  0x0000000008008d00       0x80 d:/software/cubeide/stm32cubeide_1.8.0/stm32cubeide/plugins/com.st.stm32cube.ide.mcu.externaltools.gnu-tools-for-stm32.10.3-2021.10.win32_1.0.0.202111181127/tools/bin/../lib/gcc/arm-none-eabi/10.3.1/../../../../arm-none-eabi/lib/thumb/v7-m/nofp\libc_nano.a(lib_a-mprec.o)
                0x0000000008008d00                _Balloc
 .text._Bfree   0x0000000008008d80       0x44 d:/software/cubeide/stm32cubeide_1.8.0/stm32cubeide/plugins/com.st.stm32cube.ide.mcu.externaltools.gnu-tools-for-stm32.10.3-2021.10.win32_1.0.0.202111181127/tools/bin/../lib/gcc/arm-none-eabi/10.3.1/../../../../arm-none-eabi/lib/thumb/v7-m/nofp\libc_nano.a(lib_a-mprec.o)
                0x0000000008008d80                _Bfree
 .text.__multadd
                0x0000000008008dc4       0x8c d:/software/cubeide/stm32cubeide_1.8.0/stm32cubeide/plugins/com.st.stm32cube.ide.mcu.externaltools.gnu-tools-for-stm32.10.3-2021.10.win32_1.0.0.202111181127/tools/bin/../lib/gcc/arm-none-eabi/10.3.1/../../../../arm-none-eabi/lib/thumb/v7-m/nofp\libc_nano.a(lib_a-mprec.o)
                0x0000000008008dc4                __multadd
 .text.__hi0bits
                0x0000000008008e50       0x40 d:/software/cubeide/stm32cubeide_1.8.0/stm32cubeide/plugins/com.st.stm32cube.ide.mcu.externaltools.gnu-tools-for-stm32.10.3-2021.10.win32_1.0.0.202111181127/tools/bin/../lib/gcc/arm-none-eabi/10.3.1/../../../../arm-none-eabi/lib/thumb/v7-m/nofp\libc_nano.a(lib_a-mprec.o)
                0x0000000008008e50                __hi0bits
 .text.__lo0bits
                0x0000000008008e90       0x5a d:/software/cubeide/stm32cubeide_1.8.0/stm32cubeide/plugins/com.st.stm32cube.ide.mcu.externaltools.gnu-tools-for-stm32.10.3-2021.10.win32_1.0.0.202111181127/tools/bin/../lib/gcc/arm-none-eabi/10.3.1/../../../../arm-none-eabi/lib/thumb/v7-m/nofp\libc_nano.a(lib_a-mprec.o)
                0x0000000008008e90                __lo0bits
 *fill*         0x0000000008008eea        0x2 
 .text.__i2b    0x0000000008008eec       0x2c d:/software/cubeide/stm32cubeide_1.8.0/stm32cubeide/plugins/com.st.stm32cube.ide.mcu.externaltools.gnu-tools-for-stm32.10.3-2021.10.win32_1.0.0.202111181127/tools/bin/../lib/gcc/arm-none-eabi/10.3.1/../../../../arm-none-eabi/lib/thumb/v7-m/nofp\libc_nano.a(lib_a-mprec.o)
                0x0000000008008eec                __i2b
 .text.__multiply
                0x0000000008008f18      0x150 d:/software/cubeide/stm32cubeide_1.8.0/stm32cubeide/plugins/com.st.stm32cube.ide.mcu.externaltools.gnu-tools-for-stm32.10.3-2021.10.win32_1.0.0.202111181127/tools/bin/../lib/gcc/arm-none-eabi/10.3.1/../../../../arm-none-eabi/lib/thumb/v7-m/nofp\libc_nano.a(lib_a-mprec.o)
                0x0000000008008f18                __multiply
 .text.__pow5mult
                0x0000000008009068       0xb4 d:/software/cubeide/stm32cubeide_1.8.0/stm32cubeide/plugins/com.st.stm32cube.ide.mcu.externaltools.gnu-tools-for-stm32.10.3-2021.10.win32_1.0.0.202111181127/tools/bin/../lib/gcc/arm-none-eabi/10.3.1/../../../../arm-none-eabi/lib/thumb/v7-m/nofp\libc_nano.a(lib_a-mprec.o)
                0x0000000008009068                __pow5mult
 .text.__lshift
                0x000000000800911c       0xe0 d:/software/cubeide/stm32cubeide_1.8.0/stm32cubeide/plugins/com.st.stm32cube.ide.mcu.externaltools.gnu-tools-for-stm32.10.3-2021.10.win32_1.0.0.202111181127/tools/bin/../lib/gcc/arm-none-eabi/10.3.1/../../../../arm-none-eabi/lib/thumb/v7-m/nofp\libc_nano.a(lib_a-mprec.o)
                0x000000000800911c                __lshift
 .text.__mcmp   0x00000000080091fc       0x36 d:/software/cubeide/stm32cubeide_1.8.0/stm32cubeide/plugins/com.st.stm32cube.ide.mcu.externaltools.gnu-tools-for-stm32.10.3-2021.10.win32_1.0.0.202111181127/tools/bin/../lib/gcc/arm-none-eabi/10.3.1/../../../../arm-none-eabi/lib/thumb/v7-m/nofp\libc_nano.a(lib_a-mprec.o)
                0x00000000080091fc                __mcmp
 *fill*         0x0000000008009232        0x2 
 .text.__mdiff  0x0000000008009234      0x118 d:/software/cubeide/stm32cubeide_1.8.0/stm32cubeide/plugins/com.st.stm32cube.ide.mcu.externaltools.gnu-tools-for-stm32.10.3-2021.10.win32_1.0.0.202111181127/tools/bin/../lib/gcc/arm-none-eabi/10.3.1/../../../../arm-none-eabi/lib/thumb/v7-m/nofp\libc_nano.a(lib_a-mprec.o)
                0x0000000008009234                __mdiff
 .text.__d2b    0x000000000800934c       0xb8 d:/software/cubeide/stm32cubeide_1.8.0/stm32cubeide/plugins/com.st.stm32cube.ide.mcu.externaltools.gnu-tools-for-stm32.10.3-2021.10.win32_1.0.0.202111181127/tools/bin/../lib/gcc/arm-none-eabi/10.3.1/../../../../arm-none-eabi/lib/thumb/v7-m/nofp\libc_nano.a(lib_a-mprec.o)
                0x000000000800934c                __d2b
 .text._calloc_r
                0x0000000008009404       0x28 d:/software/cubeide/stm32cubeide_1.8.0/stm32cubeide/plugins/com.st.stm32cube.ide.mcu.externaltools.gnu-tools-for-stm32.10.3-2021.10.win32_1.0.0.202111181127/tools/bin/../lib/gcc/arm-none-eabi/10.3.1/../../../../arm-none-eabi/lib/thumb/v7-m/nofp\libc_nano.a(lib_a-nano-callocr.o)
                0x0000000008009404                _calloc_r
 .text._free_r  0x000000000800942c       0x90 d:/software/cubeide/stm32cubeide_1.8.0/stm32cubeide/plugins/com.st.stm32cube.ide.mcu.externaltools.gnu-tools-for-stm32.10.3-2021.10.win32_1.0.0.202111181127/tools/bin/../lib/gcc/arm-none-eabi/10.3.1/../../../../arm-none-eabi/lib/thumb/v7-m/nofp\libc_nano.a(lib_a-nano-freer.o)
                0x000000000800942c                _free_r
 .text.sbrk_aligned
                0x00000000080094bc       0x40 d:/software/cubeide/stm32cubeide_1.8.0/stm32cubeide/plugins/com.st.stm32cube.ide.mcu.externaltools.gnu-tools-for-stm32.10.3-2021.10.win32_1.0.0.202111181127/tools/bin/../lib/gcc/arm-none-eabi/10.3.1/../../../../arm-none-eabi/lib/thumb/v7-m/nofp\libc_nano.a(lib_a-nano-mallocr.o)
 .text._malloc_r
                0x00000000080094fc       0xe8 d:/software/cubeide/stm32cubeide_1.8.0/stm32cubeide/plugins/com.st.stm32cube.ide.mcu.externaltools.gnu-tools-for-stm32.10.3-2021.10.win32_1.0.0.202111181127/tools/bin/../lib/gcc/arm-none-eabi/10.3.1/../../../../arm-none-eabi/lib/thumb/v7-m/nofp\libc_nano.a(lib_a-nano-mallocr.o)
                0x00000000080094fc                _malloc_r
 .text.__ssputs_r
                0x00000000080095e4       0xb6 d:/software/cubeide/stm32cubeide_1.8.0/stm32cubeide/plugins/com.st.stm32cube.ide.mcu.externaltools.gnu-tools-for-stm32.10.3-2021.10.win32_1.0.0.202111181127/tools/bin/../lib/gcc/arm-none-eabi/10.3.1/../../../../arm-none-eabi/lib/thumb/v7-m/nofp\libc_nano.a(lib_a-nano-svfprintf.o)
                0x00000000080095e4                __ssputs_r
 *fill*         0x000000000800969a        0x2 
 .text._svfprintf_r
                0x000000000800969c      0x200 d:/software/cubeide/stm32cubeide_1.8.0/stm32cubeide/plugins/com.st.stm32cube.ide.mcu.externaltools.gnu-tools-for-stm32.10.3-2021.10.win32_1.0.0.202111181127/tools/bin/../lib/gcc/arm-none-eabi/10.3.1/../../../../arm-none-eabi/lib/thumb/v7-m/nofp\libc_nano.a(lib_a-nano-svfprintf.o)
                0x000000000800969c                _svfiprintf_r
                0x000000000800969c                _svfprintf_r
 .text._sbrk_r  0x000000000800989c       0x20 d:/software/cubeide/stm32cubeide_1.8.0/stm32cubeide/plugins/com.st.stm32cube.ide.mcu.externaltools.gnu-tools-for-stm32.10.3-2021.10.win32_1.0.0.202111181127/tools/bin/../lib/gcc/arm-none-eabi/10.3.1/../../../../arm-none-eabi/lib/thumb/v7-m/nofp\libc_nano.a(lib_a-sbrkr.o)
                0x000000000800989c                _sbrk_r
 .text.__assert_func
                0x00000000080098bc       0x3c d:/software/cubeide/stm32cubeide_1.8.0/stm32cubeide/plugins/com.st.stm32cube.ide.mcu.externaltools.gnu-tools-for-stm32.10.3-2021.10.win32_1.0.0.202111181127/tools/bin/../lib/gcc/arm-none-eabi/10.3.1/../../../../arm-none-eabi/lib/thumb/v7-m/nofp\libc_nano.a(lib_a-assert.o)
                0x00000000080098bc                __assert_func
 .text.fprintf  0x00000000080098f8       0x24 d:/software/cubeide/stm32cubeide_1.8.0/stm32cubeide/plugins/com.st.stm32cube.ide.mcu.externaltools.gnu-tools-for-stm32.10.3-2021.10.win32_1.0.0.202111181127/tools/bin/../lib/gcc/arm-none-eabi/10.3.1/../../../../arm-none-eabi/lib/thumb/v7-m/nofp\libc_nano.a(lib_a-fprintf.o)
                0x00000000080098f8                fiprintf
                0x00000000080098f8                fprintf
 .text.__ascii_mbtowc
                0x000000000800991c       0x24 d:/software/cubeide/stm32cubeide_1.8.0/stm32cubeide/plugins/com.st.stm32cube.ide.mcu.externaltools.gnu-tools-for-stm32.10.3-2021.10.win32_1.0.0.202111181127/tools/bin/../lib/gcc/arm-none-eabi/10.3.1/../../../../arm-none-eabi/lib/thumb/v7-m/nofp\libc_nano.a(lib_a-mbtowc_r.o)
                0x000000000800991c                __ascii_mbtowc
 .text.memmove  0x0000000008009940       0x34 d:/software/cubeide/stm32cubeide_1.8.0/stm32cubeide/plugins/com.st.stm32cube.ide.mcu.externaltools.gnu-tools-for-stm32.10.3-2021.10.win32_1.0.0.202111181127/tools/bin/../lib/gcc/arm-none-eabi/10.3.1/../../../../arm-none-eabi/lib/thumb/v7-m/nofp\libc_nano.a(lib_a-memmove.o)
                0x0000000008009940                memmove
 .text.__malloc_lock
                0x0000000008009974        0xc d:/software/cubeide/stm32cubeide_1.8.0/stm32cubeide/plugins/com.st.stm32cube.ide.mcu.externaltools.gnu-tools-for-stm32.10.3-2021.10.win32_1.0.0.202111181127/tools/bin/../lib/gcc/arm-none-eabi/10.3.1/../../../../arm-none-eabi/lib/thumb/v7-m/nofp\libc_nano.a(lib_a-mlock.o)
                0x0000000008009974                __malloc_lock
 .text.__malloc_unlock
                0x0000000008009980        0xc d:/software/cubeide/stm32cubeide_1.8.0/stm32cubeide/plugins/com.st.stm32cube.ide.mcu.externaltools.gnu-tools-for-stm32.10.3-2021.10.win32_1.0.0.202111181127/tools/bin/../lib/gcc/arm-none-eabi/10.3.1/../../../../arm-none-eabi/lib/thumb/v7-m/nofp\libc_nano.a(lib_a-mlock.o)
                0x0000000008009980                __malloc_unlock
 .text._realloc_r
                0x000000000800998c       0x5e d:/software/cubeide/stm32cubeide_1.8.0/stm32cubeide/plugins/com.st.stm32cube.ide.mcu.externaltools.gnu-tools-for-stm32.10.3-2021.10.win32_1.0.0.202111181127/tools/bin/../lib/gcc/arm-none-eabi/10.3.1/../../../../arm-none-eabi/lib/thumb/v7-m/nofp\libc_nano.a(lib_a-nano-reallocr.o)
                0x000000000800998c                _realloc_r
 .text.__sfputc_r
                0x00000000080099ea       0x2a d:/software/cubeide/stm32cubeide_1.8.0/stm32cubeide/plugins/com.st.stm32cube.ide.mcu.externaltools.gnu-tools-for-stm32.10.3-2021.10.win32_1.0.0.202111181127/tools/bin/../lib/gcc/arm-none-eabi/10.3.1/../../../../arm-none-eabi/lib/thumb/v7-m/nofp\libc_nano.a(lib_a-nano-vfprintf.o)
 .text.__sfputs_r
                0x0000000008009a14       0x24 d:/software/cubeide/stm32cubeide_1.8.0/stm32cubeide/plugins/com.st.stm32cube.ide.mcu.externaltools.gnu-tools-for-stm32.10.3-2021.10.win32_1.0.0.202111181127/tools/bin/../lib/gcc/arm-none-eabi/10.3.1/../../../../arm-none-eabi/lib/thumb/v7-m/nofp\libc_nano.a(lib_a-nano-vfprintf.o)
                0x0000000008009a14                __sfputs_r
 .text._vfprintf_r
                0x0000000008009a38      0x260 d:/software/cubeide/stm32cubeide_1.8.0/stm32cubeide/plugins/com.st.stm32cube.ide.mcu.externaltools.gnu-tools-for-stm32.10.3-2021.10.win32_1.0.0.202111181127/tools/bin/../lib/gcc/arm-none-eabi/10.3.1/../../../../arm-none-eabi/lib/thumb/v7-m/nofp\libc_nano.a(lib_a-nano-vfprintf.o)
                0x0000000008009a38                _vfprintf_r
                0x0000000008009a38                _vfiprintf_r
 .text.__swbuf_r
                0x0000000008009c98       0xa4 d:/software/cubeide/stm32cubeide_1.8.0/stm32cubeide/plugins/com.st.stm32cube.ide.mcu.externaltools.gnu-tools-for-stm32.10.3-2021.10.win32_1.0.0.202111181127/tools/bin/../lib/gcc/arm-none-eabi/10.3.1/../../../../arm-none-eabi/lib/thumb/v7-m/nofp\libc_nano.a(lib_a-wbuf.o)
                0x0000000008009c98                __swbuf_r
 .text.__ascii_wctomb
                0x0000000008009d3c       0x1a d:/software/cubeide/stm32cubeide_1.8.0/stm32cubeide/plugins/com.st.stm32cube.ide.mcu.externaltools.gnu-tools-for-stm32.10.3-2021.10.win32_1.0.0.202111181127/tools/bin/../lib/gcc/arm-none-eabi/10.3.1/../../../../arm-none-eabi/lib/thumb/v7-m/nofp\libc_nano.a(lib_a-wctomb_r.o)
                0x0000000008009d3c                __ascii_wctomb
 *fill*         0x0000000008009d56        0x2 
 .text.__swsetup_r
                0x0000000008009d58       0xdc d:/software/cubeide/stm32cubeide_1.8.0/stm32cubeide/plugins/com.st.stm32cube.ide.mcu.externaltools.gnu-tools-for-stm32.10.3-2021.10.win32_1.0.0.202111181127/tools/bin/../lib/gcc/arm-none-eabi/10.3.1/../../../../arm-none-eabi/lib/thumb/v7-m/nofp\libc_nano.a(lib_a-wsetup.o)
                0x0000000008009d58                __swsetup_r
 .text.abort    0x0000000008009e34        0xe d:/software/cubeide/stm32cubeide_1.8.0/stm32cubeide/plugins/com.st.stm32cube.ide.mcu.externaltools.gnu-tools-for-stm32.10.3-2021.10.win32_1.0.0.202111181127/tools/bin/../lib/gcc/arm-none-eabi/10.3.1/../../../../arm-none-eabi/lib/thumb/v7-m/nofp\libc_nano.a(lib_a-abort.o)
                0x0000000008009e34                abort
 *fill*         0x0000000008009e42        0x2 
 .text.__sflush_r
                0x0000000008009e44      0x104 d:/software/cubeide/stm32cubeide_1.8.0/stm32cubeide/plugins/com.st.stm32cube.ide.mcu.externaltools.gnu-tools-for-stm32.10.3-2021.10.win32_1.0.0.202111181127/tools/bin/../lib/gcc/arm-none-eabi/10.3.1/../../../../arm-none-eabi/lib/thumb/v7-m/nofp\libc_nano.a(lib_a-fflush.o)
                0x0000000008009e44                __sflush_r
 .text._fflush_r
                0x0000000008009f48       0x78 d:/software/cubeide/stm32cubeide_1.8.0/stm32cubeide/plugins/com.st.stm32cube.ide.mcu.externaltools.gnu-tools-for-stm32.10.3-2021.10.win32_1.0.0.202111181127/tools/bin/../lib/gcc/arm-none-eabi/10.3.1/../../../../arm-none-eabi/lib/thumb/v7-m/nofp\libc_nano.a(lib_a-fflush.o)
                0x0000000008009f48                _fflush_r
 .text.std      0x0000000008009fc0       0x48 d:/software/cubeide/stm32cubeide_1.8.0/stm32cubeide/plugins/com.st.stm32cube.ide.mcu.externaltools.gnu-tools-for-stm32.10.3-2021.10.win32_1.0.0.202111181127/tools/bin/../lib/gcc/arm-none-eabi/10.3.1/../../../../arm-none-eabi/lib/thumb/v7-m/nofp\libc_nano.a(lib_a-findfp.o)
 .text._cleanup_r
                0x000000000800a008        0xc d:/software/cubeide/stm32cubeide_1.8.0/stm32cubeide/plugins/com.st.stm32cube.ide.mcu.externaltools.gnu-tools-for-stm32.10.3-2021.10.win32_1.0.0.202111181127/tools/bin/../lib/gcc/arm-none-eabi/10.3.1/../../../../arm-none-eabi/lib/thumb/v7-m/nofp\libc_nano.a(lib_a-findfp.o)
                0x000000000800a008                _cleanup_r
 .text.__sfmoreglue
                0x000000000800a014       0x2c d:/software/cubeide/stm32cubeide_1.8.0/stm32cubeide/plugins/com.st.stm32cube.ide.mcu.externaltools.gnu-tools-for-stm32.10.3-2021.10.win32_1.0.0.202111181127/tools/bin/../lib/gcc/arm-none-eabi/10.3.1/../../../../arm-none-eabi/lib/thumb/v7-m/nofp\libc_nano.a(lib_a-findfp.o)
                0x000000000800a014                __sfmoreglue
 .text.__sfp_lock_acquire
                0x000000000800a040        0xc d:/software/cubeide/stm32cubeide_1.8.0/stm32cubeide/plugins/com.st.stm32cube.ide.mcu.externaltools.gnu-tools-for-stm32.10.3-2021.10.win32_1.0.0.202111181127/tools/bin/../lib/gcc/arm-none-eabi/10.3.1/../../../../arm-none-eabi/lib/thumb/v7-m/nofp\libc_nano.a(lib_a-findfp.o)
                0x000000000800a040                __sfp_lock_acquire
 .text.__sfp_lock_release
                0x000000000800a04c        0xc d:/software/cubeide/stm32cubeide_1.8.0/stm32cubeide/plugins/com.st.stm32cube.ide.mcu.externaltools.gnu-tools-for-stm32.10.3-2021.10.win32_1.0.0.202111181127/tools/bin/../lib/gcc/arm-none-eabi/10.3.1/../../../../arm-none-eabi/lib/thumb/v7-m/nofp\libc_nano.a(lib_a-findfp.o)
                0x000000000800a04c                __sfp_lock_release
 .text.__sinit_lock_acquire
                0x000000000800a058        0xc d:/software/cubeide/stm32cubeide_1.8.0/stm32cubeide/plugins/com.st.stm32cube.ide.mcu.externaltools.gnu-tools-for-stm32.10.3-2021.10.win32_1.0.0.202111181127/tools/bin/../lib/gcc/arm-none-eabi/10.3.1/../../../../arm-none-eabi/lib/thumb/v7-m/nofp\libc_nano.a(lib_a-findfp.o)
                0x000000000800a058                __sinit_lock_acquire
 .text.__sinit_lock_release
                0x000000000800a064        0xc d:/software/cubeide/stm32cubeide_1.8.0/stm32cubeide/plugins/com.st.stm32cube.ide.mcu.externaltools.gnu-tools-for-stm32.10.3-2021.10.win32_1.0.0.202111181127/tools/bin/../lib/gcc/arm-none-eabi/10.3.1/../../../../arm-none-eabi/lib/thumb/v7-m/nofp\libc_nano.a(lib_a-findfp.o)
                0x000000000800a064                __sinit_lock_release
 .text.__sinit  0x000000000800a070       0x70 d:/software/cubeide/stm32cubeide_1.8.0/stm32cubeide/plugins/com.st.stm32cube.ide.mcu.externaltools.gnu-tools-for-stm32.10.3-2021.10.win32_1.0.0.202111181127/tools/bin/../lib/gcc/arm-none-eabi/10.3.1/../../../../arm-none-eabi/lib/thumb/v7-m/nofp\libc_nano.a(lib_a-findfp.o)
                0x000000000800a070                __sinit
 .text.__sfp    0x000000000800a0e0       0x8c d:/software/cubeide/stm32cubeide_1.8.0/stm32cubeide/plugins/com.st.stm32cube.ide.mcu.externaltools.gnu-tools-for-stm32.10.3-2021.10.win32_1.0.0.202111181127/tools/bin/../lib/gcc/arm-none-eabi/10.3.1/../../../../arm-none-eabi/lib/thumb/v7-m/nofp\libc_nano.a(lib_a-findfp.o)
                0x000000000800a0e0                __sfp
 .text._fwalk_reent
                0x000000000800a16c       0x3e d:/software/cubeide/stm32cubeide_1.8.0/stm32cubeide/plugins/com.st.stm32cube.ide.mcu.externaltools.gnu-tools-for-stm32.10.3-2021.10.win32_1.0.0.202111181127/tools/bin/../lib/gcc/arm-none-eabi/10.3.1/../../../../arm-none-eabi/lib/thumb/v7-m/nofp\libc_nano.a(lib_a-fwalk.o)
                0x000000000800a16c                _fwalk_reent
 .text.__retarget_lock_init_recursive
                0x000000000800a1aa        0x2 d:/software/cubeide/stm32cubeide_1.8.0/stm32cubeide/plugins/com.st.stm32cube.ide.mcu.externaltools.gnu-tools-for-stm32.10.3-2021.10.win32_1.0.0.202111181127/tools/bin/../lib/gcc/arm-none-eabi/10.3.1/../../../../arm-none-eabi/lib/thumb/v7-m/nofp\libc_nano.a(lib_a-lock.o)
                0x000000000800a1aa                __retarget_lock_init_recursive
 .text.__retarget_lock_acquire_recursive
                0x000000000800a1ac        0x2 d:/software/cubeide/stm32cubeide_1.8.0/stm32cubeide/plugins/com.st.stm32cube.ide.mcu.externaltools.gnu-tools-for-stm32.10.3-2021.10.win32_1.0.0.202111181127/tools/bin/../lib/gcc/arm-none-eabi/10.3.1/../../../../arm-none-eabi/lib/thumb/v7-m/nofp\libc_nano.a(lib_a-lock.o)
                0x000000000800a1ac                __retarget_lock_acquire_recursive
 .text.__retarget_lock_release_recursive
                0x000000000800a1ae        0x2 d:/software/cubeide/stm32cubeide_1.8.0/stm32cubeide/plugins/com.st.stm32cube.ide.mcu.externaltools.gnu-tools-for-stm32.10.3-2021.10.win32_1.0.0.202111181127/tools/bin/../lib/gcc/arm-none-eabi/10.3.1/../../../../arm-none-eabi/lib/thumb/v7-m/nofp\libc_nano.a(lib_a-lock.o)
                0x000000000800a1ae                __retarget_lock_release_recursive
 .text.__swhatbuf_r
                0x000000000800a1b0       0x4a d:/software/cubeide/stm32cubeide_1.8.0/stm32cubeide/plugins/com.st.stm32cube.ide.mcu.externaltools.gnu-tools-for-stm32.10.3-2021.10.win32_1.0.0.202111181127/tools/bin/../lib/gcc/arm-none-eabi/10.3.1/../../../../arm-none-eabi/lib/thumb/v7-m/nofp\libc_nano.a(lib_a-makebuf.o)
                0x000000000800a1b0                __swhatbuf_r
 *fill*         0x000000000800a1fa        0x2 
 .text.__smakebuf_r
                0x000000000800a1fc       0x80 d:/software/cubeide/stm32cubeide_1.8.0/stm32cubeide/plugins/com.st.stm32cube.ide.mcu.externaltools.gnu-tools-for-stm32.10.3-2021.10.win32_1.0.0.202111181127/tools/bin/../lib/gcc/arm-none-eabi/10.3.1/../../../../arm-none-eabi/lib/thumb/v7-m/nofp\libc_nano.a(lib_a-makebuf.o)
                0x000000000800a1fc                __smakebuf_r
 .text._malloc_usable_size_r
                0x000000000800a27c       0x10 d:/software/cubeide/stm32cubeide_1.8.0/stm32cubeide/plugins/com.st.stm32cube.ide.mcu.externaltools.gnu-tools-for-stm32.10.3-2021.10.win32_1.0.0.202111181127/tools/bin/../lib/gcc/arm-none-eabi/10.3.1/../../../../arm-none-eabi/lib/thumb/v7-m/nofp\libc_nano.a(lib_a-nano-msizer.o)
                0x000000000800a27c                _malloc_usable_size_r
 .text._raise_r
                0x000000000800a28c       0x50 d:/software/cubeide/stm32cubeide_1.8.0/stm32cubeide/plugins/com.st.stm32cube.ide.mcu.externaltools.gnu-tools-for-stm32.10.3-2021.10.win32_1.0.0.202111181127/tools/bin/../lib/gcc/arm-none-eabi/10.3.1/../../../../arm-none-eabi/lib/thumb/v7-m/nofp\libc_nano.a(lib_a-signal.o)
                0x000000000800a28c                _raise_r
 .text.raise    0x000000000800a2dc       0x10 d:/software/cubeide/stm32cubeide_1.8.0/stm32cubeide/plugins/com.st.stm32cube.ide.mcu.externaltools.gnu-tools-for-stm32.10.3-2021.10.win32_1.0.0.202111181127/tools/bin/../lib/gcc/arm-none-eabi/10.3.1/../../../../arm-none-eabi/lib/thumb/v7-m/nofp\libc_nano.a(lib_a-signal.o)
                0x000000000800a2dc                raise
 .text._kill_r  0x000000000800a2ec       0x24 d:/software/cubeide/stm32cubeide_1.8.0/stm32cubeide/plugins/com.st.stm32cube.ide.mcu.externaltools.gnu-tools-for-stm32.10.3-2021.10.win32_1.0.0.202111181127/tools/bin/../lib/gcc/arm-none-eabi/10.3.1/../../../../arm-none-eabi/lib/thumb/v7-m/nofp\libc_nano.a(lib_a-signalr.o)
                0x000000000800a2ec                _kill_r
 .text._getpid_r
                0x000000000800a310        0x4 d:/software/cubeide/stm32cubeide_1.8.0/stm32cubeide/plugins/com.st.stm32cube.ide.mcu.externaltools.gnu-tools-for-stm32.10.3-2021.10.win32_1.0.0.202111181127/tools/bin/../lib/gcc/arm-none-eabi/10.3.1/../../../../arm-none-eabi/lib/thumb/v7-m/nofp\libc_nano.a(lib_a-signalr.o)
                0x000000000800a310                _getpid_r
 .text.__sread  0x000000000800a314       0x22 d:/software/cubeide/stm32cubeide_1.8.0/stm32cubeide/plugins/com.st.stm32cube.ide.mcu.externaltools.gnu-tools-for-stm32.10.3-2021.10.win32_1.0.0.202111181127/tools/bin/../lib/gcc/arm-none-eabi/10.3.1/../../../../arm-none-eabi/lib/thumb/v7-m/nofp\libc_nano.a(lib_a-stdio.o)
                0x000000000800a314                __sread
 .text.__swrite
                0x000000000800a336       0x38 d:/software/cubeide/stm32cubeide_1.8.0/stm32cubeide/plugins/com.st.stm32cube.ide.mcu.externaltools.gnu-tools-for-stm32.10.3-2021.10.win32_1.0.0.202111181127/tools/bin/../lib/gcc/arm-none-eabi/10.3.1/../../../../arm-none-eabi/lib/thumb/v7-m/nofp\libc_nano.a(lib_a-stdio.o)
                0x000000000800a336                __swrite
 .text.__sseek  0x000000000800a36e       0x24 d:/software/cubeide/stm32cubeide_1.8.0/stm32cubeide/plugins/com.st.stm32cube.ide.mcu.externaltools.gnu-tools-for-stm32.10.3-2021.10.win32_1.0.0.202111181127/tools/bin/../lib/gcc/arm-none-eabi/10.3.1/../../../../arm-none-eabi/lib/thumb/v7-m/nofp\libc_nano.a(lib_a-stdio.o)
                0x000000000800a36e                __sseek
 .text.__sclose
                0x000000000800a392        0x8 d:/software/cubeide/stm32cubeide_1.8.0/stm32cubeide/plugins/com.st.stm32cube.ide.mcu.externaltools.gnu-tools-for-stm32.10.3-2021.10.win32_1.0.0.202111181127/tools/bin/../lib/gcc/arm-none-eabi/10.3.1/../../../../arm-none-eabi/lib/thumb/v7-m/nofp\libc_nano.a(lib_a-stdio.o)
                0x000000000800a392                __sclose
 *fill*         0x000000000800a39a        0x2 
 .text._write_r
                0x000000000800a39c       0x24 d:/software/cubeide/stm32cubeide_1.8.0/stm32cubeide/plugins/com.st.stm32cube.ide.mcu.externaltools.gnu-tools-for-stm32.10.3-2021.10.win32_1.0.0.202111181127/tools/bin/../lib/gcc/arm-none-eabi/10.3.1/../../../../arm-none-eabi/lib/thumb/v7-m/nofp\libc_nano.a(lib_a-writer.o)
                0x000000000800a39c                _write_r
 .text._close_r
                0x000000000800a3c0       0x20 d:/software/cubeide/stm32cubeide_1.8.0/stm32cubeide/plugins/com.st.stm32cube.ide.mcu.externaltools.gnu-tools-for-stm32.10.3-2021.10.win32_1.0.0.202111181127/tools/bin/../lib/gcc/arm-none-eabi/10.3.1/../../../../arm-none-eabi/lib/thumb/v7-m/nofp\libc_nano.a(lib_a-closer.o)
                0x000000000800a3c0                _close_r
 .text._fstat_r
                0x000000000800a3e0       0x24 d:/software/cubeide/stm32cubeide_1.8.0/stm32cubeide/plugins/com.st.stm32cube.ide.mcu.externaltools.gnu-tools-for-stm32.10.3-2021.10.win32_1.0.0.202111181127/tools/bin/../lib/gcc/arm-none-eabi/10.3.1/../../../../arm-none-eabi/lib/thumb/v7-m/nofp\libc_nano.a(lib_a-fstatr.o)
                0x000000000800a3e0                _fstat_r
 .text._isatty_r
                0x000000000800a404       0x20 d:/software/cubeide/stm32cubeide_1.8.0/stm32cubeide/plugins/com.st.stm32cube.ide.mcu.externaltools.gnu-tools-for-stm32.10.3-2021.10.win32_1.0.0.202111181127/tools/bin/../lib/gcc/arm-none-eabi/10.3.1/../../../../arm-none-eabi/lib/thumb/v7-m/nofp\libc_nano.a(lib_a-isattyr.o)
                0x000000000800a404                _isatty_r
 .text._lseek_r
                0x000000000800a424       0x24 d:/software/cubeide/stm32cubeide_1.8.0/stm32cubeide/plugins/com.st.stm32cube.ide.mcu.externaltools.gnu-tools-for-stm32.10.3-2021.10.win32_1.0.0.202111181127/tools/bin/../lib/gcc/arm-none-eabi/10.3.1/../../../../arm-none-eabi/lib/thumb/v7-m/nofp\libc_nano.a(lib_a-lseekr.o)
                0x000000000800a424                _lseek_r
 .text._read_r  0x000000000800a448       0x24 d:/software/cubeide/stm32cubeide_1.8.0/stm32cubeide/plugins/com.st.stm32cube.ide.mcu.externaltools.gnu-tools-for-stm32.10.3-2021.10.win32_1.0.0.202111181127/tools/bin/../lib/gcc/arm-none-eabi/10.3.1/../../../../arm-none-eabi/lib/thumb/v7-m/nofp\libc_nano.a(lib_a-readr.o)
                0x000000000800a448                _read_r
 .text.round    0x000000000800a46c       0x90 d:/software/cubeide/stm32cubeide_1.8.0/stm32cubeide/plugins/com.st.stm32cube.ide.mcu.externaltools.gnu-tools-for-stm32.10.3-2021.10.win32_1.0.0.202111181127/tools/bin/../lib/gcc/arm-none-eabi/10.3.1/../../../../arm-none-eabi/lib/thumb/v7-m/nofp\libm.a(lib_a-s_round.o)
                0x000000000800a46c                round
 *(.glue_7)
 .glue_7        0x000000000800a4fc        0x0 linker stubs
 *(.glue_7t)
 .glue_7t       0x000000000800a4fc        0x0 linker stubs
 *(.eh_frame)
 .eh_frame      0x000000000800a4fc        0x0 d:/software/cubeide/stm32cubeide_1.8.0/stm32cubeide/plugins/com.st.stm32cube.ide.mcu.externaltools.gnu-tools-for-stm32.10.3-2021.10.win32_1.0.0.202111181127/tools/bin/../lib/gcc/arm-none-eabi/10.3.1/thumb/v7-m/nofp/crtbegin.o
 *(.init)
 .init          0x000000000800a4fc        0x4 d:/software/cubeide/stm32cubeide_1.8.0/stm32cubeide/plugins/com.st.stm32cube.ide.mcu.externaltools.gnu-tools-for-stm32.10.3-2021.10.win32_1.0.0.202111181127/tools/bin/../lib/gcc/arm-none-eabi/10.3.1/thumb/v7-m/nofp/crti.o
                0x000000000800a4fc                _init
 .init          0x000000000800a500        0x8 d:/software/cubeide/stm32cubeide_1.8.0/stm32cubeide/plugins/com.st.stm32cube.ide.mcu.externaltools.gnu-tools-for-stm32.10.3-2021.10.win32_1.0.0.202111181127/tools/bin/../lib/gcc/arm-none-eabi/10.3.1/thumb/v7-m/nofp/crtn.o
 *(.fini)
 .fini          0x000000000800a508        0x4 d:/software/cubeide/stm32cubeide_1.8.0/stm32cubeide/plugins/com.st.stm32cube.ide.mcu.externaltools.gnu-tools-for-stm32.10.3-2021.10.win32_1.0.0.202111181127/tools/bin/../lib/gcc/arm-none-eabi/10.3.1/thumb/v7-m/nofp/crti.o
                0x000000000800a508                _fini
 .fini          0x000000000800a50c        0x8 d:/software/cubeide/stm32cubeide_1.8.0/stm32cubeide/plugins/com.st.stm32cube.ide.mcu.externaltools.gnu-tools-for-stm32.10.3-2021.10.win32_1.0.0.202111181127/tools/bin/../lib/gcc/arm-none-eabi/10.3.1/thumb/v7-m/nofp/crtn.o
                0x000000000800a514                . = ALIGN (0x4)
                0x000000000800a514                _etext = .

.vfp11_veneer   0x000000000800a514        0x0
 .vfp11_veneer  0x000000000800a514        0x0 linker stubs

.v4_bx          0x000000000800a514        0x0
 .v4_bx         0x000000000800a514        0x0 linker stubs

.iplt           0x000000000800a514        0x0
 .iplt          0x000000000800a514        0x0 d:/software/cubeide/stm32cubeide_1.8.0/stm32cubeide/plugins/com.st.stm32cube.ide.mcu.externaltools.gnu-tools-for-stm32.10.3-2021.10.win32_1.0.0.202111181127/tools/bin/../lib/gcc/arm-none-eabi/10.3.1/thumb/v7-m/nofp/crtbegin.o

.rodata         0x000000000800a518      0x8c4
                0x000000000800a518                . = ALIGN (0x4)
 *(.rodata)
 .rodata        0x000000000800a518       0xe0 ./Core/Src/main.o
 .rodata        0x000000000800a5f8       0x17 ./Core/Src/stm32f1xx_it.o
 *fill*         0x000000000800a60f        0x1 
 .rodata        0x000000000800a610       0x10 ./Drivers/STM32F1xx_HAL_Driver/Src/stm32f1xx_hal_rcc.o
 .rodata        0x000000000800a620       0x11 ./Lib/Cbm/config.o
 *fill*         0x000000000800a631        0x3 
 .rodata        0x000000000800a634      0x127 ./Lib/Comm/comm.o
 *fill*         0x000000000800a75b        0x1 
 .rodata        0x000000000800a75c        0x7 ./Lib/Debug/debug.o
 *fill*         0x000000000800a763        0x1 
 .rodata        0x000000000800a764      0x12b ./Lib/SPSGRF/SPSGRF.o
 *(.rodata*)
 *fill*         0x000000000800a88f        0x1 
 .rodata.AHBPrescTable
                0x000000000800a890       0x10 ./Core/Src/system_stm32f1xx.o
                0x000000000800a890                AHBPrescTable
 .rodata.APBPrescTable
                0x000000000800a8a0        0x8 ./Core/Src/system_stm32f1xx.o
                0x000000000800a8a0                APBPrescTable
 .rodata.s_vectcBandRegValue
                0x000000000800a8a8        0x4 ./Drivers/SPIRIT1/SPIRIT1_Library/Src/SPIRIT_Management.o
 .rodata.s_vectcBHalfFactor
                0x000000000800a8ac        0x4 ./Drivers/SPIRIT1/SPIRIT1_Library/Src/SPIRIT_Management.o
 .rodata.s_vectcBHalfFactor
                0x000000000800a8b0        0x4 ./Drivers/SPIRIT1/SPIRIT1_Library/Src/SPIRIT_Radio.o
 .rodata.s_vectcBandRegValue
                0x000000000800a8b4        0x4 ./Drivers/SPIRIT1/SPIRIT1_Library/Src/SPIRIT_Radio.o
 .rodata.s_vectnBandwidth26M
                0x000000000800a8b8       0xb4 ./Drivers/SPIRIT1/SPIRIT1_Library/Src/SPIRIT_Radio.o
 .rodata.s_vectnVCOFreq
                0x000000000800a96c       0x20 ./Drivers/SPIRIT1/SPIRIT1_Library/Src/SPIRIT_Radio.o
 .rodata.fPowerFactors
                0x000000000800a98c       0x78 ./Drivers/SPIRIT1/SPIRIT1_Library/Src/SPIRIT_Radio.o
 .rodata._global_impure_ptr
                0x000000000800aa04        0x4 d:/software/cubeide/stm32cubeide_1.8.0/stm32cubeide/plugins/com.st.stm32cube.ide.mcu.externaltools.gnu-tools-for-stm32.10.3-2021.10.win32_1.0.0.202111181127/tools/bin/../lib/gcc/arm-none-eabi/10.3.1/../../../../arm-none-eabi/lib/thumb/v7-m/nofp\libc_nano.a(lib_a-impure.o)
                0x000000000800aa04                _global_impure_ptr
 .rodata._printf_float.str1.1
                0x000000000800aa08       0x12 d:/software/cubeide/stm32cubeide_1.8.0/stm32cubeide/plugins/com.st.stm32cube.ide.mcu.externaltools.gnu-tools-for-stm32.10.3-2021.10.win32_1.0.0.202111181127/tools/bin/../lib/gcc/arm-none-eabi/10.3.1/../../../../arm-none-eabi/lib/thumb/v7-m/nofp\libc_nano.a(lib_a-nano-vfprintf_float.o)
 .rodata._printf_i.str1.1
                0x000000000800aa1a       0x22 d:/software/cubeide/stm32cubeide_1.8.0/stm32cubeide/plugins/com.st.stm32cube.ide.mcu.externaltools.gnu-tools-for-stm32.10.3-2021.10.win32_1.0.0.202111181127/tools/bin/../lib/gcc/arm-none-eabi/10.3.1/../../../../arm-none-eabi/lib/thumb/v7-m/nofp\libc_nano.a(lib_a-nano-vfprintf_i.o)
 .rodata._dtoa_r.str1.1
                0x000000000800aa3c       0x90 d:/software/cubeide/stm32cubeide_1.8.0/stm32cubeide/plugins/com.st.stm32cube.ide.mcu.externaltools.gnu-tools-for-stm32.10.3-2021.10.win32_1.0.0.202111181127/tools/bin/../lib/gcc/arm-none-eabi/10.3.1/../../../../arm-none-eabi/lib/thumb/v7-m/nofp\libc_nano.a(lib_a-dtoa.o)
                                         0x92 (size before relaxing)
 .rodata._Balloc.str1.1
                0x000000000800aacc       0x5c d:/software/cubeide/stm32cubeide_1.8.0/stm32cubeide/plugins/com.st.stm32cube.ide.mcu.externaltools.gnu-tools-for-stm32.10.3-2021.10.win32_1.0.0.202111181127/tools/bin/../lib/gcc/arm-none-eabi/10.3.1/../../../../arm-none-eabi/lib/thumb/v7-m/nofp\libc_nano.a(lib_a-mprec.o)
                                         0x73 (size before relaxing)
 .rodata.__multadd.str1.1
                0x000000000800ab28       0x11 d:/software/cubeide/stm32cubeide_1.8.0/stm32cubeide/plugins/com.st.stm32cube.ide.mcu.externaltools.gnu-tools-for-stm32.10.3-2021.10.win32_1.0.0.202111181127/tools/bin/../lib/gcc/arm-none-eabi/10.3.1/../../../../arm-none-eabi/lib/thumb/v7-m/nofp\libc_nano.a(lib_a-mprec.o)
 .rodata.__mprec_bigtens
                0x000000000800ab28       0x28 d:/software/cubeide/stm32cubeide_1.8.0/stm32cubeide/plugins/com.st.stm32cube.ide.mcu.externaltools.gnu-tools-for-stm32.10.3-2021.10.win32_1.0.0.202111181127/tools/bin/../lib/gcc/arm-none-eabi/10.3.1/../../../../arm-none-eabi/lib/thumb/v7-m/nofp\libc_nano.a(lib_a-mprec.o)
                0x000000000800ab28                __mprec_bigtens
 .rodata.__mprec_tens
                0x000000000800ab50       0xc8 d:/software/cubeide/stm32cubeide_1.8.0/stm32cubeide/plugins/com.st.stm32cube.ide.mcu.externaltools.gnu-tools-for-stm32.10.3-2021.10.win32_1.0.0.202111181127/tools/bin/../lib/gcc/arm-none-eabi/10.3.1/../../../../arm-none-eabi/lib/thumb/v7-m/nofp\libc_nano.a(lib_a-mprec.o)
                0x000000000800ab50                __mprec_tens
 .rodata.p05.0  0x000000000800ac18        0xc d:/software/cubeide/stm32cubeide_1.8.0/stm32cubeide/plugins/com.st.stm32cube.ide.mcu.externaltools.gnu-tools-for-stm32.10.3-2021.10.win32_1.0.0.202111181127/tools/bin/../lib/gcc/arm-none-eabi/10.3.1/../../../../arm-none-eabi/lib/thumb/v7-m/nofp\libc_nano.a(lib_a-mprec.o)
 .rodata._svfprintf_r.str1.1
                0x000000000800ac24       0x11 d:/software/cubeide/stm32cubeide_1.8.0/stm32cubeide/plugins/com.st.stm32cube.ide.mcu.externaltools.gnu-tools-for-stm32.10.3-2021.10.win32_1.0.0.202111181127/tools/bin/../lib/gcc/arm-none-eabi/10.3.1/../../../../arm-none-eabi/lib/thumb/v7-m/nofp\libc_nano.a(lib_a-nano-svfprintf.o)
 .rodata.__assert_func.str1.1
                0x000000000800ac35       0x3c d:/software/cubeide/stm32cubeide_1.8.0/stm32cubeide/plugins/com.st.stm32cube.ide.mcu.externaltools.gnu-tools-for-stm32.10.3-2021.10.win32_1.0.0.202111181127/tools/bin/../lib/gcc/arm-none-eabi/10.3.1/../../../../arm-none-eabi/lib/thumb/v7-m/nofp\libc_nano.a(lib_a-assert.o)
                                         0x3d (size before relaxing)
 .rodata._setlocale_r.str1.1
                0x000000000800ac71        0x8 d:/software/cubeide/stm32cubeide_1.8.0/stm32cubeide/plugins/com.st.stm32cube.ide.mcu.externaltools.gnu-tools-for-stm32.10.3-2021.10.win32_1.0.0.202111181127/tools/bin/../lib/gcc/arm-none-eabi/10.3.1/../../../../arm-none-eabi/lib/thumb/v7-m/nofp\libc_nano.a(lib_a-locale.o)
                                          0x9 (size before relaxing)
 .rodata.str1.1
                0x000000000800ac79        0x2 d:/software/cubeide/stm32cubeide_1.8.0/stm32cubeide/plugins/com.st.stm32cube.ide.mcu.externaltools.gnu-tools-for-stm32.10.3-2021.10.win32_1.0.0.202111181127/tools/bin/../lib/gcc/arm-none-eabi/10.3.1/../../../../arm-none-eabi/lib/thumb/v7-m/nofp\libc_nano.a(lib_a-locale.o)
 .rodata._vfprintf_r.str1.1
                0x000000000800ac7b       0x11 d:/software/cubeide/stm32cubeide_1.8.0/stm32cubeide/plugins/com.st.stm32cube.ide.mcu.externaltools.gnu-tools-for-stm32.10.3-2021.10.win32_1.0.0.202111181127/tools/bin/../lib/gcc/arm-none-eabi/10.3.1/../../../../arm-none-eabi/lib/thumb/v7-m/nofp\libc_nano.a(lib_a-nano-vfprintf.o)
 .rodata._ctype_
                0x000000000800ac7b      0x101 d:/software/cubeide/stm32cubeide_1.8.0/stm32cubeide/plugins/com.st.stm32cube.ide.mcu.externaltools.gnu-tools-for-stm32.10.3-2021.10.win32_1.0.0.202111181127/tools/bin/../lib/gcc/arm-none-eabi/10.3.1/../../../../arm-none-eabi/lib/thumb/v7-m/nofp\libc_nano.a(lib_a-ctype_.o)
                0x000000000800ac7b                _ctype_
 .rodata.__sf_fake_stderr
                0x000000000800ad7c       0x20 d:/software/cubeide/stm32cubeide_1.8.0/stm32cubeide/plugins/com.st.stm32cube.ide.mcu.externaltools.gnu-tools-for-stm32.10.3-2021.10.win32_1.0.0.202111181127/tools/bin/../lib/gcc/arm-none-eabi/10.3.1/../../../../arm-none-eabi/lib/thumb/v7-m/nofp\libc_nano.a(lib_a-findfp.o)
                0x000000000800ad7c                __sf_fake_stderr
 .rodata.__sf_fake_stdin
                0x000000000800ad9c       0x20 d:/software/cubeide/stm32cubeide_1.8.0/stm32cubeide/plugins/com.st.stm32cube.ide.mcu.externaltools.gnu-tools-for-stm32.10.3-2021.10.win32_1.0.0.202111181127/tools/bin/../lib/gcc/arm-none-eabi/10.3.1/../../../../arm-none-eabi/lib/thumb/v7-m/nofp\libc_nano.a(lib_a-findfp.o)
                0x000000000800ad9c                __sf_fake_stdin
 .rodata.__sf_fake_stdout