Archive member included to satisfy reference by file (symbol)

d:/software/cubeide/stm32cubeide_1.8.0/stm32cubeide/plugins/com.st.stm32cube.ide.mcu.externaltools.gnu-tools-for-stm32.10.3-2021.10.win32_1.0.0.202111181127/tools/bin/../lib/gcc/arm-none-eabi/10.3.1/../../../../arm-none-eabi/lib/thumb/v8-m.main+fp/hard\libc_nano.a(lib_a-errno.o)
                              ./Core/Src/syscalls.o (__errno)
d:/software/cubeide/stm32cubeide_1.8.0/stm32cubeide/plugins/com.st.stm32cube.ide.mcu.externaltools.gnu-tools-for-stm32.10.3-2021.10.win32_1.0.0.202111181127/tools/bin/../lib/gcc/arm-none-eabi/10.3.1/../../../../arm-none-eabi/lib/thumb/v8-m.main+fp/hard\libc_nano.a(lib_a-exit.o)
                              d:/software/cubeide/stm32cubeide_1.8.0/stm32cubeide/plugins/com.st.stm32cube.ide.mcu.externaltools.gnu-tools-for-stm32.10.3-2021.10.win32_1.0.0.202111181127/tools/bin/../lib/gcc/arm-none-eabi/10.3.1/../../../../arm-none-eabi/lib/thumb/v8-m.main+fp/hard/crt0.o (exit)
d:/software/cubeide/stm32cubeide_1.8.0/stm32cubeide/plugins/com.st.stm32cube.ide.mcu.externaltools.gnu-tools-for-stm32.10.3-2021.10.win32_1.0.0.202111181127/tools/bin/../lib/gcc/arm-none-eabi/10.3.1/../../../../arm-none-eabi/lib/thumb/v8-m.main+fp/hard\libc_nano.a(lib_a-impure.o)
                              d:/software/cubeide/stm32cubeide_1.8.0/stm32cubeide/plugins/com.st.stm32cube.ide.mcu.externaltools.gnu-tools-for-stm32.10.3-2021.10.win32_1.0.0.202111181127/tools/bin/../lib/gcc/arm-none-eabi/10.3.1/../../../../arm-none-eabi/lib/thumb/v8-m.main+fp/hard\libc_nano.a(lib_a-exit.o) (_global_impure_ptr)
d:/software/cubeide/stm32cubeide_1.8.0/stm32cubeide/plugins/com.st.stm32cube.ide.mcu.externaltools.gnu-tools-for-stm32.10.3-2021.10.win32_1.0.0.202111181127/tools/bin/../lib/gcc/arm-none-eabi/10.3.1/../../../../arm-none-eabi/lib/thumb/v8-m.main+fp/hard\libc_nano.a(lib_a-init.o)
                              d:/software/cubeide/stm32cubeide_1.8.0/stm32cubeide/plugins/com.st.stm32cube.ide.mcu.externaltools.gnu-tools-for-stm32.10.3-2021.10.win32_1.0.0.202111181127/tools/bin/../lib/gcc/arm-none-eabi/10.3.1/../../../../arm-none-eabi/lib/thumb/v8-m.main+fp/hard/crt0.o (__libc_init_array)
d:/software/cubeide/stm32cubeide_1.8.0/stm32cubeide/plugins/com.st.stm32cube.ide.mcu.externaltools.gnu-tools-for-stm32.10.3-2021.10.win32_1.0.0.202111181127/tools/bin/../lib/gcc/arm-none-eabi/10.3.1/../../../../arm-none-eabi/lib/thumb/v8-m.main+fp/hard\libc_nano.a(lib_a-memset.o)
                              d:/software/cubeide/stm32cubeide_1.8.0/stm32cubeide/plugins/com.st.stm32cube.ide.mcu.externaltools.gnu-tools-for-stm32.10.3-2021.10.win32_1.0.0.202111181127/tools/bin/../lib/gcc/arm-none-eabi/10.3.1/../../../../arm-none-eabi/lib/thumb/v8-m.main+fp/hard/crt0.o (memset)
d:/software/cubeide/stm32cubeide_1.8.0/stm32cubeide/plugins/com.st.stm32cube.ide.mcu.externaltools.gnu-tools-for-stm32.10.3-2021.10.win32_1.0.0.202111181127/tools/bin/../lib/gcc/arm-none-eabi/10.3.1/../../../../arm-none-eabi/lib/thumb/v8-m.main+fp/hard\libc_nano.a(lib_a-nano-vfprintf_float.o)
                              (_printf_float)
d:/software/cubeide/stm32cubeide_1.8.0/stm32cubeide/plugins/com.st.stm32cube.ide.mcu.externaltools.gnu-tools-for-stm32.10.3-2021.10.win32_1.0.0.202111181127/tools/bin/../lib/gcc/arm-none-eabi/10.3.1/../../../../arm-none-eabi/lib/thumb/v8-m.main+fp/hard\libc_nano.a(lib_a-nano-vfprintf_i.o)
                              d:/software/cubeide/stm32cubeide_1.8.0/stm32cubeide/plugins/com.st.stm32cube.ide.mcu.externaltools.gnu-tools-for-stm32.10.3-2021.10.win32_1.0.0.202111181127/tools/bin/../lib/gcc/arm-none-eabi/10.3.1/../../../../arm-none-eabi/lib/thumb/v8-m.main+fp/hard\libc_nano.a(lib_a-nano-vfprintf_float.o) (_printf_common)
d:/software/cubeide/stm32cubeide_1.8.0/stm32cubeide/plugins/com.st.stm32cube.ide.mcu.externaltools.gnu-tools-for-stm32.10.3-2021.10.win32_1.0.0.202111181127/tools/bin/../lib/gcc/arm-none-eabi/10.3.1/../../../../arm-none-eabi/lib/thumb/v8-m.main+fp/hard\libc_nano.a(lib_a-snprintf.o)
                              ./lib/debug/debug.o (snprintf)
d:/software/cubeide/stm32cubeide_1.8.0/stm32cubeide/plugins/com.st.stm32cube.ide.mcu.externaltools.gnu-tools-for-stm32.10.3-2021.10.win32_1.0.0.202111181127/tools/bin/../lib/gcc/arm-none-eabi/10.3.1/../../../../arm-none-eabi/lib/thumb/v8-m.main+fp/hard\libc_nano.a(lib_a-sprintf.o)
                              ./Core/Src/main.o (sprintf)
d:/software/cubeide/stm32cubeide_1.8.0/stm32cubeide/plugins/com.st.stm32cube.ide.mcu.externaltools.gnu-tools-for-stm32.10.3-2021.10.win32_1.0.0.202111181127/tools/bin/../lib/gcc/arm-none-eabi/10.3.1/../../../../arm-none-eabi/lib/thumb/v8-m.main+fp/hard\libc_nano.a(lib_a-strcat.o)
                              ./lib/debug/debug.o (strcat)
[...]
Memory Configuration

Name             Origin             Length             Attributes
RAM              0x0000000020000000 0x00000000000c0000 xrw
SRAM4            0x0000000028000000 0x0000000000004000 xrw
FLASH            0x0000000008000000 0x0000000000200000 xr
*default*        0x0000000000000000 0xffffffffffffffff

Linker script and memory map

LOAD d:/software/cubeide/stm32cubeide_1.8.0/stm32cubeide/plugins/com.st.stm32cube.ide.mcu.externaltools.gnu-tools-for-stm32.10.3-2021.10.win32_1.0.0.202111181127/tools/bin/../lib/gcc/arm-none-eabi/10.3.1/thumb/v8-m.main+fp/hard/crti.o
LOAD d:/software/cubeide/stm32cubeide_1.8.0/stm32cubeide/plugins/com.st.stm32cube.ide.mcu.externaltools.gnu-tools-for-stm32.10.3-2021.10.win32_1.0.0.202111181127/tools/bin/../lib/gcc/arm-none-eabi/10.3.1/thumb/v8-m.main+fp/hard/crtbegin.o
LOAD d:/software/cubeide/stm32cubeide_1.8.0/stm32cubeide/plugins/com.st.stm32cube.ide.mcu.externaltools.gnu-tools-for-stm32.10.3-2021.10.win32_1.0.0.202111181127/tools/bin/../lib/gcc/arm-none-eabi/10.3.1/../../../../arm-none-eabi/lib/thumb/v8-m.main+fp/hard/crt0.o
LOAD ./Core/Src/main.o
LOAD ./Core/Src/stm32u5xx_hal_msp.o
LOAD ./Core/Src/stm32u5xx_it.o
LOAD ./Core/Src/syscalls.o
LOAD ./Core/Src/sysmem.o
LOAD ./Core/Src/system_stm32u5xx.o
LOAD ./Core/Startup/startup_stm32u585aiixq.o
LOAD ./Drivers/SPIRIT1_Library/Src/SPIRIT_Aes.o
LOAD ./Drivers/SPIRIT1_Library/Src/SPIRIT_Calibration.o
LOAD ./Drivers/SPIRIT1_Library/Src/SPIRIT_Commands.o
LOAD ./Drivers/SPIRIT1_Library/Src/SPIRIT_Csma.o
LOAD ./Drivers/SPIRIT1_Library/Src/SPIRIT_DirectRF.o
LOAD ./Drivers/SPIRIT1_Library/Src/SPIRIT_General.o
LOAD ./Drivers/SPIRIT1_Library/Src/SPIRIT_Gpio.o
LOAD ./Drivers/SPIRIT1_Library/Src/SPIRIT_Irq.o
LOAD ./Drivers/SPIRIT1_Library/Src/SPIRIT_LinearFifo.o
LOAD ./Drivers/SPIRIT1_Library/Src/SPIRIT_Management.o
LOAD ./Drivers/SPIRIT1_Library/Src/SPIRIT_PktBasic.o
LOAD ./Drivers/SPIRIT1_Library/Src/SPIRIT_PktCommon.o
LOAD ./Drivers/SPIRIT1_Library/Src/SPIRIT_PktMbus.o
LOAD ./Drivers/SPIRIT1_Library/Src/SPIRIT_PktStack.o
LOAD ./Drivers/SPIRIT1_Library/Src/SPIRIT_Qi.o
LOAD ./Drivers/SPIRIT1_Library/Src/SPIRIT_Radio.o
LOAD ./Drivers/SPIRIT1_Library/Src/SPIRIT_Timer.o
LOAD ./Drivers/SPIRIT1_Library/Src/SPIRIT_Types.o
LOAD ./Drivers/SPIRIT1_Library/radio_target.o
LOAD ./Drivers/STM32U5xx_HAL_Driver/Src/stm32u5xx_hal.o
LOAD ./Drivers/STM32U5xx_HAL_Driver/Src/stm32u5xx_hal_cortex.o
LOAD ./Drivers/STM32U5xx_HAL_Driver/Src/stm32u5xx_hal_dma.o
LOAD ./Drivers/STM32U5xx_HAL_Driver/Src/stm32u5xx_hal_dma_ex.o
LOAD ./Drivers/STM32U5xx_HAL_Driver/Src/stm32u5xx_hal_exti.o
LOAD ./Drivers/STM32U5xx_HAL_Driver/Src/stm32u5xx_hal_flash.o
LOAD ./Drivers/STM32U5xx_HAL_Driver/Src/stm32u5xx_hal_flash_ex.o
LOAD ./Drivers/STM32U5xx_HAL_Driver/Src/stm32u5xx_hal_gpio.o
LOAD ./Drivers/STM32U5xx_HAL_Driver/Src/stm32u5xx_hal_gtzc.o
LOAD ./Drivers/STM32U5xx_HAL_Driver/Src/stm32u5xx_hal_i2c.o
LOAD ./Drivers/STM32U5xx_HAL_Driver/Src/stm32u5xx_hal_i2c_ex.o
LOAD ./Drivers/STM32U5xx_HAL_Driver/Src/stm32u5xx_hal_icache.o
LOAD ./Drivers/STM32U5xx_HAL_Driver/Src/stm32u5xx_hal_pwr.o
LOAD ./Drivers/STM32U5xx_HAL_Driver/Src/stm32u5xx_hal_pwr_ex.o
LOAD ./Drivers/STM32U5xx_HAL_Driver/Src/stm32u5xx_hal_rcc.o
LOAD ./Drivers/STM32U5xx_HAL_Driver/Src/stm32u5xx_hal_rcc_ex.o
LOAD ./Drivers/STM32U5xx_HAL_Driver/Src/stm32u5xx_hal_spi.o
LOAD ./Drivers/STM32U5xx_HAL_Driver/Src/stm32u5xx_hal_spi_ex.o
LOAD ./Drivers/STM32U5xx_HAL_Driver/Src/stm32u5xx_hal_tim.o
LOAD ./Drivers/STM32U5xx_HAL_Driver/Src/stm32u5xx_hal_tim_ex.o
LOAD ./Drivers/STM32U5xx_HAL_Driver/Src/stm32u5xx_hal_uart.o
LOAD ./Drivers/STM32U5xx_HAL_Driver/Src/stm32u5xx_hal_uart_ex.o
LOAD ./lib/cbm/config.o
LOAD ./lib/comm/comm.o
LOAD ./lib/debug/debug.o
LOAD ./lib/spsgrf/spsgrf.o
START GROUP
LOAD d:/software/cubeide/stm32cubeide_1.8.0/stm32cubeide/plugins/com.st.stm32cube.ide.mcu.externaltools.gnu-tools-for-stm32.10.3-2021.10.win32_1.0.0.202111181127/tools/bin/../lib/gcc/arm-none-eabi/10.3.1/../../../../arm-none-eabi/lib/thumb/v8-m.main+fp/hard\libc_nano.a
LOAD d:/software/cubeide/stm32cubeide_1.8.0/stm32cubeide/plugins/com.st.stm32cube.ide.mcu.externaltools.gnu-tools-for-stm32.10.3-2021.10.win32_1.0.0.202111181127/tools/bin/../lib/gcc/arm-none-eabi/10.3.1/../../../../arm-none-eabi/lib/thumb/v8-m.main+fp/hard\libm.a
END GROUP
START GROUP
LOAD d:/software/cubeide/stm32cubeide_1.8.0/stm32cubeide/plugins/com.st.stm32cube.ide.mcu.externaltools.gnu-tools-for-stm32.10.3-2021.10.win32_1.0.0.202111181127/tools/bin/../lib/gcc/arm-none-eabi/10.3.1/thumb/v8-m.main+fp/hard\libgcc.a
LOAD d:/software/cubeide/stm32cubeide_1.8.0/stm32cubeide/plugins/com.st.stm32cube.ide.mcu.externaltools.gnu-tools-for-stm32.10.3-2021.10.win32_1.0.0.202111181127/tools/bin/../lib/gcc/arm-none-eabi/10.3.1/../../../../arm-none-eabi/lib/thumb/v8-m.main+fp/hard\libc_nano.a
END GROUP
START GROUP
LOAD d:/software/cubeide/stm32cubeide_1.8.0/stm32cubeide/plugins/com.st.stm32cube.ide.mcu.externaltools.gnu-tools-for-stm32.10.3-2021.10.win32_1.0.0.202111181127/tools/bin/../lib/gcc/arm-none-eabi/10.3.1/thumb/v8-m.main+fp/hard\libgcc.a
LOAD d:/software/cubeide/stm32cubeide_1.8.0/stm32cubeide/plugins/com.st.stm32cube.ide.mcu.externaltools.gnu-tools-for-stm32.10.3-2021.10.win32_1.0.0.202111181127/tools/bin/../lib/gcc/arm-none-eabi/10.3.1/../../../../arm-none-eabi/lib/thumb/v8-m.main+fp/hard\libc_nano.a
LOAD d:/software/cubeide/stm32cubeide_1.8.0/stm32cubeide/plugins/com.st.stm32cube.ide.mcu.externaltools.gnu-tools-for-stm32.10.3-2021.10.win32_1.0.0.202111181127/tools/bin/../lib/gcc/arm-none-eabi/10.3.1/../../../../arm-none-eabi/lib/thumb/v8-m.main+fp/hard\libnosys.a
END GROUP
START GROUP
LOAD d:/software/cubeide/stm32cubeide_1.8.0/stm32cubeide/plugins/com.st.stm32cube.ide.mcu.externaltools.gnu-tools-for-stm32.10.3-2021.10.win32_1.0.0.202111181127/tools/bin/../lib/gcc/arm-none-eabi/10.3.1/thumb/v8-m.main+fp/hard\libgcc.a
LOAD d:/software/cubeide/stm32cubeide_1.8.0/stm32cubeide/plugins/com.st.stm32cube.ide.mcu.externaltools.gnu-tools-for-stm32.10.3-2021.10.win32_1.0.0.202111181127/tools/bin/../lib/gcc/arm-none-eabi/10.3.1/../../../../arm-none-eabi/lib/thumb/v8-m.main+fp/hard\libc_nano.a
LOAD d:/software/cubeide/stm32cubeide_1.8.0/stm32cubeide/plugins/com.st.stm32cube.ide.mcu.externaltools.gnu-tools-for-stm32.10.3-2021.10.win32_1.0.0.202111181127/tools/bin/../lib/gcc/arm-none-eabi/10.3.1/../../../../arm-none-eabi/lib/thumb/v8-m.main+fp/hard\libnosys.a
END GROUP
LOAD d:/software/cubeide/stm32cubeide_1.8.0/stm32cubeide/plugins/com.st.stm32cube.ide.mcu.externaltools.gnu-tools-for-stm32.10.3-2021.10.win32_1.0.0.202111181127/tools/bin/../lib/gcc/arm-none-eabi/10.3.1/thumb/v8-m.main+fp/hard/crtend.o
LOAD d:/software/cubeide/stm32cubeide_1.8.0/stm32cubeide/plugins/com.st.stm32cube.ide.mcu.externaltools.gnu-tools-for-stm32.10.3-2021.10.win32_1.0.0.202111181127/tools/bin/../lib/gcc/arm-none-eabi/10.3.1/thumb/v8-m.main+fp/hard/crtn.o
                0x00000000200c0000                _estack = (ORIGIN (RAM) + LENGTH (RAM))
                0x0000000000000200                _Min_Heap_Size = 0x200
                0x0000000000000400                _Min_Stack_Size = 0x400

.isr_vector     0x0000000008000000      0x234
 *(.isr_vector)
 .isr_vector    0x0000000008000000      0x234 ./Core/Startup/startup_stm32u585aiixq.o
                0x0000000008000000                g_pfnVectors

.text           0x0000000008000238     0xd1f4
 *(.text)
 .text          0x0000000008000238       0x40 d:/software/cubeide/stm32cubeide_1.8.0/stm32cubeide/plugins/com.st.stm32cube.ide.mcu.externaltools.gnu-tools-for-stm32.10.3-2021.10.win32_1.0.0.202111181127/tools/bin/../lib/gcc/arm-none-eabi/10.3.1/thumb/v8-m.main+fp/hard/crtbegin.o
 .text          0x0000000008000278       0x10 d:/software/cubeide/stm32cubeide_1.8.0/stm32cubeide/plugins/com.st.stm32cube.ide.mcu.externaltools.gnu-tools-for-stm32.10.3-2021.10.win32_1.0.0.202111181127/tools/bin/../lib/gcc/arm-none-eabi/10.3.1/../../../../arm-none-eabi/lib/thumb/v8-m.main+fp/hard\libc_nano.a(lib_a-strlen.o)
                0x0000000008000278                strlen
 .text          0x0000000008000288      0x378 d:/software/cubeide/stm32cubeide_1.8.0/stm32cubeide/plugins/com.st.stm32cube.ide.mcu.externaltools.gnu-tools-for-stm32.10.3-2021.10.win32_1.0.0.202111181127/tools/bin/../lib/gcc/arm-none-eabi/10.3.1/thumb/v8-m.main+fp/hard\libgcc.a(_arm_addsubdf3.o)
                0x0000000008000288                __aeabi_drsub
                0x0000000008000290                __aeabi_dsub
                0x0000000008000290                __subdf3
                0x0000000008000294                __aeabi_dadd
                0x0000000008000294                __adddf3
                0x000000000800050c                __floatunsidf
                0x000000000800050c                __aeabi_ui2d
                0x000000000800052c                __floatsidf
                0x000000000800052c                __aeabi_i2d
                0x0000000008000550                __aeabi_f2d
                0x0000000008000550                __extendsfdf2
                0x0000000008000594                __floatundidf
                0x0000000008000594                __aeabi_ul2d
                0x00000000080005a4                __floatdidf
                0x00000000080005a4                __aeabi_l2d
 .text          0x0000000008000600      0x424 d:/software/cubeide/stm32cubeide_1.8.0/stm32cubeide/plugins/com.st.stm32cube.ide.mcu.externaltools.gnu-tools-for-stm32.10.3-2021.10.win32_1.0.0.202111181127/tools/bin/../lib/gcc/arm-none-eabi/10.3.1/thumb/v8-m.main+fp/hard\libgcc.a(_arm_muldivdf3.o)
                0x0000000008000600                __aeabi_dmul
                0x0000000008000600                __muldf3
                0x0000000008000854                __divdf3
                0x0000000008000854                __aeabi_ddiv
 .text          0x0000000008000a24      0x110 d:/software/cubeide/stm32cubeide_1.8.0/stm32cubeide/plugins/com.st.stm32cube.ide.mcu.externaltools.gnu-tools-for-stm32.10.3-2021.10.win32_1.0.0.202111181127/tools/bin/../lib/gcc/arm-none-eabi/10.3.1/thumb/v8-m.main+fp/hard\libgcc.a(_arm_cmpdf2.o)
                0x0000000008000a24                __gtdf2
                0x0000000008000a24                __gedf2
                0x0000000008000a2c                __ltdf2
                0x0000000008000a2c                __ledf2
                0x0000000008000a34                __nedf2
                0x0000000008000a34                __eqdf2
                0x0000000008000a34                __cmpdf2
                0x0000000008000ab0                __aeabi_cdrcmple
                0x0000000008000ac0                __aeabi_cdcmpeq
                0x0000000008000ac0                __aeabi_cdcmple
                0x0000000008000ad0                __aeabi_dcmpeq
                0x0000000008000ae4                __aeabi_dcmplt
                0x0000000008000af8                __aeabi_dcmple
                0x0000000008000b0c                __aeabi_dcmpge
                0x0000000008000b20                __aeabi_dcmpgt
 .text          0x0000000008000b34       0x2c d:/software/cubeide/stm32cubeide_1.8.0/stm32cubeide/plugins/com.st.stm32cube.ide.mcu.externaltools.gnu-tools-for-stm32.10.3-2021.10.win32_1.0.0.202111181127/tools/bin/../lib/gcc/arm-none-eabi/10.3.1/thumb/v8-m.main+fp/hard\libgcc.a(_arm_unorddf2.o)
                0x0000000008000b34                __unorddf2
                0x0000000008000b34                __aeabi_dcmpun
 .text          0x0000000008000b60       0x50 d:/software/cubeide/stm32cubeide_1.8.0/stm32cubeide/plugins/com.st.stm32cube.ide.mcu.externaltools.gnu-tools-for-stm32.10.3-2021.10.win32_1.0.0.202111181127/tools/bin/../lib/gcc/arm-none-eabi/10.3.1/thumb/v8-m.main+fp/hard\libgcc.a(_arm_fixdfsi.o)
                0x0000000008000b60                __aeabi_d2iz
                0x0000000008000b60                __fixdfsi
 .text          0x0000000008000bb0       0x40 d:/software/cubeide/stm32cubeide_1.8.0/stm32cubeide/plugins/com.st.stm32cube.ide.mcu.externaltools.gnu-tools-for-stm32.10.3-2021.10.win32_1.0.0.202111181127/tools/bin/../lib/gcc/arm-none-eabi/10.3.1/thumb/v8-m.main+fp/hard\libgcc.a(_arm_fixunsdfsi.o)
                0x0000000008000bb0                __aeabi_d2uiz
                0x0000000008000bb0                __fixunsdfsi
 .text          0x0000000008000bf0       0x30 d:/software/cubeide/stm32cubeide_1.8.0/stm32cubeide/plugins/com.st.stm32cube.ide.mcu.externaltools.gnu-tools-for-stm32.10.3-2021.10.win32_1.0.0.202111181127/tools/bin/../lib/gcc/arm-none-eabi/10.3.1/thumb/v8-m.main+fp/hard\libgcc.a(_aeabi_uldivmod.o)
                0x0000000008000bf0                __aeabi_uldivmod
 .text          0x0000000008000c20      0x2ec d:/software/cubeide/stm32cubeide_1.8.0/stm32cubeide/plugins/com.st.stm32cube.ide.mcu.externaltools.gnu-tools-for-stm32.10.3-2021.10.win32_1.0.0.202111181127/tools/bin/../lib/gcc/arm-none-eabi/10.3.1/thumb/v8-m.main+fp/hard\libgcc.a(_udivmoddi4.o)
                0x0000000008000c20                __udivmoddi4
 .text          0x0000000008000f0c        0x4 d:/software/cubeide/stm32cubeide_1.8.0/stm32cubeide/plugins/com.st.stm32cube.ide.mcu.externaltools.gnu-tools-for-stm32.10.3-2021.10.win32_1.0.0.202111181127/tools/bin/../lib/gcc/arm-none-eabi/10.3.1/thumb/v8-m.main+fp/hard\libgcc.a(_dvmd_tls.o)
                0x0000000008000f0c                __aeabi_idiv0
                0x0000000008000f0c                __aeabi_ldiv0
 *(.text*)
 .text.main     0x0000000008000f10      0x12c ./Core/Src/main.o
                0x0000000008000f10                main
 .text.SystemClock_Config
                0x000000000800103c       0xa8 ./Core/Src/main.o
                0x000000000800103c                SystemClock_Config
 .text.MX_SPI1_Init
                0x00000000080010e4       0xec ./Core/Src/main.o
 .text.MX_USART1_UART_Init
                0x00000000080011d0       0x98 ./Core/Src/main.o
 .text.MX_GPIO_Init
                0x0000000008001268      0x5e0 ./Core/Src/main.o
 .text.Error_Handler
                0x0000000008001848        0xa ./Core/Src/main.o
                0x0000000008001848                Error_Handler
 *fill*         0x0000000008001852        0x2 
 .text.HAL_MspInit
                0x0000000008001854       0x34 ./Core/Src/stm32u5xx_hal_msp.o
                0x0000000008001854                HAL_MspInit
 .text.HAL_SPI_MspInit
                0x0000000008001888       0xd0 ./Core/Src/stm32u5xx_hal_msp.o
                0x0000000008001888                HAL_SPI_MspInit
 .text.HAL_UART_MspInit
                0x0000000008001958       0xc8 ./Core/Src/stm32u5xx_hal_msp.o
                0x0000000008001958                HAL_UART_MspInit
 .text.NMI_Handler
                0x0000000008001a20        0x6 ./Core/Src/stm32u5xx_it.o
                0x0000000008001a20                NMI_Handler
 .text.HardFault_Handler
                0x0000000008001a26        0x6 ./Core/Src/stm32u5xx_it.o
                0x0000000008001a26                HardFault_Handler
 .text.MemManage_Handler
                0x0000000008001a2c        0x6 ./Core/Src/stm32u5xx_it.o
                0x0000000008001a2c                MemManage_Handler
 .text.BusFault_Handler
                0x0000000008001a32        0x6 ./Core/Src/stm32u5xx_it.o
                0x0000000008001a32                BusFault_Handler
 .text.UsageFault_Handler
                0x0000000008001a38        0x6 ./Core/Src/stm32u5xx_it.o
                0x0000000008001a38                UsageFault_Handler
 .text.SVC_Handler
                0x0000000008001a3e        0xe ./Core/Src/stm32u5xx_it.o
                0x0000000008001a3e                SVC_Handler
 .text.DebugMon_Handler
                0x0000000008001a4c        0xe ./Core/Src/stm32u5xx_it.o
                0x0000000008001a4c                DebugMon_Handler
 .text.PendSV_Handler
                0x0000000008001a5a        0xe ./Core/Src/stm32u5xx_it.o
                0x0000000008001a5a                PendSV_Handler
 .text.SysTick_Handler
                0x0000000008001a68        0xc ./Core/Src/stm32u5xx_it.o
                0x0000000008001a68                SysTick_Handler
 .text.EXTI7_IRQHandler
                0x0000000008001a74        0xe ./Core/Src/stm32u5xx_it.o
                0x0000000008001a74                EXTI7_IRQHandler
 .text._getpid  0x0000000008001a82       0x10 ./Core/Src/syscalls.o
                0x0000000008001a82                _getpid
 .text._kill    0x0000000008001a92       0x20 ./Core/Src/syscalls.o
                0x0000000008001a92                _kill
 .text._exit    0x0000000008001ab2       0x14 ./Core/Src/syscalls.o
                0x0000000008001ab2                _exit
 .text._read    0x0000000008001ac6       0x3a ./Core/Src/syscalls.o
                0x0000000008001ac6                _read
 .text._write   0x0000000008001b00       0x38 ./Core/Src/syscalls.o
                0x0000000008001b00                _write
 .text._close   0x0000000008001b38       0x18 ./Core/Src/syscalls.o
                0x0000000008001b38                _close
 .text._fstat   0x0000000008001b50       0x20 ./Core/Src/syscalls.o
                0x0000000008001b50                _fstat
 .text._isatty  0x0000000008001b70       0x16 ./Core/Src/syscalls.o
                0x0000000008001b70                _isatty
 .text._lseek   0x0000000008001b86       0x1a ./Core/Src/syscalls.o
                0x0000000008001b86                _lseek
 .text._sbrk    0x0000000008001ba0       0x6c ./Core/Src/sysmem.o
                0x0000000008001ba0                _sbrk
 .text.SystemInit
                0x0000000008001c0c       0x70 ./Core/Src/system_stm32u5xx.o
                0x0000000008001c0c                SystemInit
 .text.Reset_Handler
                0x0000000008001c7c       0x50 ./Core/Startup/startup_stm32u585aiixq.o
                0x0000000008001c7c                Reset_Handler
 .text.Default_Handler
                0x0000000008001ccc        0x2 ./Core/Startup/startup_stm32u585aiixq.o
                0x0000000008001ccc                EXTI2_IRQHandler
                0x0000000008001ccc                TIM8_TRG_COM_IRQHandler
                0x0000000008001ccc                TIM8_CC_IRQHandler
                0x0000000008001ccc                EXTI5_IRQHandler
                0x0000000008001ccc                FLASH_S_IRQHandler
                0x0000000008001ccc                EXTI13_IRQHandler
                0x0000000008001ccc                TIM1_CC_IRQHandler
                0x0000000008001ccc                TSC_IRQHandler
                0x0000000008001ccc                TAMP_IRQHandler
                0x0000000008001ccc                TIM6_IRQHandler
                0x0000000008001ccc                EXTI12_IRQHandler
                0x0000000008001ccc                CORDIC_IRQHandler
                0x0000000008001ccc                EXTI3_IRQHandler
                0x0000000008001ccc                LPTIM4_IRQHandler
                0x0000000008001ccc                GPDMA1_Channel5_IRQHandler
                0x0000000008001ccc                EXTI8_IRQHandler
                0x0000000008001ccc                LPTIM2_IRQHandler
                0x0000000008001ccc                I2C3_ER_IRQHandler
                0x0000000008001ccc                PWR_S3WU_IRQHandler
                0x0000000008001ccc                MDF1_FLT2_IRQHandler
                0x0000000008001ccc                LPDMA1_Channel3_IRQHandler
                0x0000000008001ccc                LPTIM3_IRQHandler
                0x0000000008001ccc                EXTI0_IRQHandler
                0x0000000008001ccc                I2C2_EV_IRQHandler
                0x0000000008001ccc                FPU_IRQHandler
                0x0000000008001ccc                GPDMA1_Channel3_IRQHandler
                0x0000000008001ccc                GPDMA1_Channel7_IRQHandler
                0x0000000008001ccc                MDF1_FLT4_IRQHandler
                0x0000000008001ccc                FDCAN1_IT1_IRQHandler
                0x0000000008001ccc                RAMCFG_IRQHandler
                0x0000000008001ccc                GPDMA1_Channel9_IRQHandler
                0x0000000008001ccc                DCACHE1_IRQHandler
                0x0000000008001ccc                SPI1_IRQHandler
                0x0000000008001ccc                OCTOSPI1_IRQHandler
                0x0000000008001ccc                GPDMA1_Channel2_IRQHandler
                0x0000000008001ccc                TIM8_UP_IRQHandler
                0x0000000008001ccc                RCC_S_IRQHandler
                0x0000000008001ccc                OCTOSPI2_IRQHandler
                0x0000000008001ccc                SAI2_IRQHandler
                0x0000000008001ccc                MDF1_FLT1_IRQHandler
                0x0000000008001ccc                ADC1_IRQHandler
                0x0000000008001ccc                PKA_IRQHandler
                0x0000000008001ccc                MDF1_FLT5_IRQHandler
                0x0000000008001ccc                EXTI15_IRQHandler
                0x0000000008001ccc                TIM17_IRQHandler
                0x0000000008001ccc                USART3_IRQHandler
                0x0000000008001ccc                RTC_IRQHandler
                0x0000000008001ccc                EXTI9_IRQHandler
                0x0000000008001ccc                UART5_IRQHandler
                0x0000000008001ccc                TIM4_IRQHandler
                0x0000000008001ccc                I2C1_EV_IRQHandler
                0x0000000008001ccc                GPDMA1_Channel12_IRQHandler
                0x0000000008001ccc                GPDMA1_Channel1_IRQHandler
                0x0000000008001ccc                TIM16_IRQHandler
                0x0000000008001ccc                GPDMA1_Channel15_IRQHandler
                0x0000000008001ccc                UART4_IRQHandler
                0x0000000008001ccc                SecureFault_Handler
                0x0000000008001ccc                TIM3_IRQHandler
                0x0000000008001ccc                RCC_IRQHandler
                0x0000000008001ccc                TIM1_TRG_COM_IRQHandler
                0x0000000008001ccc                Default_Handler
                0x0000000008001ccc                GPDMA1_Channel8_IRQHandler
                0x0000000008001ccc                FMAC_IRQHandler
                0x0000000008001ccc                OTFDEC1_IRQHandler
                0x0000000008001ccc                GPDMA1_Channel11_IRQHandler
                0x0000000008001ccc                TIM7_IRQHandler
                0x0000000008001ccc                SDMMC1_IRQHandler
                0x0000000008001ccc                SAES_IRQHandler
                0x0000000008001ccc                TIM5_IRQHandler
                0x0000000008001ccc                UCPD1_IRQHandler
                0x0000000008001ccc                GPDMA1_Channel0_IRQHandler
                0x0000000008001ccc                TIM15_IRQHandler
                0x0000000008001ccc                PVD_AVD_IRQHandler
                0x0000000008001ccc                I2C3_EV_IRQHandler
                0x0000000008001ccc                LPDMA1_Channel0_IRQHandler
                0x0000000008001ccc                SPI2_IRQHandler
                0x0000000008001ccc                LPDMA1_Channel1_IRQHandler
                0x0000000008001ccc                EXTI14_IRQHandler
                0x0000000008001ccc                EXTI11_IRQHandler
                0x0000000008001ccc                OTFDEC2_IRQHandler
                0x0000000008001ccc                CRS_IRQHandler
                0x0000000008001ccc                GPDMA1_Channel14_IRQHandler
                0x0000000008001ccc                EXTI4_IRQHandler
                0x0000000008001ccc                RTC_S_IRQHandler
                0x0000000008001ccc                GPDMA1_Channel13_IRQHandler
                0x0000000008001ccc                RNG_IRQHandler
                0x0000000008001ccc                COMP_IRQHandler
                0x0000000008001ccc                TIM1_UP_IRQHandler
                0x0000000008001ccc                ADC4_IRQHandler
                0x0000000008001ccc                WWDG_IRQHandler
                0x0000000008001ccc                I2C4_EV_IRQHandler
                0x0000000008001ccc                ADF1_IRQHandler
                0x0000000008001ccc                IWDG_IRQHandler
                0x0000000008001ccc                LPUART1_IRQHandler
                0x0000000008001ccc                MDF1_FLT0_IRQHandler
                0x0000000008001ccc                FDCAN1_IT0_IRQHandler
                0x0000000008001ccc                TIM2_IRQHandler
                0x0000000008001ccc                GPDMA1_Channel4_IRQHandler
                0x0000000008001ccc                DMA2D_IRQHandler
                0x0000000008001ccc                TIM1_BRK_IRQHandler
                0x0000000008001ccc                EXTI1_IRQHandler
                0x0000000008001ccc                SDMMC2_IRQHandler
                0x0000000008001ccc                AES_IRQHandler
                0x0000000008001ccc                DAC1_IRQHandler
                0x0000000008001ccc                GTZC_IRQHandler
                0x0000000008001ccc                MDF1_FLT3_IRQHandler
                0x0000000008001ccc                USART2_IRQHandler
                0x0000000008001ccc                GPDMA1_Channel6_IRQHandler
                0x0000000008001ccc                I2C2_ER_IRQHandler
                0x0000000008001ccc                TIM8_BRK_IRQHandler
                0x0000000008001ccc                FLASH_IRQHandler
                0x0000000008001ccc                USART1_IRQHandler
                0x0000000008001ccc                EXTI10_IRQHandler
                0x0000000008001ccc                OTG_FS_IRQHandler
                0x0000000008001ccc                SPI3_IRQHandler
                0x0000000008001ccc                LPDMA1_Channel2_IRQHandler
                0x0000000008001ccc                I2C1_ER_IRQHandler
                0x0000000008001ccc                FMC_IRQHandler
                0x0000000008001ccc                EXTI6_IRQHandler
                0x0000000008001ccc                LPTIM1_IRQHandler
                0x0000000008001ccc                DCMI_PSSI_IRQHandler
                0x0000000008001ccc                I2C4_ER_IRQHandler
                0x0000000008001ccc                GPDMA1_Channel10_IRQHandler
                0x0000000008001ccc                ICACHE_IRQHandler
                0x0000000008001ccc                SAI1_IRQHandler
                0x0000000008001ccc                HASH_IRQHandler
 *fill*         0x0000000008001cce        0x2 
 .text.SpiritCalibrationVco
                0x0000000008001cd0       0x70 ./Drivers/SPIRIT1_Library/Src/SPIRIT_Calibration.o
                0x0000000008001cd0                SpiritCalibrationVco
 .text.SpiritCalibrationGetVcoCalData
                0x0000000008001d40       0x38 ./Drivers/SPIRIT1_Library/Src/SPIRIT_Calibration.o
                0x0000000008001d40                SpiritCalibrationGetVcoCalData
 .text.SpiritCalibrationSetVcoCalDataTx
                0x0000000008001d78       0x68 ./Drivers/SPIRIT1_Library/Src/SPIRIT_Calibration.o
                0x0000000008001d78                SpiritCalibrationSetVcoCalDataTx
 .text.SpiritCalibrationSetVcoCalDataRx
                0x0000000008001de0       0x68 ./Drivers/SPIRIT1_Library/Src/SPIRIT_Calibration.o
                0x0000000008001de0                SpiritCalibrationSetVcoCalDataRx
 .text.SpiritCalibrationSelectVco
                0x0000000008001e48       0x54 ./Drivers/SPIRIT1_Library/Src/SPIRIT_Calibration.o
                0x0000000008001e48                SpiritCalibrationSelectVco
 .text.SpiritCmdStrobeCommand
                0x0000000008001e9c       0x30 ./Drivers/SPIRIT1_Library/Src/SPIRIT_Commands.o
                0x0000000008001e9c                SpiritCmdStrobeCommand
 .text.SpiritGpioInit
                0x0000000008001ecc       0x48 ./Drivers/SPIRIT1_Library/Src/SPIRIT_Gpio.o
                0x0000000008001ecc                SpiritGpioInit
 .text.SpiritIrqDeInit
                0x0000000008001f14       0x58 ./Drivers/SPIRIT1_Library/Src/SPIRIT_Irq.o
                0x0000000008001f14                SpiritIrqDeInit
 .text.SpiritIrq
                0x0000000008001f6c       0xcc ./Drivers/SPIRIT1_Library/Src/SPIRIT_Irq.o
                0x0000000008001f6c                SpiritIrq
 .text.SpiritIrqClearStatus
                0x0000000008002038       0x30 ./Drivers/SPIRIT1_Library/Src/SPIRIT_Irq.o
                0x0000000008002038                SpiritIrqClearStatus
 .text.SpiritManagementSetFrequencyBase
                0x0000000008002068      0x204 ./Drivers/SPIRIT1_Library/Src/SPIRIT_Management.o
                0x0000000008002068                SpiritManagementSetFrequencyBase
 .text.SpiritManagementWaVcoCalibration
                0x000000000800226c      0x180 ./Drivers/SPIRIT1_Library/Src/SPIRIT_Management.o
                0x000000000800226c                SpiritManagementWaVcoCalibration
 .text.SpiritManagementWaCmdStrobeTx
                0x00000000080023ec       0x70 ./Drivers/SPIRIT1_Library/Src/SPIRIT_Management.o
                0x00000000080023ec                SpiritManagementWaCmdStrobeTx
 .text.SpiritManagementWaCmdStrobeRx
                0x000000000800245c       0x38 ./Drivers/SPIRIT1_Library/Src/SPIRIT_Management.o
                0x000000000800245c                SpiritManagementWaCmdStrobeRx
 .text.SpiritManagementWaTRxFcMem
                0x0000000008002494       0x28 ./Drivers/SPIRIT1_Library/Src/SPIRIT_Management.o
                0x0000000008002494                SpiritManagementWaTRxFcMem
 .text.SpiritManagementWaExtraCurrent
                0x00000000080024bc       0x4a ./Drivers/SPIRIT1_Library/Src/SPIRIT_Management.o
                0x00000000080024bc                SpiritManagementWaExtraCurrent
 *fill*         0x0000000008002506        0x2 
 .text.SpiritPktBasicInit
                0x0000000008002508      0x1ac ./Drivers/SPIRIT1_Library/Src/SPIRIT_PktBasic.o
                0x0000000008002508                SpiritPktBasicInit
 .text.SpiritPktBasicAddressesInit
                0x00000000080026b4       0xdc ./Drivers/SPIRIT1_Library/Src/SPIRIT_PktBasic.o
                0x00000000080026b4                SpiritPktBasicAddressesInit
 .text.SpiritPktBasicGetAddressField
                0x0000000008002790       0x40 ./Drivers/SPIRIT1_Library/Src/SPIRIT_PktBasic.o
                0x0000000008002790                SpiritPktBasicGetAddressField
 .text.SpiritPktBasicSetPayloadLength
                0x00000000080027d0       0x70 ./Drivers/SPIRIT1_Library/Src/SPIRIT_PktBasic.o
                0x00000000080027d0                SpiritPktBasicSetPayloadLength
 .text.SpiritPktCommonGetControlLength
                0x0000000008002840       0x38 ./Drivers/SPIRIT1_Library/Src/SPIRIT_PktCommon.o
                0x0000000008002840                SpiritPktCommonGetControlLength
 .text.SpiritPktCommonFilterOnCrc
                0x0000000008002878       0x70 ./Drivers/SPIRIT1_Library/Src/SPIRIT_PktCommon.o
                0x0000000008002878                SpiritPktCommonFilterOnCrc
 .text.SpiritPktCommonSetDestinationAddress
                0x00000000080028e8       0x34 ./Drivers/SPIRIT1_Library/Src/SPIRIT_PktCommon.o
                0x00000000080028e8                SpiritPktCommonSetDestinationAddress
 .text.SpiritQiSqiCheck
                0x000000000800291c       0x70 ./Drivers/SPIRIT1_Library/Src/SPIRIT_Qi.o
                0x000000000800291c                SpiritQiSqiCheck
 .text.SpiritQiSetSqiThreshold
                0x000000000800298c       0x68 ./Drivers/SPIRIT1_Library/Src/SPIRIT_Qi.o
                0x000000000800298c                SpiritQiSetSqiThreshold
 .text.SpiritQiSetRssiThresholddBm
                0x00000000080029f4       0x40 ./Drivers/SPIRIT1_Library/Src/SPIRIT_Qi.o
                0x00000000080029f4                SpiritQiSetRssiThresholddBm
 .text.SpiritRadioInit
                0x0000000008002a34      0x3c8 ./Drivers/SPIRIT1_Library/Src/SPIRIT_Radio.o
                0x0000000008002a34                SpiritRadioInit
 .text.SpiritRadioSetXtalFlag
                0x0000000008002dfc       0x74 ./Drivers/SPIRIT1_Library/Src/SPIRIT_Radio.o
                0x0000000008002dfc                SpiritRadioSetXtalFlag
 .text.SpiritRadioSearchWCP
                0x0000000008002e70      0x128 ./Drivers/SPIRIT1_Library/Src/SPIRIT_Radio.o
                0x0000000008002e70                SpiritRadioSearchWCP
 .text.SpiritRadioGetSynthWord
                0x0000000008002f98       0x4c ./Drivers/SPIRIT1_Library/Src/SPIRIT_Radio.o
                0x0000000008002f98                SpiritRadioGetSynthWord
 .text.SpiritRadioGetBand
                0x0000000008002fe4       0x5c ./Drivers/SPIRIT1_Library/Src/SPIRIT_Radio.o
                0x0000000008002fe4                SpiritRadioGetBand
 .text.SpiritRadioGetChannel
                0x0000000008003040       0x30 ./Drivers/SPIRIT1_Library/Src/SPIRIT_Radio.o
                0x0000000008003040                SpiritRadioGetChannel
 .text.SpiritRadioGetChannelSpace
                0x0000000008003070       0x40 ./Drivers/SPIRIT1_Library/Src/SPIRIT_Radio.o
                0x0000000008003070                SpiritRadioGetChannelSpace
 .text.SpiritRadioGetFrequencyOffset
                0x00000000080030b0       0x88 ./Drivers/SPIRIT1_Library/Src/SPIRIT_Radio.o
                0x00000000080030b0                SpiritRadioGetFrequencyOffset
 .text.SpiritRadioSetFrequencyBase
                0x0000000008003138      0x23c ./Drivers/SPIRIT1_Library/Src/SPIRIT_Radio.o
                0x0000000008003138                SpiritRadioSetFrequencyBase
 .text.SpiritRadioGetFrequencyBase
                0x0000000008003374       0x98 ./Drivers/SPIRIT1_Library/Src/SPIRIT_Radio.o
                0x0000000008003374                SpiritRadioGetFrequencyBase
 .text.SpiritRadioSearchDatarateME
                0x000000000800340c      0x164 ./Drivers/SPIRIT1_Library/Src/SPIRIT_Radio.o
                0x000000000800340c                SpiritRadioSearchDatarateME
 .text.SpiritRadioSearchChannelBwME
                0x0000000008003570      0x1cc ./Drivers/SPIRIT1_Library/Src/SPIRIT_Radio.o
                0x0000000008003570                SpiritRadioSearchChannelBwME
 .text.SpiritRadioSearchFreqDevME
                0x000000000800373c      0x170 ./Drivers/SPIRIT1_Library/Src/SPIRIT_Radio.o
                0x000000000800373c                SpiritRadioSearchFreqDevME
 .text.SpiritRadioGetdBm2Reg
                0x00000000080038ac      0x21c ./Drivers/SPIRIT1_Library/Src/SPIRIT_Radio.o
                0x00000000080038ac                SpiritRadioGetdBm2Reg
 .text.SpiritRadioSetPALeveldBm
                0x0000000008003ac8       0x54 ./Drivers/SPIRIT1_Library/Src/SPIRIT_Radio.o
                0x0000000008003ac8                SpiritRadioSetPALeveldBm
 .text.SpiritRadioSetPACwc
                0x0000000008003b1c       0x58 ./Drivers/SPIRIT1_Library/Src/SPIRIT_Radio.o
                0x0000000008003b1c                SpiritRadioSetPACwc
 .text.SpiritRadioSetPALevelMaxIndex
                0x0000000008003b74       0x58 ./Drivers/SPIRIT1_Library/Src/SPIRIT_Radio.o
                0x0000000008003b74                SpiritRadioSetPALevelMaxIndex
 .text.SpiritRadioAFCFreezeOnSync
                0x0000000008003bcc       0x64 ./Drivers/SPIRIT1_Library/Src/SPIRIT_Radio.o
                0x0000000008003bcc                SpiritRadioAFCFreezeOnSync
 .text.SpiritRadioSetRefDiv
                0x0000000008003c30       0x60 ./Drivers/SPIRIT1_Library/Src/SPIRIT_Radio.o
                0x0000000008003c30                SpiritRadioSetRefDiv
 .text.SpiritRadioGetRefDiv
                0x0000000008003c90       0x44 ./Drivers/SPIRIT1_Library/Src/SPIRIT_Radio.o
                0x0000000008003c90                SpiritRadioGetRefDiv
 .text.SpiritRadioSetDigDiv
                0x0000000008003cd4       0x60 ./Drivers/SPIRIT1_Library/Src/SPIRIT_Radio.o
                0x0000000008003cd4                SpiritRadioSetDigDiv
 .text.SpiritRadioGetDigDiv
                0x0000000008003d34       0x44 ./Drivers/SPIRIT1_Library/Src/SPIRIT_Radio.o
                0x0000000008003d34                SpiritRadioGetDigDiv
 .text.SpiritRadioGetXtalFrequency
                0x0000000008003d78       0x18 ./Drivers/SPIRIT1_Library/Src/SPIRIT_Radio.o
                0x0000000008003d78                SpiritRadioGetXtalFrequency
 .text.SpiritRadioSetXtalFrequency
                0x0000000008003d90       0x20 ./Drivers/SPIRIT1_Library/Src/SPIRIT_Radio.o
                0x0000000008003d90                SpiritRadioSetXtalFrequency
 .text.SpiritTimerSetRxTimeoutCounter
                0x0000000008003db0       0x34 ./Drivers/SPIRIT1_Library/Src/SPIRIT_Timer.o
                0x0000000008003db0                SpiritTimerSetRxTimeoutCounter
 .text.SpiritTimerSetRxTimeoutStopCondition
                0x0000000008003de4       0x90 ./Drivers/SPIRIT1_Library/Src/SPIRIT_Timer.o
                0x0000000008003de4                SpiritTimerSetRxTimeoutStopCondition
 .text.SpiritRefreshStatus
                0x0000000008003e74       0x44 ./Drivers/SPIRIT1_Library/Src/SPIRIT_Types.o
                0x0000000008003e74                SpiritRefreshStatus
 .text.RadioSpiInit
                0x0000000008003eb8       0x20 ./Drivers/SPIRIT1_Library/radio_target.o
                0x0000000008003eb8                RadioSpiInit
 .text.RadioSpiWriteRegisters
                0x0000000008003ed8       0x9c ./Drivers/SPIRIT1_Library/radio_target.o
                0x0000000008003ed8                RadioSpiWriteRegisters
 .text.RadioSpiReadRegisters
                0x0000000008003f74       0x9c ./Drivers/SPIRIT1_Library/radio_target.o
                0x0000000008003f74                RadioSpiReadRegisters
 .text.RadioSpiCommandStrobes
                0x0000000008004010       0x84 ./Drivers/SPIRIT1_Library/radio_target.o
                0x0000000008004010                RadioSpiCommandStrobes
 .text.RadioSpiWriteFifo
                0x0000000008004094       0x94 ./Drivers/SPIRIT1_Library/radio_target.o
                0x0000000008004094                RadioSpiWriteFifo
 .text.RadioEnterShutdown
                0x0000000008004128       0x18 ./Drivers/SPIRIT1_Library/radio_target.o
                0x0000000008004128                RadioEnterShutdown
 .text.RadioExitShutdown
                0x0000000008004140       0x20 ./Drivers/SPIRIT1_Library/radio_target.o
                0x0000000008004140                RadioExitShutdown
 .text.HAL_Init
                0x0000000008004160       0x5c ./Drivers/STM32U5xx_HAL_Driver/Src/stm32u5xx_hal.o
                0x0000000008004160                HAL_Init
 .text.HAL_InitTick
                0x00000000080041bc       0x6c ./Drivers/STM32U5xx_HAL_Driver/Src/stm32u5xx_hal.o
                0x00000000080041bc                HAL_InitTick
 .text.HAL_IncTick
                0x0000000008004228       0x28 ./Drivers/STM32U5xx_HAL_Driver/Src/stm32u5xx_hal.o
                0x0000000008004228                HAL_IncTick
 .text.HAL_GetTick
                0x0000000008004250       0x18 ./Drivers/STM32U5xx_HAL_Driver/Src/stm32u5xx_hal.o
                0x0000000008004250                HAL_GetTick
 .text.HAL_Delay
                0x0000000008004268       0x48 ./Drivers/STM32U5xx_HAL_Driver/Src/stm32u5xx_hal.o
                0x0000000008004268                HAL_Delay
 .text.__NVIC_SetPriorityGrouping
                0x00000000080042b0       0x48 ./Drivers/STM32U5xx_HAL_Driver/Src/stm32u5xx_hal_cortex.o
 .text.__NVIC_GetPriorityGrouping
                0x00000000080042f8       0x1c ./Drivers/STM32U5xx_HAL_Driver/Src/stm32u5xx_hal_cortex.o
 .text.__NVIC_EnableIRQ
                0x0000000008004314       0x3c ./Drivers/STM32U5xx_HAL_Driver/Src/stm32u5xx_hal_cortex.o
 .text.__NVIC_DisableIRQ
                0x0000000008004350       0x48 ./Drivers/STM32U5xx_HAL_Driver/Src/stm32u5xx_hal_cortex.o
 .text.__NVIC_SetPriority
                0x0000000008004398       0x54 ./Drivers/STM32U5xx_HAL_Driver/Src/stm32u5xx_hal_cortex.o
 .text.NVIC_EncodePriority
                0x00000000080043ec       0x66 ./Drivers/STM32U5xx_HAL_Driver/Src/stm32u5xx_hal_cortex.o
 *fill*         0x0000000008004452        0x2 
 .text.SysTick_Config
                0x0000000008004454       0x44 ./Drivers/STM32U5xx_HAL_Driver/Src/stm32u5xx_hal_cortex.o
 .text.HAL_NVIC_SetPriorityGrouping
                0x0000000008004498       0x16 ./Drivers/STM32U5xx_HAL_Driver/Src/stm32u5xx_hal_cortex.o
                0x0000000008004498                HAL_NVIC_SetPriorityGrouping
 .text.HAL_NVIC_SetPriority
                0x00000000080044ae       0x34 ./Drivers/STM32U5xx_HAL_Driver/Src/stm32u5xx_hal_cortex.o
                0x00000000080044ae                HAL_NVIC_SetPriority
 .text.HAL_NVIC_EnableIRQ
                0x00000000080044e2       0x1c ./Drivers/STM32U5xx_HAL_Driver/Src/stm32u5xx_hal_cortex.o
                0x00000000080044e2                HAL_NVIC_EnableIRQ
 .text.HAL_NVIC_DisableIRQ
                0x00000000080044fe       0x1c ./Drivers/STM32U5xx_HAL_Driver/Src/stm32u5xx_hal_cortex.o
                0x00000000080044fe                HAL_NVIC_DisableIRQ
 .text.HAL_SYSTICK_Config
                0x000000000800451a       0x18 ./Drivers/STM32U5xx_HAL_Driver/Src/stm32u5xx_hal_cortex.o
                0x000000000800451a                HAL_SYSTICK_Config
 *fill*         0x0000000008004532        0x2 
 .text.HAL_GPIO_Init
                0x0000000008004534      0x3b0 ./Drivers/STM32U5xx_HAL_Driver/Src/stm32u5xx_hal_gpio.o
                0x0000000008004534                HAL_GPIO_Init
 .text.HAL_GPIO_ReadPin
                0x00000000080048e4       0x30 ./Drivers/STM32U5xx_HAL_Driver/Src/stm32u5xx_hal_gpio.o
                0x00000000080048e4                HAL_GPIO_ReadPin
 .text.HAL_GPIO_WritePin
                0x0000000008004914       0x30 ./Drivers/STM32U5xx_HAL_Driver/Src/stm32u5xx_hal_gpio.o
                0x0000000008004914                HAL_GPIO_WritePin
 .text.HAL_GPIO_EXTI_IRQHandler
                0x0000000008004944       0x4c ./Drivers/STM32U5xx_HAL_Driver/Src/stm32u5xx_hal_gpio.o
                0x0000000008004944                HAL_GPIO_EXTI_IRQHandler
 .text.HAL_GPIO_EXTI_Rising_Callback
                0x0000000008004990       0x16 ./Drivers/STM32U5xx_HAL_Driver/Src/stm32u5xx_hal_gpio.o
                0x0000000008004990                HAL_GPIO_EXTI_Rising_Callback
 .text.HAL_GPIO_EXTI_Falling_Callback
                0x00000000080049a6       0x16 ./Drivers/STM32U5xx_HAL_Driver/Src/stm32u5xx_hal_gpio.o
                0x00000000080049a6                HAL_GPIO_EXTI_Falling_Callback
 .text.HAL_PWREx_ControlVoltageScaling
                0x00000000080049bc       0xe8 ./Drivers/STM32U5xx_HAL_Driver/Src/stm32u5xx_hal_pwr_ex.o
                0x00000000080049bc                HAL_PWREx_ControlVoltageScaling
 .text.HAL_PWREx_GetVoltageRange
                0x0000000008004aa4       0x1c ./Drivers/STM32U5xx_HAL_Driver/Src/stm32u5xx_hal_pwr_ex.o
                0x0000000008004aa4                HAL_PWREx_GetVoltageRange
 .text.HAL_PWREx_EnableVddIO2
                0x0000000008004ac0       0x20 ./Drivers/STM32U5xx_HAL_Driver/Src/stm32u5xx_hal_pwr_ex.o
                0x0000000008004ac0                HAL_PWREx_EnableVddIO2
 .text.HAL_PWREx_DisableUCPDDeadBattery
                0x0000000008004ae0       0x20 ./Drivers/STM32U5xx_HAL_Driver/Src/stm32u5xx_hal_pwr_ex.o
                0x0000000008004ae0                HAL_PWREx_DisableUCPDDeadBattery
 .text.HAL_RCC_OscConfig
                0x0000000008004b00      0xcdc ./Drivers/STM32U5xx_HAL_Driver/Src/stm32u5xx_hal_rcc.o
                0x0000000008004b00                HAL_RCC_OscConfig
 .text.HAL_RCC_ClockConfig
                0x00000000080057dc      0x2c8 ./Drivers/STM32U5xx_HAL_Driver/Src/stm32u5xx_hal_rcc.o
                0x00000000080057dc                HAL_RCC_ClockConfig
 .text.HAL_RCC_GetSysClockFreq
                0x0000000008005aa4      0x210 ./Drivers/STM32U5xx_HAL_Driver/Src/stm32u5xx_hal_rcc.o
                0x0000000008005aa4                HAL_RCC_GetSysClockFreq
 .text.HAL_RCC_GetHCLKFreq
                0x0000000008005cb4       0x34 ./Drivers/STM32U5xx_HAL_Driver/Src/stm32u5xx_hal_rcc.o
                0x0000000008005cb4                HAL_RCC_GetHCLKFreq
 .text.HAL_RCC_GetPCLK1Freq
                0x0000000008005ce8       0x28 ./Drivers/STM32U5xx_HAL_Driver/Src/stm32u5xx_hal_rcc.o
                0x0000000008005ce8                HAL_RCC_GetPCLK1Freq
 .text.HAL_RCC_GetPCLK2Freq
                0x0000000008005d10       0x28 ./Drivers/STM32U5xx_HAL_Driver/Src/stm32u5xx_hal_rcc.o
                0x0000000008005d10                HAL_RCC_GetPCLK2Freq
 .text.HAL_RCC_GetPCLK3Freq
                0x0000000008005d38       0x28 ./Drivers/STM32U5xx_HAL_Driver/Src/stm32u5xx_hal_rcc.o
                0x0000000008005d38                HAL_RCC_GetPCLK3Freq
 .text.RCC_SetFlashLatencyFromMSIRange
                0x0000000008005d60      0x10c ./Drivers/STM32U5xx_HAL_Driver/Src/stm32u5xx_hal_rcc.o
 .text.HAL_RCCEx_PeriphCLKConfig
                0x0000000008005e6c      0x88c ./Drivers/STM32U5xx_HAL_Driver/Src/stm32u5xx_hal_rcc_ex.o
                0x0000000008005e6c                HAL_RCCEx_PeriphCLKConfig
 .text.HAL_RCCEx_GetPLL1ClockFreq
                0x00000000080066f8      0x2cc ./Drivers/STM32U5xx_HAL_Driver/Src/stm32u5xx_hal_rcc_ex.o
                0x00000000080066f8                HAL_RCCEx_GetPLL1ClockFreq
 .text.HAL_RCCEx_GetPLL2ClockFreq
                0x00000000080069c4      0x2cc ./Drivers/STM32U5xx_HAL_Driver/Src/stm32u5xx_hal_rcc_ex.o
                0x00000000080069c4                HAL_RCCEx_GetPLL2ClockFreq
 .text.HAL_RCCEx_GetPLL3ClockFreq
                0x0000000008006c90      0x2cc ./Drivers/STM32U5xx_HAL_Driver/Src/stm32u5xx_hal_rcc_ex.o
                0x0000000008006c90                HAL_RCCEx_GetPLL3ClockFreq
 .text.HAL_RCCEx_GetPeriphCLKFreq
                0x0000000008006f5c     0x11f0 ./Drivers/STM32U5xx_HAL_Driver/Src/stm32u5xx_hal_rcc_ex.o
                0x0000000008006f5c                HAL_RCCEx_GetPeriphCLKFreq
 .text.RCCEx_PLL2_Config
                0x000000000800814c      0x130 ./Drivers/STM32U5xx_HAL_Driver/Src/stm32u5xx_hal_rcc_ex.o
 .text.RCCEx_PLL3_Config
                0x000000000800827c      0x130 ./Drivers/STM32U5xx_HAL_Driver/Src/stm32u5xx_hal_rcc_ex.o
 .text.HAL_SPI_Init
                0x00000000080083ac      0x1f0 ./Drivers/STM32U5xx_HAL_Driver/Src/stm32u5xx_hal_spi.o
                0x00000000080083ac                HAL_SPI_Init
 .text.HAL_SPI_Transmit
                0x000000000800859c      0x424 ./Drivers/STM32U5xx_HAL_Driver/Src/stm32u5xx_hal_spi.o
                0x000000000800859c                HAL_SPI_Transmit
 .text.HAL_SPI_Receive
                0x00000000080089c0      0x450 ./Drivers/STM32U5xx_HAL_Driver/Src/stm32u5xx_hal_spi.o
                0x00000000080089c0                HAL_SPI_Receive
 .text.HAL_SPI_TransmitReceive
                0x0000000008008e10      0x61c ./Drivers/STM32U5xx_HAL_Driver/Src/stm32u5xx_hal_spi.o
                0x0000000008008e10                HAL_SPI_TransmitReceive
 .text.SPI_CloseTransfer
                0x000000000800942c      0x140 ./Drivers/STM32U5xx_HAL_Driver/Src/stm32u5xx_hal_spi.o
 .text.SPI_WaitOnFlagUntilTimeout
                0x000000000800956c       0x5c ./Drivers/STM32U5xx_HAL_Driver/Src/stm32u5xx_hal_spi.o
 .text.SPI_GetPacketSize
                0x00000000080095c8       0x36 ./Drivers/STM32U5xx_HAL_Driver/Src/stm32u5xx_hal_spi.o
 .text.HAL_SPIEx_SetConfigAutonomousMode
                0x00000000080095fe       0x82 ./Drivers/STM32U5xx_HAL_Driver/Src/stm32u5xx_hal_spi_ex.o
                0x00000000080095fe                HAL_SPIEx_SetConfigAutonomousMode
 .text.HAL_UART_Init
                0x0000000008009680       0xa0 ./Drivers/STM32U5xx_HAL_Driver/Src/stm32u5xx_hal_uart.o
                0x0000000008009680                HAL_UART_Init
 .text.HAL_UART_Transmit
                0x0000000008009720      0x12c ./Drivers/STM32U5xx_HAL_Driver/Src/stm32u5xx_hal_uart.o
                0x0000000008009720                HAL_UART_Transmit
 .text.UART_SetConfig
                0x000000000800984c      0x320 ./Drivers/STM32U5xx_HAL_Driver/Src/stm32u5xx_hal_uart.o
                0x000000000800984c                UART_SetConfig
 .text.UART_AdvFeatureConfig
                0x0000000008009b6c      0x144 ./Drivers/STM32U5xx_HAL_Driver/Src/stm32u5xx_hal_uart.o
                0x0000000008009b6c                UART_AdvFeatureConfig
 .text.UART_CheckIdleState
                0x0000000008009cb0       0x96 ./Drivers/STM32U5xx_HAL_Driver/Src/stm32u5xx_hal_uart.o
                0x0000000008009cb0                UART_CheckIdleState
 .text.UART_WaitOnFlagUntilTimeout
                0x0000000008009d46      0x190 ./Drivers/STM32U5xx_HAL_Driver/Src/stm32u5xx_hal_uart.o
                0x0000000008009d46                UART_WaitOnFlagUntilTimeout
 .text.HAL_UARTEx_DisableFifoMode
                0x0000000008009ed6       0x72 ./Drivers/STM32U5xx_HAL_Driver/Src/stm32u5xx_hal_uart_ex.o
                0x0000000008009ed6                HAL_UARTEx_DisableFifoMode
 .text.HAL_UARTEx_SetTxFifoThreshold
                0x0000000008009f48       0x7c ./Drivers/STM32U5xx_HAL_Driver/Src/stm32u5xx_hal_uart_ex.o
                0x0000000008009f48                HAL_UARTEx_SetTxFifoThreshold
 .text.HAL_UARTEx_SetRxFifoThreshold
                0x0000000008009fc4       0x7c ./Drivers/STM32U5xx_HAL_Driver/Src/stm32u5xx_hal_uart_ex.o
                0x0000000008009fc4                HAL_UARTEx_SetRxFifoThreshold
 .text.UARTEx_SetNbDataToProcess
                0x000000000800a040       0x9c ./Drivers/STM32U5xx_HAL_Driver/Src/stm32u5xx_hal_uart_ex.o
 .text.config   0x000000000800a0dc       0x30 ./lib/cbm/config.o
                0x000000000800a0dc                config
 .text.comm_request
                0x000000000800a10c       0x84 ./lib/comm/comm.o
                0x000000000800a10c                comm_request
 .text.print_debug
                0x000000000800a190       0xd0 ./lib/debug/debug.o
                0x000000000800a190                print_debug
 .text.SPSGRF_Init
                0x000000000800a260      0x258 ./lib/spsgrf/spsgrf.o
                0x000000000800a260                SPSGRF_Init
 .text.SPSGRF_StartTx
                0x000000000800a4b8       0x48 ./lib/spsgrf/spsgrf.o
                0x000000000800a4b8                SPSGRF_StartTx
 .text.SPSGRF_StartRx
                0x000000000800a500       0x12 ./lib/spsgrf/spsgrf.o
                0x000000000800a500                SPSGRF_StartRx
 *fill*         0x000000000800a512        0x2 
 .text.__errno  0x000000000800a514        0xc d:/software/cubeide/stm32cubeide_1.8.0/stm32cubeide/plugins/com.st.stm32cube.ide.mcu.externaltools.gnu-tools-for-stm32.10.3-2021.10.win32_1.0.0.202111181127/tools/bin/../lib/gcc/arm-none-eabi/10.3.1/../../../../arm-none-eabi/lib/thumb/v8-m.main+fp/hard\libc_nano.a(lib_a-errno.o)
                0x000000000800a514                __errno
 .text.__libc_init_array
                0x000000000800a520       0x48 d:/software/cubeide/stm32cubeide_1.8.0/stm32cubeide/plugins/com.st.stm32cube.ide.mcu.externaltools.gnu-tools-for-stm32.10.3-2021.10.win32_1.0.0.202111181127/tools/bin/../lib/gcc/arm-none-eabi/10.3.1/../../../../arm-none-eabi/lib/thumb/v8-m.main+fp/hard\libc_nano.a(lib_a-init.o)
                0x000000000800a520                __libc_init_array
 .text.memset   0x000000000800a568       0x10 d:/software/cubeide/stm32cubeide_1.8.0/stm32cubeide/plugins/com.st.stm32cube.ide.mcu.externaltools.gnu-tools-for-stm32.10.3-2021.10.win32_1.0.0.202111181127/tools/bin/../lib/gcc/arm-none-eabi/10.3.1/../../../../arm-none-eabi/lib/thumb/v8-m.main+fp/hard\libc_nano.a(lib_a-memset.o)
                0x000000000800a568                memset
 .text.__cvt    0x000000000800a578       0xc4 d:/software/cubeide/stm32cubeide_1.8.0/stm32cubeide/plugins/com.st.stm32cube.ide.mcu.externaltools.gnu-tools-for-stm32.10.3-2021.10.win32_1.0.0.202111181127/tools/bin/../lib/gcc/arm-none-eabi/10.3.1/../../../../arm-none-eabi/lib/thumb/v8-m.main+fp/hard\libc_nano.a(lib_a-nano-vfprintf_float.o)
                0x000000000800a578                __cvt
 .text.__exponent
                0x000000000800a63c       0x7c d:/software/cubeide/stm32cubeide_1.8.0/stm32cubeide/plugins/com.st.stm32cube.ide.mcu.externaltools.gnu-tools-for-stm32.10.3-2021.10.win32_1.0.0.202111181127/tools/bin/../lib/gcc/arm-none-eabi/10.3.1/../../../../arm-none-eabi/lib/thumb/v8-m.main+fp/hard\libc_nano.a(lib_a-nano-vfprintf_float.o)
                0x000000000800a63c                __exponent
 .text._printf_float
                0x000000000800a6b8      0x46c d:/software/cubeide/stm32cubeide_1.8.0/stm32cubeide/plugins/com.st.stm32cube.ide.mcu.externaltools.gnu-tools-for-stm32.10.3-2021.10.win32_1.0.0.202111181127/tools/bin/../lib/gcc/arm-none-eabi/10.3.1/../../../../arm-none-eabi/lib/thumb/v8-m.main+fp/hard\libc_nano.a(lib_a-nano-vfprintf_float.o)
                0x000000000800a6b8                _printf_float
 .text._printf_common
                0x000000000800ab24       0xe0 d:/software/cubeide/stm32cubeide_1.8.0/stm32cubeide/plugins/com.st.stm32cube.ide.mcu.externaltools.gnu-tools-for-stm32.10.3-2021.10.win32_1.0.0.202111181127/tools/bin/../lib/gcc/arm-none-eabi/10.3.1/../../../../arm-none-eabi/lib/thumb/v8-m.main+fp/hard\libc_nano.a(lib_a-nano-vfprintf_i.o)
                0x000000000800ab24                _printf_common
 .text._printf_i
                0x000000000800ac04      0x24c d:/software/cubeide/stm32cubeide_1.8.0/stm32cubeide/plugins/com.st.stm32cube.ide.mcu.externaltools.gnu-tools-for-stm32.10.3-2021.10.win32_1.0.0.202111181127/tools/bin/../lib/gcc/arm-none-eabi/10.3.1/../../../../arm-none-eabi/lib/thumb/v8-m.main+fp/hard\libc_nano.a(lib_a-nano-vfprintf_i.o)
                0x000000000800ac04                _printf_i
 .text.sprintf  0x000000000800ae50       0x40 d:/software/cubeide/stm32cubeide_1.8.0/stm32cubeide/plugins/com.st.stm32cube.ide.mcu.externaltools.gnu-tools-for-stm32.10.3-2021.10.win32_1.0.0.202111181127/tools/bin/../lib/gcc/arm-none-eabi/10.3.1/../../../../arm-none-eabi/lib/thumb/v8-m.main+fp/hard\libc_nano.a(lib_a-sprintf.o)
                0x000000000800ae50                siprintf
                0x000000000800ae50                sprintf
 .text.strcat   0x000000000800ae90       0x1e d:/software/cubeide/stm32cubeide_1.8.0/stm32cubeide/plugins/com.st.stm32cube.ide.mcu.externaltools.gnu-tools-for-stm32.10.3-2021.10.win32_1.0.0.202111181127/tools/bin/../lib/gcc/arm-none-eabi/10.3.1/../../../../arm-none-eabi/lib/thumb/v8-m.main+fp/hard\libc_nano.a(lib_a-strcat.o)
                0x000000000800ae90                strcat
 .text.quorem   0x000000000800aeae      0x122 d:/software/cubeide/stm32cubeide_1.8.0/stm32cubeide/plugins/com.st.stm32cube.ide.mcu.externaltools.gnu-tools-for-stm32.10.3-2021.10.win32_1.0.0.202111181127/tools/bin/../lib/gcc/arm-none-eabi/10.3.1/../../../../arm-none-eabi/lib/thumb/v8-m.main+fp/hard\libc_nano.a(lib_a-dtoa.o)
 .text._dtoa_r  0x000000000800afd0      0xbd8 d:/software/cubeide/stm32cubeide_1.8.0/stm32cubeide/plugins/com.st.stm32cube.ide.mcu.externaltools.gnu-tools-for-stm32.10.3-2021.10.win32_1.0.0.202111181127/tools/bin/../lib/gcc/arm-none-eabi/10.3.1/../../../../arm-none-eabi/lib/thumb/v8-m.main+fp/hard\libc_nano.a(lib_a-dtoa.o)
                0x000000000800afd0                _dtoa_r
 .text._localeconv_r
                0x000000000800bba8        0x8 d:/software/cubeide/stm32cubeide_1.8.0/stm32cubeide/plugins/com.st.stm32cube.ide.mcu.externaltools.gnu-tools-for-stm32.10.3-2021.10.win32_1.0.0.202111181127/tools/bin/../lib/gcc/arm-none-eabi/10.3.1/../../../../arm-none-eabi/lib/thumb/v8-m.main+fp/hard\libc_nano.a(lib_a-localeconv.o)
                0x000000000800bba8                _localeconv_r
 .text.malloc   0x000000000800bbb0       0x10 d:/software/cubeide/stm32cubeide_1.8.0/stm32cubeide/plugins/com.st.stm32cube.ide.mcu.externaltools.gnu-tools-for-stm32.10.3-2021.10.win32_1.0.0.202111181127/tools/bin/../lib/gcc/arm-none-eabi/10.3.1/../../../../arm-none-eabi/lib/thumb/v8-m.main+fp/hard\libc_nano.a(lib_a-malloc.o)
                0x000000000800bbb0                malloc
 .text.memchr   0x000000000800bbc0       0x1c d:/software/cubeide/stm32cubeide_1.8.0/stm32cubeide/plugins/com.st.stm32cube.ide.mcu.externaltools.gnu-tools-for-stm32.10.3-2021.10.win32_1.0.0.202111181127/tools/bin/../lib/gcc/arm-none-eabi/10.3.1/../../../../arm-none-eabi/lib/thumb/v8-m.main+fp/hard\libc_nano.a(lib_a-memchr-stub.o)
                0x000000000800bbc0                memchr
 .text.memcpy   0x000000000800bbdc       0x1a d:/software/cubeide/stm32cubeide_1.8.0/stm32cubeide/plugins/com.st.stm32cube.ide.mcu.externaltools.gnu-tools-for-stm32.10.3-2021.10.win32_1.0.0.202111181127/tools/bin/../lib/gcc/arm-none-eabi/10.3.1/../../../../arm-none-eabi/lib/thumb/v8-m.main+fp/hard\libc_nano.a(lib_a-memcpy-stub.o)
                0x000000000800bbdc                memcpy
 *fill*         0x000000000800bbf6        0x2 
 .text._Balloc  0x000000000800bbf8       0x80 d:/software/cubeide/stm32cubeide_1.8.0/stm32cubeide/plugins/com.st.stm32cube.ide.mcu.externaltools.gnu-tools-for-stm32.10.3-2021.10.win32_1.0.0.202111181127/tools/bin/../lib/gcc/arm-none-eabi/10.3.1/../../../../arm-none-eabi/lib/thumb/v8-m.main+fp/hard\libc_nano.a(lib_a-mprec.o)
                0x000000000800bbf8                _Balloc
 .text._Bfree   0x000000000800bc78       0x44 d:/software/cubeide/stm32cubeide_1.8.0/stm32cubeide/plugins/com.st.stm32cube.ide.mcu.externaltools.gnu-tools-for-stm32.10.3-2021.10.win32_1.0.0.202111181127/tools/bin/../lib/gcc/arm-none-eabi/10.3.1/../../../../arm-none-eabi/lib/thumb/v8-m.main+fp/hard\libc_nano.a(lib_a-mprec.o)
                0x000000000800bc78                _Bfree
 .text.__multadd
                0x000000000800bcbc       0x90 d:/software/cubeide/stm32cubeide_1.8.0/stm32cubeide/plugins/com.st.stm32cube.ide.mcu.externaltools.gnu-tools-for-stm32.10.3-2021.10.win32_1.0.0.202111181127/tools/bin/../lib/gcc/arm-none-eabi/10.3.1/../../../../arm-none-eabi/lib/thumb/v8-m.main+fp/hard\libc_nano.a(lib_a-mprec.o)
                0x000000000800bcbc                __multadd
 .text.__hi0bits
                0x000000000800bd4c       0x40 d:/software/cubeide/stm32cubeide_1.8.0/stm32cubeide/plugins/com.st.stm32cube.ide.mcu.externaltools.gnu-tools-for-stm32.10.3-2021.10.win32_1.0.0.202111181127/tools/bin/../lib/gcc/arm-none-eabi/10.3.1/../../../../arm-none-eabi/lib/thumb/v8-m.main+fp/hard\libc_nano.a(lib_a-mprec.o)
                0x000000000800bd4c                __hi0bits
 .text.__lo0bits
                0x000000000800bd8c       0x5e d:/software/cubeide/stm32cubeide_1.8.0/stm32cubeide/plugins/com.st.stm32cube.ide.mcu.externaltools.gnu-tools-for-stm32.10.3-2021.10.win32_1.0.0.202111181127/tools/bin/../lib/gcc/arm-none-eabi/10.3.1/../../../../arm-none-eabi/lib/thumb/v8-m.main+fp/hard\libc_nano.a(lib_a-mprec.o)
                0x000000000800bd8c                __lo0bits
 *fill*         0x000000000800bdea        0x2 
 .text.__i2b    0x000000000800bdec       0x2c d:/software/cubeide/stm32cubeide_1.8.0/stm32cubeide/plugins/com.st.stm32cube.ide.mcu.externaltools.gnu-tools-for-stm32.10.3-2021.10.win32_1.0.0.202111181127/tools/bin/../lib/gcc/arm-none-eabi/10.3.1/../../../../arm-none-eabi/lib/thumb/v8-m.main+fp/hard\libc_nano.a(lib_a-mprec.o)
                0x000000000800bdec                __i2b
 .text.__multiply
                0x000000000800be18      0x150 d:/software/cubeide/stm32cubeide_1.8.0/stm32cubeide/plugins/com.st.stm32cube.ide.mcu.externaltools.gnu-tools-for-stm32.10.3-2021.10.win32_1.0.0.202111181127/tools/bin/../lib/gcc/arm-none-eabi/10.3.1/../../../../arm-none-eabi/lib/thumb/v8-m.main+fp/hard\libc_nano.a(lib_a-mprec.o)
                0x000000000800be18                __multiply
 .text.__pow5mult
                0x000000000800bf68       0xb4 d:/software/cubeide/stm32cubeide_1.8.0/stm32cubeide/plugins/com.st.stm32cube.ide.mcu.externaltools.gnu-tools-for-stm32.10.3-2021.10.win32_1.0.0.202111181127/tools/bin/../lib/gcc/arm-none-eabi/10.3.1/../../../../arm-none-eabi/lib/thumb/v8-m.main+fp/hard\libc_nano.a(lib_a-mprec.o)
                0x000000000800bf68                __pow5mult
 .text.__lshift
                0x000000000800c01c       0xe0 d:/software/cubeide/stm32cubeide_1.8.0/stm32cubeide/plugins/com.st.stm32cube.ide.mcu.externaltools.gnu-tools-for-stm32.10.3-2021.10.win32_1.0.0.202111181127/tools/bin/../lib/gcc/arm-none-eabi/10.3.1/../../../../arm-none-eabi/lib/thumb/v8-m.main+fp/hard\libc_nano.a(lib_a-mprec.o)
                0x000000000800c01c                __lshift
 .text.__mcmp   0x000000000800c0fc       0x38 d:/software/cubeide/stm32cubeide_1.8.0/stm32cubeide/plugins/com.st.stm32cube.ide.mcu.externaltools.gnu-tools-for-stm32.10.3-2021.10.win32_1.0.0.202111181127/tools/bin/../lib/gcc/arm-none-eabi/10.3.1/../../../../arm-none-eabi/lib/thumb/v8-m.main+fp/hard\libc_nano.a(lib_a-mprec.o)
                0x000000000800c0fc                __mcmp
 .text.__mdiff  0x000000000800c134      0x120 d:/software/cubeide/stm32cubeide_1.8.0/stm32cubeide/plugins/com.st.stm32cube.ide.mcu.externaltools.gnu-tools-for-stm32.10.3-2021.10.win32_1.0.0.202111181127/tools/bin/../lib/gcc/arm-none-eabi/10.3.1/../../../../arm-none-eabi/lib/thumb/v8-m.main+fp/hard\libc_nano.a(lib_a-mprec.o)
                0x000000000800c134                __mdiff
 .text.__d2b    0x000000000800c254       0xb8 d:/software/cubeide/stm32cubeide_1.8.0/stm32cubeide/plugins/com.st.stm32cube.ide.mcu.externaltools.gnu-tools-for-stm32.10.3-2021.10.win32_1.0.0.202111181127/tools/bin/../lib/gcc/arm-none-eabi/10.3.1/../../../../arm-none-eabi/lib/thumb/v8-m.main+fp/hard\libc_nano.a(lib_a-mprec.o)
                0x000000000800c254                __d2b
 .text._calloc_r
                0x000000000800c30c       0x2c d:/software/cubeide/stm32cubeide_1.8.0/stm32cubeide/plugins/com.st.stm32cube.ide.mcu.externaltools.gnu-tools-for-stm32.10.3-2021.10.win32_1.0.0.202111181127/tools/bin/../lib/gcc/arm-none-eabi/10.3.1/../../../../arm-none-eabi/lib/thumb/v8-m.main+fp/hard\libc_nano.a(lib_a-nano-callocr.o)
                0x000000000800c30c                _calloc_r
 .text._free_r  0x000000000800c338       0x98 d:/software/cubeide/stm32cubeide_1.8.0/stm32cubeide/plugins/com.st.stm32cube.ide.mcu.externaltools.gnu-tools-for-stm32.10.3-2021.10.win32_1.0.0.202111181127/tools/bin/../lib/gcc/arm-none-eabi/10.3.1/../../../../arm-none-eabi/lib/thumb/v8-m.main+fp/hard\libc_nano.a(lib_a-nano-freer.o)
                0x000000000800c338                _free_r
 .text.sbrk_aligned
                0x000000000800c3d0       0x40 d:/software/cubeide/stm32cubeide_1.8.0/stm32cubeide/plugins/com.st.stm32cube.ide.mcu.externaltools.gnu-tools-for-stm32.10.3-2021.10.win32_1.0.0.202111181127/tools/bin/../lib/gcc/arm-none-eabi/10.3.1/../../../../arm-none-eabi/lib/thumb/v8-m.main+fp/hard\libc_nano.a(lib_a-nano-mallocr.o)
 .text._malloc_r
                0x000000000800c410       0xe8 d:/software/cubeide/stm32cubeide_1.8.0/stm32cubeide/plugins/com.st.stm32cube.ide.mcu.externaltools.gnu-tools-for-stm32.10.3-2021.10.win32_1.0.0.202111181127/tools/bin/../lib/gcc/arm-none-eabi/10.3.1/../../../../arm-none-eabi/lib/thumb/v8-m.main+fp/hard\libc_nano.a(lib_a-nano-mallocr.o)
                0x000000000800c410                _malloc_r
 .text.__ssputs_r
                0x000000000800c4f8       0xb6 d:/software/cubeide/stm32cubeide_1.8.0/stm32cubeide/plugins/com.st.stm32cube.ide.mcu.externaltools.gnu-tools-for-stm32.10.3-2021.10.win32_1.0.0.202111181127/tools/bin/../lib/gcc/arm-none-eabi/10.3.1/../../../../arm-none-eabi/lib/thumb/v8-m.main+fp/hard\libc_nano.a(lib_a-nano-svfprintf.o)
                0x000000000800c4f8                __ssputs_r
 *fill*         0x000000000800c5ae        0x2 
 .text._svfprintf_r
                0x000000000800c5b0      0x200 d:/software/cubeide/stm32cubeide_1.8.0/stm32cubeide/plugins/com.st.stm32cube.ide.mcu.externaltools.gnu-tools-for-stm32.10.3-2021.10.win32_1.0.0.202111181127/tools/bin/../lib/gcc/arm-none-eabi/10.3.1/../../../../arm-none-eabi/lib/thumb/v8-m.main+fp/hard\libc_nano.a(lib_a-nano-svfprintf.o)
                0x000000000800c5b0                _svfiprintf_r
                0x000000000800c5b0                _svfprintf_r
 .text._sbrk_r  0x000000000800c7b0       0x20 d:/software/cubeide/stm32cubeide_1.8.0/stm32cubeide/plugins/com.st.stm32cube.ide.mcu.externaltools.gnu-tools-for-stm32.10.3-2021.10.win32_1.0.0.202111181127/tools/bin/../lib/gcc/arm-none-eabi/10.3.1/../../../../arm-none-eabi/lib/thumb/v8-m.main+fp/hard\libc_nano.a(lib_a-sbrkr.o)
                0x000000000800c7b0                _sbrk_r
 .text.__assert_func
                0x000000000800c7d0       0x3c d:/software/cubeide/stm32cubeide_1.8.0/stm32cubeide/plugins/com.st.stm32cube.ide.mcu.externaltools.gnu-tools-for-stm32.10.3-2021.10.win32_1.0.0.202111181127/tools/bin/../lib/gcc/arm-none-eabi/10.3.1/../../../../arm-none-eabi/lib/thumb/v8-m.main+fp/hard\libc_nano.a(lib_a-assert.o)
                0x000000000800c7d0                __assert_func
 .text.fprintf  0x000000000800c80c       0x24 d:/software/cubeide/stm32cubeide_1.8.0/stm32cubeide/plugins/com.st.stm32cube.ide.mcu.externaltools.gnu-tools-for-stm32.10.3-2021.10.win32_1.0.0.202111181127/tools/bin/../lib/gcc/arm-none-eabi/10.3.1/../../../../arm-none-eabi/lib/thumb/v8-m.main+fp/hard\libc_nano.a(lib_a-fprintf.o)
                0x000000000800c80c                fiprintf
                0x000000000800c80c                fprintf
 .text.__ascii_mbtowc
                0x000000000800c830       0x24 d:/software/cubeide/stm32cubeide_1.8.0/stm32cubeide/plugins/com.st.stm32cube.ide.mcu.externaltools.gnu-tools-for-stm32.10.3-2021.10.win32_1.0.0.202111181127/tools/bin/../lib/gcc/arm-none-eabi/10.3.1/../../../../arm-none-eabi/lib/thumb/v8-m.main+fp/hard\libc_nano.a(lib_a-mbtowc_r.o)
                0x000000000800c830                __ascii_mbtowc
 .text.memmove  0x000000000800c854       0x34 d:/software/cubeide/stm32cubeide_1.8.0/stm32cubeide/plugins/com.st.stm32cube.ide.mcu.externaltools.gnu-tools-for-stm32.10.3-2021.10.win32_1.0.0.202111181127/tools/bin/../lib/gcc/arm-none-eabi/10.3.1/../../../../arm-none-eabi/lib/thumb/v8-m.main+fp/hard\libc_nano.a(lib_a-memmove.o)
                0x000000000800c854                memmove
 .text.__malloc_lock
                0x000000000800c888        0xc d:/software/cubeide/stm32cubeide_1.8.0/stm32cubeide/plugins/com.st.stm32cube.ide.mcu.externaltools.gnu-tools-for-stm32.10.3-2021.10.win32_1.0.0.202111181127/tools/bin/../lib/gcc/arm-none-eabi/10.3.1/../../../../arm-none-eabi/lib/thumb/v8-m.main+fp/hard\libc_nano.a(lib_a-mlock.o)
                0x000000000800c888                __malloc_lock
 .text.__malloc_unlock
                0x000000000800c894        0xc d:/software/cubeide/stm32cubeide_1.8.0/stm32cubeide/plugins/com.st.stm32cube.ide.mcu.externaltools.gnu-tools-for-stm32.10.3-2021.10.win32_1.0.0.202111181127/tools/bin/../lib/gcc/arm-none-eabi/10.3.1/../../../../arm-none-eabi/lib/thumb/v8-m.main+fp/hard\libc_nano.a(lib_a-mlock.o)
                0x000000000800c894                __malloc_unlock
 .text._realloc_r
                0x000000000800c8a0       0x5e d:/software/cubeide/stm32cubeide_1.8.0/stm32cubeide/plugins/com.st.stm32cube.ide.mcu.externaltools.gnu-tools-for-stm32.10.3-2021.10.win32_1.0.0.202111181127/tools/bin/../lib/gcc/arm-none-eabi/10.3.1/../../../../arm-none-eabi/lib/thumb/v8-m.main+fp/hard\libc_nano.a(lib_a-nano-reallocr.o)
                0x000000000800c8a0                _realloc_r
 .text.__sfputc_r
                0x000000000800c8fe       0x2e d:/software/cubeide/stm32cubeide_1.8.0/stm32cubeide/plugins/com.st.stm32cube.ide.mcu.externaltools.gnu-tools-for-stm32.10.3-2021.10.win32_1.0.0.202111181127/tools/bin/../lib/gcc/arm-none-eabi/10.3.1/../../../../arm-none-eabi/lib/thumb/v8-m.main+fp/hard\libc_nano.a(lib_a-nano-vfprintf.o)
 .text.__sfputs_r
                0x000000000800c92c       0x24 d:/software/cubeide/stm32cubeide_1.8.0/stm32cubeide/plugins/com.st.stm32cube.ide.mcu.externaltools.gnu-tools-for-stm32.10.3-2021.10.win32_1.0.0.202111181127/tools/bin/../lib/gcc/arm-none-eabi/10.3.1/../../../../arm-none-eabi/lib/thumb/v8-m.main+fp/hard\libc_nano.a(lib_a-nano-vfprintf.o)
                0x000000000800c92c                __sfputs_r
 .text._vfprintf_r
                0x000000000800c950      0x260 d:/software/cubeide/stm32cubeide_1.8.0/stm32cubeide/plugins/com.st.stm32cube.ide.mcu.externaltools.gnu-tools-for-stm32.10.3-2021.10.win32_1.0.0.202111181127/tools/bin/../lib/gcc/arm-none-eabi/10.3.1/../../../../arm-none-eabi/lib/thumb/v8-m.main+fp/hard\libc_nano.a(lib_a-nano-vfprintf.o)
                0x000000000800c950                _vfprintf_r
                0x000000000800c950                _vfiprintf_r
 .text.__swbuf_r
                0x000000000800cbb0       0xa4 d:/software/cubeide/stm32cubeide_1.8.0/stm32cubeide/plugins/com.st.stm32cube.ide.mcu.externaltools.gnu-tools-for-stm32.10.3-2021.10.win32_1.0.0.202111181127/tools/bin/../lib/gcc/arm-none-eabi/10.3.1/../../../../arm-none-eabi/lib/thumb/v8-m.main+fp/hard\libc_nano.a(lib_a-wbuf.o)
                0x000000000800cbb0                __swbuf_r
 .text.__ascii_wctomb
                0x000000000800cc54       0x1a d:/software/cubeide/stm32cubeide_1.8.0/stm32cubeide/plugins/com.st.stm32cube.ide.mcu.externaltools.gnu-tools-for-stm32.10.3-2021.10.win32_1.0.0.202111181127/tools/bin/../lib/gcc/arm-none-eabi/10.3.1/../../../../arm-none-eabi/lib/thumb/v8-m.main+fp/hard\libc_nano.a(lib_a-wctomb_r.o)
                0x000000000800cc54                __ascii_wctomb
 *fill*         0x000000000800cc6e        0x2 
 .text.__swsetup_r
                0x000000000800cc70       0xdc d:/software/cubeide/stm32cubeide_1.8.0/stm32cubeide/plugins/com.st.stm32cube.ide.mcu.externaltools.gnu-tools-for-stm32.10.3-2021.10.win32_1.0.0.202111181127/tools/bin/../lib/gcc/arm-none-eabi/10.3.1/../../../../arm-none-eabi/lib/thumb/v8-m.main+fp/hard\libc_nano.a(lib_a-wsetup.o)
                0x000000000800cc70                __swsetup_r
 .text.abort    0x000000000800cd4c        0xe d:/software/cubeide/stm32cubeide_1.8.0/stm32cubeide/plugins/com.st.stm32cube.ide.mcu.externaltools.gnu-tools-for-stm32.10.3-2021.10.win32_1.0.0.202111181127/tools/bin/../lib/gcc/arm-none-eabi/10.3.1/../../../../arm-none-eabi/lib/thumb/v8-m.main+fp/hard\libc_nano.a(lib_a-abort.o)
                0x000000000800cd4c                abort
 *fill*         0x000000000800cd5a        0x2 
 .text.__sflush_r
                0x000000000800cd5c      0x108 d:/software/cubeide/stm32cubeide_1.8.0/stm32cubeide/plugins/com.st.stm32cube.ide.mcu.externaltools.gnu-tools-for-stm32.10.3-2021.10.win32_1.0.0.202111181127/tools/bin/../lib/gcc/arm-none-eabi/10.3.1/../../../../arm-none-eabi/lib/thumb/v8-m.main+fp/hard\libc_nano.a(lib_a-fflush.o)
                0x000000000800cd5c                __sflush_r
 .text._fflush_r
                0x000000000800ce64       0x78 d:/software/cubeide/stm32cubeide_1.8.0/stm32cubeide/plugins/com.st.stm32cube.ide.mcu.externaltools.gnu-tools-for-stm32.10.3-2021.10.win32_1.0.0.202111181127/tools/bin/../lib/gcc/arm-none-eabi/10.3.1/../../../../arm-none-eabi/lib/thumb/v8-m.main+fp/hard\libc_nano.a(lib_a-fflush.o)
                0x000000000800ce64                _fflush_r
 .text.std      0x000000000800cedc       0x48 d:/software/cubeide/stm32cubeide_1.8.0/stm32cubeide/plugins/com.st.stm32cube.ide.mcu.externaltools.gnu-tools-for-stm32.10.3-2021.10.win32_1.0.0.202111181127/tools/bin/../lib/gcc/arm-none-eabi/10.3.1/../../../../arm-none-eabi/lib/thumb/v8-m.main+fp/hard\libc_nano.a(lib_a-findfp.o)
 .text._cleanup_r
                0x000000000800cf24        0xc d:/software/cubeide/stm32cubeide_1.8.0/stm32cubeide/plugins/com.st.stm32cube.ide.mcu.externaltools.gnu-tools-for-stm32.10.3-2021.10.win32_1.0.0.202111181127/tools/bin/../lib/gcc/arm-none-eabi/10.3.1/../../../../arm-none-eabi/lib/thumb/v8-m.main+fp/hard\libc_nano.a(lib_a-findfp.o)
                0x000000000800cf24                _cleanup_r
 .text.__sfmoreglue
                0x000000000800cf30       0x2c d:/software/cubeide/stm32cubeide_1.8.0/stm32cubeide/plugins/com.st.stm32cube.ide.mcu.externaltools.gnu-tools-for-stm32.10.3-2021.10.win32_1.0.0.202111181127/tools/bin/../lib/gcc/arm-none-eabi/10.3.1/../../../../arm-none-eabi/lib/thumb/v8-m.main+fp/hard\libc_nano.a(lib_a-findfp.o)
                0x000000000800cf30                __sfmoreglue
 .text.__sfp_lock_acquire
                0x000000000800cf5c        0xc d:/software/cubeide/stm32cubeide_1.8.0/stm32cubeide/plugins/com.st.stm32cube.ide.mcu.externaltools.gnu-tools-for-stm32.10.3-2021.10.win32_1.0.0.202111181127/tools/bin/../lib/gcc/arm-none-eabi/10.3.1/../../../../arm-none-eabi/lib/thumb/v8-m.main+fp/hard\libc_nano.a(lib_a-findfp.o)
                0x000000000800cf5c                __sfp_lock_acquire
 .text.__sfp_lock_release
                0x000000000800cf68        0xc d:/software/cubeide/stm32cubeide_1.8.0/stm32cubeide/plugins/com.st.stm32cube.ide.mcu.externaltools.gnu-tools-for-stm32.10.3-2021.10.win32_1.0.0.202111181127/tools/bin/../lib/gcc/arm-none-eabi/10.3.1/../../../../arm-none-eabi/lib/thumb/v8-m.main+fp/hard\libc_nano.a(lib_a-findfp.o)
                0x000000000800cf68                __sfp_lock_release
 .text.__sinit_lock_acquire
                0x000000000800cf74        0xc d:/software/cubeide/stm32cubeide_1.8.0/stm32cubeide/plugins/com.st.stm32cube.ide.mcu.externaltools.gnu-tools-for-stm32.10.3-2021.10.win32_1.0.0.202111181127/tools/bin/../lib/gcc/arm-none-eabi/10.3.1/../../../../arm-none-eabi/lib/thumb/v8-m.main+fp/hard\libc_nano.a(lib_a-findfp.o)
                0x000000000800cf74                __sinit_lock_acquire
 .text.__sinit_lock_release
                0x000000000800cf80        0xc d:/software/cubeide/stm32cubeide_1.8.0/stm32cubeide/plugins/com.st.stm32cube.ide.mcu.externaltools.gnu-tools-for-stm32.10.3-2021.10.win32_1.0.0.202111181127/tools/bin/../lib/gcc/arm-none-eabi/10.3.1/../../../../arm-none-eabi/lib/thumb/v8-m.main+fp/hard\libc_nano.a(lib_a-findfp.o)
                0x000000000800cf80                __sinit_lock_release
 .text.__sinit  0x000000000800cf8c       0x70 d:/software/cubeide/stm32cubeide_1.8.0/stm32cubeide/plugins/com.st.stm32cube.ide.mcu.externaltools.gnu-tools-for-stm32.10.3-2021.10.win32_1.0.0.202111181127/tools/bin/../lib/gcc/arm-none-eabi/10.3.1/../../../../arm-none-eabi/lib/thumb/v8-m.main+fp/hard\libc_nano.a(lib_a-findfp.o)
                0x000000000800cf8c                __sinit
 .text.__sfp    0x000000000800cffc       0x8c d:/software/cubeide/stm32cubeide_1.8.0/stm32cubeide/plugins/com.st.stm32cube.ide.mcu.externaltools.gnu-tools-for-stm32.10.3-2021.10.win32_1.0.0.202111181127/tools/bin/../lib/gcc/arm-none-eabi/10.3.1/../../../../arm-none-eabi/lib/thumb/v8-m.main+fp/hard\libc_nano.a(lib_a-findfp.o)
                0x000000000800cffc                __sfp
 .text._fwalk_reent
                0x000000000800d088       0x3e d:/software/cubeide/stm32cubeide_1.8.0/stm32cubeide/plugins/com.st.stm32cube.ide.mcu.externaltools.gnu-tools-for-stm32.10.3-2021.10.win32_1.0.0.202111181127/tools/bin/../lib/gcc/arm-none-eabi/10.3.1/../../../../arm-none-eabi/lib/thumb/v8-m.main+fp/hard\libc_nano.a(lib_a-fwalk.o)
                0x000000000800d088                _fwalk_reent
 .text.__retarget_lock_init_recursive
                0x000000000800d0c6        0x2 d:/software/cubeide/stm32cubeide_1.8.0/stm32cubeide/plugins/com.st.stm32cube.ide.mcu.externaltools.gnu-tools-for-stm32.10.3-2021.10.win32_1.0.0.202111181127/tools/bin/../lib/gcc/arm-none-eabi/10.3.1/../../../../arm-none-eabi/lib/thumb/v8-m.main+fp/hard\libc_nano.a(lib_a-lock.o)
                0x000000000800d0c6                __retarget_lock_init_recursive
 .text.__retarget_lock_acquire_recursive
                0x000000000800d0c8        0x2 d:/software/cubeide/stm32cubeide_1.8.0/stm32cubeide/plugins/com.st.stm32cube.ide.mcu.externaltools.gnu-tools-for-stm32.10.3-2021.10.win32_1.0.0.202111181127/tools/bin/../lib/gcc/arm-none-eabi/10.3.1/../../../../arm-none-eabi/lib/thumb/v8-m.main+fp/hard\libc_nano.a(lib_a-lock.o)
                0x000000000800d0c8                __retarget_lock_acquire_recursive
 .text.__retarget_lock_release_recursive
                0x000000000800d0ca        0x2 d:/software/cubeide/stm32cubeide_1.8.0/stm32cubeide/plugins/com.st.stm32cube.ide.mcu.externaltools.gnu-tools-for-stm32.10.3-2021.10.win32_1.0.0.202111181127/tools/bin/../lib/gcc/arm-none-eabi/10.3.1/../../../../arm-none-eabi/lib/thumb/v8-m.main+fp/hard\libc_nano.a(lib_a-lock.o)
                0x000000000800d0ca                __retarget_lock_release_recursive
 .text.__swhatbuf_r
                0x000000000800d0cc       0x4a d:/software/cubeide/stm32cubeide_1.8.0/stm32cubeide/plugins/com.st.stm32cube.ide.mcu.externaltools.gnu-tools-for-stm32.10.3-2021.10.win32_1.0.0.202111181127/tools/bin/../lib/gcc/arm-none-eabi/10.3.1/../../../../arm-none-eabi/lib/thumb/v8-m.main+fp/hard\libc_nano.a(lib_a-makebuf.o)
                0x000000000800d0cc                __swhatbuf_r
 *fill*         0x000000000800d116        0x2 
 .text.__smakebuf_r
                0x000000000800d118       0x80 d:/software/cubeide/stm32cubeide_1.8.0/stm32cubeide/plugins/com.st.stm32cube.ide.mcu.externaltools.gnu-tools-for-stm32.10.3-2021.10.win32_1.0.0.202111181127/tools/bin/../lib/gcc/arm-none-eabi/10.3.1/../../../../arm-none-eabi/lib/thumb/v8-m.main+fp/hard\libc_nano.a(lib_a-makebuf.o)
                0x000000000800d118                __smakebuf_r
 .text._malloc_usable_size_r
                0x000000000800d198       0x10 d:/software/cubeide/stm32cubeide_1.8.0/stm32cubeide/plugins/com.st.stm32cube.ide.mcu.externaltools.gnu-tools-for-stm32.10.3-2021.10.win32_1.0.0.202111181127/tools/bin/../lib/gcc/arm-none-eabi/10.3.1/../../../../arm-none-eabi/lib/thumb/v8-m.main+fp/hard\libc_nano.a(lib_a-nano-msizer.o)
                0x000000000800d198                _malloc_usable_size_r
 .text._raise_r
                0x000000000800d1a8       0x50 d:/software/cubeide/stm32cubeide_1.8.0/stm32cubeide/plugins/com.st.stm32cube.ide.mcu.externaltools.gnu-tools-for-stm32.10.3-2021.10.win32_1.0.0.202111181127/tools/bin/../lib/gcc/arm-none-eabi/10.3.1/../../../../arm-none-eabi/lib/thumb/v8-m.main+fp/hard\libc_nano.a(lib_a-signal.o)
                0x000000000800d1a8                _raise_r
 .text.raise    0x000000000800d1f8       0x10 d:/software/cubeide/stm32cubeide_1.8.0/stm32cubeide/plugins/com.st.stm32cube.ide.mcu.externaltools.gnu-tools-for-stm32.10.3-2021.10.win32_1.0.0.202111181127/tools/bin/../lib/gcc/arm-none-eabi/10.3.1/../../../../arm-none-eabi/lib/thumb/v8-m.main+fp/hard\libc_nano.a(lib_a-signal.o)
                0x000000000800d1f8                raise
 .text._kill_r  0x000000000800d208       0x24 d:/software/cubeide/stm32cubeide_1.8.0/stm32cubeide/plugins/com.st.stm32cube.ide.mcu.externaltools.gnu-tools-for-stm32.10.3-2021.10.win32_1.0.0.202111181127/tools/bin/../lib/gcc/arm-none-eabi/10.3.1/../../../../arm-none-eabi/lib/thumb/v8-m.main+fp/hard\libc_nano.a(lib_a-signalr.o)
                0x000000000800d208                _kill_r
 .text._getpid_r
                0x000000000800d22c        0x4 d:/software/cubeide/stm32cubeide_1.8.0/stm32cubeide/plugins/com.st.stm32cube.ide.mcu.externaltools.gnu-tools-for-stm32.10.3-2021.10.win32_1.0.0.202111181127/tools/bin/../lib/gcc/arm-none-eabi/10.3.1/../../../../arm-none-eabi/lib/thumb/v8-m.main+fp/hard\libc_nano.a(lib_a-signalr.o)
                0x000000000800d22c                _getpid_r
 .text.__sread  0x000000000800d230       0x22 d:/software/cubeide/stm32cubeide_1.8.0/stm32cubeide/plugins/com.st.stm32cube.ide.mcu.externaltools.gnu-tools-for-stm32.10.3-2021.10.win32_1.0.0.202111181127/tools/bin/../lib/gcc/arm-none-eabi/10.3.1/../../../../arm-none-eabi/lib/thumb/v8-m.main+fp/hard\libc_nano.a(lib_a-stdio.o)
                0x000000000800d230                __sread
 .text.__swrite
                0x000000000800d252       0x38 d:/software/cubeide/stm32cubeide_1.8.0/stm32cubeide/plugins/com.st.stm32cube.ide.mcu.externaltools.gnu-tools-for-stm32.10.3-2021.10.win32_1.0.0.202111181127/tools/bin/../lib/gcc/arm-none-eabi/10.3.1/../../../../arm-none-eabi/lib/thumb/v8-m.main+fp/hard\libc_nano.a(lib_a-stdio.o)
                0x000000000800d252                __swrite
 .text.__sseek  0x000000000800d28a       0x24 d:/software/cubeide/stm32cubeide_1.8.0/stm32cubeide/plugins/com.st.stm32cube.ide.mcu.externaltools.gnu-tools-for-stm32.10.3-2021.10.win32_1.0.0.202111181127/tools/bin/../lib/gcc/arm-none-eabi/10.3.1/../../../../arm-none-eabi/lib/thumb/v8-m.main+fp/hard\libc_nano.a(lib_a-stdio.o)
                0x000000000800d28a                __sseek
 .text.__sclose
                0x000000000800d2ae        0x8 d:/software/cubeide/stm32cubeide_1.8.0/stm32cubeide/plugins/com.st.stm32cube.ide.mcu.externaltools.gnu-tools-for-stm32.10.3-2021.10.win32_1.0.0.202111181127/tools/bin/../lib/gcc/arm-none-eabi/10.3.1/../../../../arm-none-eabi/lib/thumb/v8-m.main+fp/hard\libc_nano.a(lib_a-stdio.o)
                0x000000000800d2ae                __sclose
 *fill*         0x000000000800d2b6        0x2 
 .text._write_r
                0x000000000800d2b8       0x24 d:/software/cubeide/stm32cubeide_1.8.0/stm32cubeide/plugins/com.st.stm32cube.ide.mcu.externaltools.gnu-tools-for-stm32.10.3-2021.10.win32_1.0.0.202111181127/tools/bin/../lib/gcc/arm-none-eabi/10.3.1/../../../../arm-none-eabi/lib/thumb/v8-m.main+fp/hard\libc_nano.a(lib_a-writer.o)
                0x000000000800d2b8                _write_r
 .text._close_r
                0x000000000800d2dc       0x20 d:/software/cubeide/stm32cubeide_1.8.0/stm32cubeide/plugins/com.st.stm32cube.ide.mcu.externaltools.gnu-tools-for-stm32.10.3-2021.10.win32_1.0.0.202111181127/tools/bin/../lib/gcc/arm-none-eabi/10.3.1/../../../../arm-none-eabi/lib/thumb/v8-m.main+fp/hard\libc_nano.a(lib_a-closer.o)
                0x000000000800d2dc                _close_r
 .text._fstat_r
                0x000000000800d2fc       0x24 d:/software/cubeide/stm32cubeide_1.8.0/stm32cubeide/plugins/com.st.stm32cube.ide.mcu.externaltools.gnu-tools-for-stm32.10.3-2021.10.win32_1.0.0.202111181127/tools/bin/../lib/gcc/arm-none-eabi/10.3.1/../../../../arm-none-eabi/lib/thumb/v8-m.main+fp/hard\libc_nano.a(lib_a-fstatr.o)
                0x000000000800d2fc                _fstat_r
 .text._isatty_r
                0x000000000800d320       0x20 d:/software/cubeide/stm32cubeide_1.8.0/stm32cubeide/plugins/com.st.stm32cube.ide.mcu.externaltools.gnu-tools-for-stm32.10.3-2021.10.win32_1.0.0.202111181127/tools/bin/../lib/gcc/arm-none-eabi/10.3.1/../../../../arm-none-eabi/lib/thumb/v8-m.main+fp/hard\libc_nano.a(lib_a-isattyr.o)
                0x000000000800d320                _isatty_r
 .text._lseek_r
                0x000000000800d340       0x24 d:/software/cubeide/stm32cubeide_1.8.0/stm32cubeide/plugins/com.st.stm32cube.ide.mcu.externaltools.gnu-tools-for-stm32.10.3-2021.10.win32_1.0.0.202111181127/tools/bin/../lib/gcc/arm-none-eabi/10.3.1/../../../../arm-none-eabi/lib/thumb/v8-m.main+fp/hard\libc_nano.a(lib_a-lseekr.o)
                0x000000000800d340                _lseek_r
 .text._read_r  0x000000000800d364       0x24 d:/software/cubeide/stm32cubeide_1.8.0/stm32cubeide/plugins/com.st.stm32cube.ide.mcu.externaltools.gnu-tools-for-stm32.10.3-2021.10.win32_1.0.0.202111181127/tools/bin/../lib/gcc/arm-none-eabi/10.3.1/../../../../arm-none-eabi/lib/thumb/v8-m.main+fp/hard\libc_nano.a(lib_a-readr.o)
                0x000000000800d364                _read_r
 .text.round    0x000000000800d388       0x8c d:/software/cubeide/stm32cubeide_1.8.0/stm32cubeide/plugins/com.st.stm32cube.ide.mcu.externaltools.gnu-tools-for-stm32.10.3-2021.10.win32_1.0.0.202111181127/tools/bin/../lib/gcc/arm-none-eabi/10.3.1/../../../../arm-none-eabi/lib/thumb/v8-m.main+fp/hard\libm.a(lib_a-s_round.o)
                0x000000000800d388                round
 *(.glue_7)
 .glue_7        0x000000000800d414        0x0 linker stubs
 *(.glue_7t)
 .glue_7t       0x000000000800d414        0x0 linker stubs
 *(.eh_frame)
 .eh_frame      0x000000000800d414        0x0 d:/software/cubeide/stm32cubeide_1.8.0/stm32cubeide/plugins/com.st.stm32cube.ide.mcu.externaltools.gnu-tools-for-stm32.10.3-2021.10.win32_1.0.0.202111181127/tools/bin/../lib/gcc/arm-none-eabi/10.3.1/thumb/v8-m.main+fp/hard/crtbegin.o
 *(.init)
 .init          0x000000000800d414        0x4 d:/software/cubeide/stm32cubeide_1.8.0/stm32cubeide/plugins/com.st.stm32cube.ide.mcu.externaltools.gnu-tools-for-stm32.10.3-2021.10.win32_1.0.0.202111181127/tools/bin/../lib/gcc/arm-none-eabi/10.3.1/thumb/v8-m.main+fp/hard/crti.o
                0x000000000800d414                _init
 .init          0x000000000800d418        0x8 d:/software/cubeide/stm32cubeide_1.8.0/stm32cubeide/plugins/com.st.stm32cube.ide.mcu.externaltools.gnu-tools-for-stm32.10.3-2021.10.win32_1.0.0.202111181127/tools/bin/../lib/gcc/arm-none-eabi/10.3.1/thumb/v8-m.main+fp/hard/crtn.o
 *(.fini)
 .fini          0x000000000800d420        0x4 d:/software/cubeide/stm32cubeide_1.8.0/stm32cubeide/plugins/com.st.stm32cube.ide.mcu.externaltools.gnu-tools-for-stm32.10.3-2021.10.win32_1.0.0.202111181127/tools/bin/../lib/gcc/arm-none-eabi/10.3.1/thumb/v8-m.main+fp/hard/crti.o
                0x000000000800d420                _fini
 .fini          0x000000000800d424        0x8 d:/software/cubeide/stm32cubeide_1.8.0/stm32cubeide/plugins/com.st.stm32cube.ide.mcu.externaltools.gnu-tools-for-stm32.10.3-2021.10.win32_1.0.0.202111181127/tools/bin/../lib/gcc/arm-none-eabi/10.3.1/thumb/v8-m.main+fp/hard/crtn.o
                0x000000000800d42c                _etext = .

.vfp11_veneer   0x000000000800d42c        0x0
 .vfp11_veneer  0x000000000800d42c        0x0 linker stubs

.v4_bx          0x000000000800d42c        0x0
 .v4_bx         0x000000000800d42c        0x0 linker stubs

.iplt           0x000000000800d42c        0x0
 .iplt          0x000000000800d42c        0x0 d:/software/cubeide/stm32cubeide_1.8.0/stm32cubeide/plugins/com.st.stm32cube.ide.mcu.externaltools.gnu-tools-for-stm32.10.3-2021.10.win32_1.0.0.202111181127/tools/bin/../lib/gcc/arm-none-eabi/10.3.1/thumb/v8-m.main+fp/hard/crtbegin.o

.rodata         0x000000000800d430      0x844
 *(.rodata)
 .rodata        0x000000000800d430       0xbe ./Core/Src/main.o
 *fill*         0x000000000800d4ee        0x2 
 .rodata        0x000000000800d4f0       0x1a ./lib/comm/comm.o
 *fill*         0x000000000800d50a        0x2 
 .rodata        0x000000000800d50c        0x7 ./lib/debug/debug.o
 *fill*         0x000000000800d513        0x1 
 .rodata        0x000000000800d514      0x12b ./lib/spsgrf/spsgrf.o
 *(.rodata*)
 *fill*         0x000000000800d63f        0x1 
 .rodata.AHBPrescTable
                0x000000000800d640       0x10 ./Core/Src/system_stm32u5xx.o
                0x000000000800d640                AHBPrescTable
 .rodata.APBPrescTable
                0x000000000800d650        0x8 ./Core/Src/system_stm32u5xx.o
                0x000000000800d650                APBPrescTable
 .rodata.MSIRangeTable
                0x000000000800d658       0x40 ./Core/Src/system_stm32u5xx.o
                0x000000000800d658                MSIRangeTable
 .rodata.s_vectcBandRegValue
                0x000000000800d698        0x4 ./Drivers/SPIRIT1_Library/Src/SPIRIT_Management.o
 .rodata.s_vectcBHalfFactor
                0x000000000800d69c        0x4 ./Drivers/SPIRIT1_Library/Src/SPIRIT_Management.o
 .rodata.s_vectcBHalfFactor
                0x000000000800d6a0        0x4 ./Drivers/SPIRIT1_Library/Src/SPIRIT_Radio.o
 .rodata.s_vectcBandRegValue
                0x000000000800d6a4        0x4 ./Drivers/SPIRIT1_Library/Src/SPIRIT_Radio.o
 .rodata.s_vectnBandwidth26M
                0x000000000800d6a8       0xb4 ./Drivers/SPIRIT1_Library/Src/SPIRIT_Radio.o
 .rodata.s_vectnVCOFreq
                0x000000000800d75c       0x20 ./Drivers/SPIRIT1_Library/Src/SPIRIT_Radio.o
 .rodata.fPowerFactors
                0x000000000800d77c       0x78 ./Drivers/SPIRIT1_Library/Src/SPIRIT_Radio.o
 .rodata.LPGPIO_Map
                0x000000000800d7f4       0x80 ./Drivers/STM32U5xx_HAL_Driver/Src/stm32u5xx_hal_gpio.o
 .rodata.UARTPrescTable
                0x000000000800d874       0x18 ./Drivers/STM32U5xx_HAL_Driver/Src/stm32u5xx_hal_uart.o
                0x000000000800d874                UARTPrescTable
 .rodata.numerator.1
                0x000000000800d88c        0x8 ./Drivers/STM32U5xx_HAL_Driver/Src/stm32u5xx_hal_uart_ex.o
 .rodata.denominator.0
                0x000000000800d894        0x8 ./Drivers/STM32U5xx_HAL_Driver/Src/stm32u5xx_hal_uart_ex.o
 .rodata._global_impure_ptr
                0x000000000800d89c        0x4 d:/software/cubeide/stm32cubeide_1.8.0/stm32cubeide/plugins/com.st.stm32cube.ide.mcu.externaltools.gnu-tools-for-stm32.10.3-2021.10.win32_1.0.0.202111181127/tools/bin/../lib/gcc/arm-none-eabi/10.3.1/../../../../arm-none-eabi/lib/thumb/v8-m.main+fp/hard\libc_nano.a(lib_a-impure.o)
                0x000000000800d89c                _global_impure_ptr
 .rodata._printf_float.str1.1
                0x000000000800d8a0       0x12 d:/software/cubeide/stm32cubeide_1.8.0/stm32cubeide/plugins/com.st.stm32cube.ide.mcu.externaltools.gnu-tools-for-stm32.10.3-2021.10.win32_1.0.0.202111181127/tools/bin/../lib/gcc/arm-none-eabi/10.3.1/../../../../arm-none-eabi/lib/thumb/v8-m.main+fp/hard\libc_nano.a(lib_a-nano-vfprintf_float.o)
 .rodata._printf_i.str1.1
                0x000000000800d8b2       0x22 d:/software/cubeide/stm32cubeide_1.8.0/stm32cubeide/plugins/com.st.stm32cube.ide.mcu.externaltools.gnu-tools-for-stm32.10.3-2021.10.win32_1.0.0.202111181127/tools/bin/../lib/gcc/arm-none-eabi/10.3.1/../../../../arm-none-eabi/lib/thumb/v8-m.main+fp/hard\libc_nano.a(lib_a-nano-vfprintf_i.o)
 .rodata._dtoa_r.str1.1
                0x000000000800d8d4       0x90 d:/software/cubeide/stm32cubeide_1.8.0/stm32cubeide/plugins/com.st.stm32cube.ide.mcu.externaltools.gnu-tools-for-stm32.10.3-2021.10.win32_1.0.0.202111181127/tools/bin/../lib/gcc/arm-none-eabi/10.3.1/../../../../arm-none-eabi/lib/thumb/v8-m.main+fp/hard\libc_nano.a(lib_a-dtoa.o)
                                         0x92 (size before relaxing)
 .rodata._Balloc.str1.1
                0x000000000800d964       0x5c d:/software/cubeide/stm32cubeide_1.8.0/stm32cubeide/plugins/com.st.stm32cube.ide.mcu.externaltools.gnu-tools-for-stm32.10.3-2021.10.win32_1.0.0.202111181127/tools/bin/../lib/gcc/arm-none-eabi/10.3.1/../../../../arm-none-eabi/lib/thumb/v8-m.main+fp/hard\libc_nano.a(lib_a-mprec.o)
                                         0x73 (size before relaxing)
 .rodata.__multadd.str1.1
                0x000000000800d9c0       0x11 d:/software/cubeide/stm32cubeide_1.8.0/stm32cubeide/plugins/com.st.stm32cube.ide.mcu.externaltools.gnu-tools-for-stm32.10.3-2021.10.win32_1.0.0.202111181127/tools/bin/../lib/gcc/arm-none-eabi/10.3.1/../../../../arm-none-eabi/lib/thumb/v8-m.main+fp/hard\libc_nano.a(lib_a-mprec.o)
 .rodata.__mprec_bigtens
                0x000000000800d9c0       0x28 d:/software/cubeide/stm32cubeide_1.8.0/stm32cubeide/plugins/com.st.stm32cube.ide.mcu.externaltools.gnu-tools-for-stm32.10.3-2021.10.win32_1.0.0.202111181127/tools/bin/../lib/gcc/arm-none-eabi/10.3.1/../../../../arm-none-eabi/lib/thumb/v8-m.main+fp/hard\libc_nano.a(lib_a-mprec.o)
                0x000000000800d9c0                __mprec_bigtens
 .rodata.__mprec_tens
                0x000000000800d9e8       0xc8 d:/software/cubeide/stm32cubeide_1.8.0/stm32cubeide/plugins/com.st.stm32cube.ide.mcu.externaltools.gnu-tools-for-stm32.10.3-2021.10.win32_1.0.0.202111181127/tools/bin/../lib/gcc/arm-none-eabi/10.3.1/../../../../arm-none-eabi/lib/thumb/v8-m.main+fp/hard\libc_nano.a(lib_a-mprec.o)
                0x000000000800d9e8                __mprec_tens
 .rodata.p05.0  0x000000000800dab0        0xc d:/software/cubeide/stm32cubeide_1.8.0/stm32cubeide/plugins/com.st.stm32cube.ide.mcu.externaltools.gnu-tools-for-stm32.10.3-2021.10.win32_1.0.0.202111181127/tools/bin/../lib/gcc/arm-none-eabi/10.3.1/../../../../arm-none-eabi/lib/thumb/v8-m.main+fp/hard\libc_nano.a(lib_a-mprec.o)
 .rodata._svfprintf_r.str1.1
                0x000000000800dabc       0x11 d:/software/cubeide/stm32cubeide_1.8.0/stm32cubeide/plugins/com.st.stm32cube.ide.mcu.externaltools.gnu-tools-for-stm32.10.3-2021.10.win32_1.0.0.202111181127/tools/bin/../lib/gcc/arm-none-eabi/10.3.1/../../../../arm-none-eabi/lib/thumb/v8-m.main+fp/hard\libc_nano.a(lib_a-nano-svfprintf.o)
 .rodata.__assert_func.str1.1
                0x000000000800dacd       0x3c d:/software/cubeide/stm32cubeide_1.8.0/stm32cubeide/plugins/com.st.stm32cube.ide.mcu.externaltools.gnu-tools-for-stm32.10.3-2021.10.win32_1.0.0.202111181127/tools/bin/../lib/gcc/arm-none-eabi/10.3.1/../../../../arm-none-eabi/lib/thumb/v8-m.main+fp/hard\libc_nano.a(lib_a-assert.o)
                                         0x3d (size before relaxing)
 .rodata._setlocale_r.str1.1
                0x000000000800db09        0x8 d:/software/cubeide/stm32cubeide_1.8.0/stm32cubeide/plugins/com.st.stm32cube.ide.mcu.externaltools.gnu-tools-for-stm32.10.3-2021.10.win32_1.0.0.202111181127/tools/bin/../lib/gcc/arm-none-eabi/10.3.1/../../../../arm-none-eabi/lib/thumb/v8-m.main+fp/hard\libc_nano.a(lib_a-locale.o)
                                          0x9 (size before relaxing)
 .rodata.str1.1
                0x000000000800db11        0x2 d:/software/cubeide/stm32cubeide_1.8.0/stm32cubeide/plugins/com.st.stm32cube.ide.mcu.externaltools.gnu-tools-for-stm32.10.3-2021.10.win32_1.0.0.202111181127/tools/bin/../lib/gcc/arm-none-eabi/10.3.1/../../../../arm-none-eabi/lib/thumb/v8-m.main+fp/hard\libc_nano.a(lib_a-locale.o)
 .rodata._vfprintf_r.str1.1
                0x000000000800db13       0x11 d:/software/cubeide/stm32cubeide_1.8.0/stm32cubeide/plugins/com.st.stm32cube.ide.mcu.externaltools.gnu-tools-for-stm32.10.3-2021.10.win32_1.0.0.202111181127/tools/bin/../lib/gcc/arm-none-eabi/10.3.1/../../../../arm-none-eabi/lib/thumb/v8-m.main+fp/hard\libc_nano.a(lib_a-nano-vfprintf.o)
 .rodata._ctype_
                0x000000000800db13      0x101 d:/software/cubeide/stm32cubeide_1.8.0/stm32cubeide/plugins/com.st.stm32cube.ide.mcu.externaltools.gnu-tools-for-stm32.10.3-2021.10.win32_1.0.0.202111181127/tools/bin/../lib/gcc/arm-none-eabi/10.3.1/../../../../arm-none-eabi/lib/thumb/v8-m.main+fp/hard\libc_nano.a(lib_a-ctype_.o)
                0x000000000800db13                _ctype_
 .rodata.__sf_fake_stderr